Component: ARM Compiler 5.06 update 5 (build 528) Tool: armlink [4d35e2]

==============================================================================

Section Cross References

    startup_stm32f10x_md.o(RESET) refers to startup_stm32f10x_md.o(STACK) for __initial_sp
    startup_stm32f10x_md.o(RESET) refers to startup_stm32f10x_md.o(.text) for Reset_Handler
    startup_stm32f10x_md.o(RESET) refers to stm32f10x_it.o(i.NMI_Handler) for NMI_Handler
    startup_stm32f10x_md.o(RESET) refers to stm32f10x_it.o(i.HardFault_Handler) for HardFault_Handler
    startup_stm32f10x_md.o(RESET) refers to stm32f10x_it.o(i.MemManage_Handler) for MemManage_Handler
    startup_stm32f10x_md.o(RESET) refers to stm32f10x_it.o(i.BusFault_Handler) for BusFault_Handler
    startup_stm32f10x_md.o(RESET) refers to stm32f10x_it.o(i.UsageFault_Handler) for UsageFault_Handler
    startup_stm32f10x_md.o(RESET) refers to stm32f10x_it.o(i.SVC_Handler) for SVC_Handler
    startup_stm32f10x_md.o(RESET) refers to stm32f10x_it.o(i.DebugMon_Handler) for DebugMon_Handler
    startup_stm32f10x_md.o(RESET) refers to stm32f10x_it.o(i.PendSV_Handler) for PendSV_Handler
    startup_stm32f10x_md.o(RESET) refers to stm32f10x_it.o(i.SysTick_Handler) for SysTick_Handler
    startup_stm32f10x_md.o(RESET) refers to key.o(i.EXTI0_IRQHandler) for EXTI0_IRQHandler
    startup_stm32f10x_md.o(RESET) refers to usart.o(i.USART2_IRQHandler) for USART2_IRQHandler
    startup_stm32f10x_md.o(.text) refers to system_stm32f10x.o(i.SystemInit) for SystemInit
    startup_stm32f10x_md.o(.text) refers to entry.o(.ARM.Collect$$$$00000000) for __main
    system_stm32f10x.o(i.SetSysClock) refers to system_stm32f10x.o(i.SetSysClockTo72) for SetSysClockTo72
    system_stm32f10x.o(i.SystemCoreClockUpdate) refers to system_stm32f10x.o(.data) for SystemCoreClock
    system_stm32f10x.o(i.SystemInit) refers to system_stm32f10x.o(i.SetSysClock) for SetSysClock
    stm32f10x_adc.o(i.ADC_DeInit) refers to stm32f10x_rcc.o(i.RCC_APB2PeriphResetCmd) for RCC_APB2PeriphResetCmd
    stm32f10x_bkp.o(i.BKP_DeInit) refers to stm32f10x_rcc.o(i.RCC_BackupResetCmd) for RCC_BackupResetCmd
    stm32f10x_can.o(i.CAN_DeInit) refers to stm32f10x_rcc.o(i.RCC_APB1PeriphResetCmd) for RCC_APB1PeriphResetCmd
    stm32f10x_can.o(i.CAN_GetITStatus) refers to stm32f10x_can.o(i.CheckITStatus) for CheckITStatus
    stm32f10x_cec.o(i.CEC_DeInit) refers to stm32f10x_rcc.o(i.RCC_APB1PeriphResetCmd) for RCC_APB1PeriphResetCmd
    stm32f10x_dac.o(i.DAC_DeInit) refers to stm32f10x_rcc.o(i.RCC_APB1PeriphResetCmd) for RCC_APB1PeriphResetCmd
    stm32f10x_flash.o(i.FLASH_EnableWriteProtection) refers to stm32f10x_flash.o(i.FLASH_WaitForLastOperation) for FLASH_WaitForLastOperation
    stm32f10x_flash.o(i.FLASH_EraseAllBank1Pages) refers to stm32f10x_flash.o(i.FLASH_WaitForLastBank1Operation) for FLASH_WaitForLastBank1Operation
    stm32f10x_flash.o(i.FLASH_EraseAllPages) refers to stm32f10x_flash.o(i.FLASH_WaitForLastOperation) for FLASH_WaitForLastOperation
    stm32f10x_flash.o(i.FLASH_EraseOptionBytes) refers to stm32f10x_flash.o(i.FLASH_GetReadOutProtectionStatus) for FLASH_GetReadOutProtectionStatus
    stm32f10x_flash.o(i.FLASH_EraseOptionBytes) refers to stm32f10x_flash.o(i.FLASH_WaitForLastOperation) for FLASH_WaitForLastOperation
    stm32f10x_flash.o(i.FLASH_ErasePage) refers to stm32f10x_flash.o(i.FLASH_WaitForLastOperation) for FLASH_WaitForLastOperation
    stm32f10x_flash.o(i.FLASH_ProgramHalfWord) refers to stm32f10x_flash.o(i.FLASH_WaitForLastOperation) for FLASH_WaitForLastOperation
    stm32f10x_flash.o(i.FLASH_ProgramOptionByteData) refers to stm32f10x_flash.o(i.FLASH_WaitForLastOperation) for FLASH_WaitForLastOperation
    stm32f10x_flash.o(i.FLASH_ProgramWord) refers to stm32f10x_flash.o(i.FLASH_WaitForLastOperation) for FLASH_WaitForLastOperation
    stm32f10x_flash.o(i.FLASH_ReadOutProtection) refers to stm32f10x_flash.o(i.FLASH_WaitForLastOperation) for FLASH_WaitForLastOperation
    stm32f10x_flash.o(i.FLASH_UserOptionByteConfig) refers to stm32f10x_flash.o(i.FLASH_WaitForLastOperation) for FLASH_WaitForLastOperation
    stm32f10x_flash.o(i.FLASH_WaitForLastBank1Operation) refers to stm32f10x_flash.o(i.FLASH_GetBank1Status) for FLASH_GetBank1Status
    stm32f10x_flash.o(i.FLASH_WaitForLastOperation) refers to stm32f10x_flash.o(i.FLASH_GetBank1Status) for FLASH_GetBank1Status
    stm32f10x_gpio.o(i.GPIO_AFIODeInit) refers to stm32f10x_rcc.o(i.RCC_APB2PeriphResetCmd) for RCC_APB2PeriphResetCmd
    stm32f10x_gpio.o(i.GPIO_DeInit) refers to stm32f10x_rcc.o(i.RCC_APB2PeriphResetCmd) for RCC_APB2PeriphResetCmd
    stm32f10x_i2c.o(i.I2C_DeInit) refers to stm32f10x_rcc.o(i.RCC_APB1PeriphResetCmd) for RCC_APB1PeriphResetCmd
    stm32f10x_i2c.o(i.I2C_Init) refers to stm32f10x_rcc.o(i.RCC_GetClocksFreq) for RCC_GetClocksFreq
    stm32f10x_pwr.o(i.PWR_DeInit) refers to stm32f10x_rcc.o(i.RCC_APB1PeriphResetCmd) for RCC_APB1PeriphResetCmd
[...]
    Removing stm32f10x_sdio.o(i.SDIO_SetPowerState), (28 bytes).
    Removing stm32f10x_sdio.o(i.SDIO_SetSDIOOperation), (12 bytes).
    Removing stm32f10x_sdio.o(i.SDIO_SetSDIOReadWaitMode), (12 bytes).
    Removing stm32f10x_sdio.o(i.SDIO_StartSDIOReadWait), (12 bytes).
    Removing stm32f10x_sdio.o(i.SDIO_StopSDIOReadWait), (12 bytes).
    Removing stm32f10x_sdio.o(i.SDIO_StructInit), (16 bytes).
    Removing stm32f10x_sdio.o(i.SDIO_WriteData), (12 bytes).
    Removing stm32f10x_spi.o(i.I2S_Cmd), (24 bytes).
    Removing stm32f10x_spi.o(i.I2S_Init), (232 bytes).
    Removing stm32f10x_spi.o(i.I2S_StructInit), (20 bytes).
    Removing stm32f10x_spi.o(i.SPI_BiDirectionalLineConfig), (28 bytes).
    Removing stm32f10x_spi.o(i.SPI_CalculateCRC), (24 bytes).
    Removing stm32f10x_spi.o(i.SPI_DataSizeConfig), (18 bytes).
    Removing stm32f10x_spi.o(i.SPI_GetCRC), (16 bytes).
    Removing stm32f10x_spi.o(i.SPI_GetCRCPolynomial), (6 bytes).
    Removing stm32f10x_spi.o(i.SPI_I2S_ClearFlag), (6 bytes).
    Removing stm32f10x_spi.o(i.SPI_I2S_ClearITPendingBit), (20 bytes).
    Removing stm32f10x_spi.o(i.SPI_I2S_DMACmd), (18 bytes).
    Removing stm32f10x_spi.o(i.SPI_I2S_GetITStatus), (52 bytes).
    Removing stm32f10x_spi.o(i.SPI_I2S_ITConfig), (32 bytes).
    Removing stm32f10x_spi.o(i.SPI_NSSInternalSoftwareConfig), (30 bytes).
    Removing stm32f10x_spi.o(i.SPI_SSOutputCmd), (24 bytes).
    Removing stm32f10x_spi.o(i.SPI_StructInit), (24 bytes).
    Removing stm32f10x_spi.o(i.SPI_TransmitCRC), (10 bytes).
    Removing stm32f10x_tim.o(i.TI1_Config), (128 bytes).
    Removing stm32f10x_tim.o(i.TI2_Config), (152 bytes).
    Removing stm32f10x_tim.o(i.TI3_Config), (144 bytes).
    Removing stm32f10x_tim.o(i.TI4_Config), (152 bytes).
    Removing stm32f10x_tim.o(i.TIM_ARRPreloadConfig), (24 bytes).
    Removing stm32f10x_tim.o(i.TIM_BDTRConfig), (32 bytes).
    Removing stm32f10x_tim.o(i.TIM_BDTRStructInit), (18 bytes).
    Removing stm32f10x_tim.o(i.TIM_CCPreloadControl), (24 bytes).
    Removing stm32f10x_tim.o(i.TIM_CCxCmd), (30 bytes).
    Removing stm32f10x_tim.o(i.TIM_CCxNCmd), (30 bytes).
    Removing stm32f10x_tim.o(i.TIM_ClearFlag), (6 bytes).
    Removing stm32f10x_tim.o(i.TIM_ClearITPendingBit), (6 bytes).
    Removing stm32f10x_tim.o(i.TIM_ClearOC1Ref), (18 bytes).
    Removing stm32f10x_tim.o(i.TIM_ClearOC2Ref), (24 bytes).
    Removing stm32f10x_tim.o(i.TIM_ClearOC3Ref), (18 bytes).
    Removing stm32f10x_tim.o(i.TIM_ClearOC4Ref), (24 bytes).
    Removing stm32f10x_tim.o(i.TIM_Cmd), (24 bytes).
    Removing stm32f10x_tim.o(i.TIM_CounterModeConfig), (18 bytes).
    Removing stm32f10x_tim.o(i.TIM_CtrlPWMOutputs), (30 bytes).
    Removing stm32f10x_tim.o(i.TIM_DMACmd), (18 bytes).
    Removing stm32f10x_tim.o(i.TIM_DMAConfig), (10 bytes).
    Removing stm32f10x_tim.o(i.TIM_DeInit), (488 bytes).
    Removing stm32f10x_tim.o(i.TIM_ETRClockMode1Config), (54 bytes).
    Removing stm32f10x_tim.o(i.TIM_ETRClockMode2Config), (32 bytes).
    Removing stm32f10x_tim.o(i.TIM_ETRConfig), (28 bytes).
    Removing stm32f10x_tim.o(i.TIM_EncoderInterfaceConfig), (66 bytes).
    Removing stm32f10x_tim.o(i.TIM_ForcedOC1Config), (18 bytes).
    Removing stm32f10x_tim.o(i.TIM_ForcedOC2Config), (26 bytes).
    Removing stm32f10x_tim.o(i.TIM_ForcedOC3Config), (18 bytes).
    Removing stm32f10x_tim.o(i.TIM_ForcedOC4Config), (26 bytes).
    Removing stm32f10x_tim.o(i.TIM_GenerateEvent), (4 bytes).
    Removing stm32f10x_tim.o(i.TIM_GetCapture1), (6 bytes).
    Removing stm32f10x_tim.o(i.TIM_GetCapture2), (6 bytes).
    Removing stm32f10x_tim.o(i.TIM_GetCapture3), (6 bytes).
    Removing stm32f10x_tim.o(i.TIM_GetCapture4), (8 bytes).
    Removing stm32f10x_tim.o(i.TIM_GetCounter), (6 bytes).
    Removing stm32f10x_tim.o(i.TIM_GetFlagStatus), (18 bytes).
    Removing stm32f10x_tim.o(i.TIM_GetITStatus), (34 bytes).
    Removing stm32f10x_tim.o(i.TIM_GetPrescaler), (6 bytes).
    Removing stm32f10x_tim.o(i.TIM_ICInit), (172 bytes).
    Removing stm32f10x_tim.o(i.TIM_ICStructInit), (18 bytes).
    Removing stm32f10x_tim.o(i.TIM_ITConfig), (18 bytes).
    Removing stm32f10x_tim.o(i.TIM_ITRxExternalClockConfig), (24 bytes).
    Removing stm32f10x_tim.o(i.TIM_InternalClockConfig), (12 bytes).
    Removing stm32f10x_tim.o(i.TIM_OC1FastConfig), (18 bytes).
    Removing stm32f10x_tim.o(i.TIM_OC1Init), (152 bytes).
    Removing stm32f10x_tim.o(i.TIM_OC1NPolarityConfig), (18 bytes).
    Removing stm32f10x_tim.o(i.TIM_OC1PolarityConfig), (18 bytes).
    Removing stm32f10x_tim.o(i.TIM_OC1PreloadConfig), (18 bytes).
    Removing stm32f10x_tim.o(i.TIM_OC2FastConfig), (26 bytes).
    Removing stm32f10x_tim.o(i.TIM_OC2Init), (164 bytes).
    Removing stm32f10x_tim.o(i.TIM_OC2NPolarityConfig), (26 bytes).
    Removing stm32f10x_tim.o(i.TIM_OC2PolarityConfig), (26 bytes).
    Removing stm32f10x_tim.o(i.TIM_OC2PreloadConfig), (26 bytes).
    Removing stm32f10x_tim.o(i.TIM_OC3FastConfig), (18 bytes).
    Removing stm32f10x_tim.o(i.TIM_OC3Init), (160 bytes).
    Removing stm32f10x_tim.o(i.TIM_OC3NPolarityConfig), (26 bytes).
    Removing stm32f10x_tim.o(i.TIM_OC3PolarityConfig), (26 bytes).
    Removing stm32f10x_tim.o(i.TIM_OC3PreloadConfig), (18 bytes).
    Removing stm32f10x_tim.o(i.TIM_OC4FastConfig), (26 bytes).
    Removing stm32f10x_tim.o(i.TIM_OC4Init), (124 bytes).
    Removing stm32f10x_tim.o(i.TIM_OC4PolarityConfig), (26 bytes).
    Removing stm32f10x_tim.o(i.TIM_OC4PreloadConfig), (26 bytes).
    Removing stm32f10x_tim.o(i.TIM_OCStructInit), (20 bytes).
    Removing stm32f10x_tim.o(i.TIM_PWMIConfig), (124 bytes).
    Removing stm32f10x_tim.o(i.TIM_PrescalerConfig), (6 bytes).
    Removing stm32f10x_tim.o(i.TIM_SelectCCDMA), (24 bytes).
    Removing stm32f10x_tim.o(i.TIM_SelectCOM), (24 bytes).
    Removing stm32f10x_tim.o(i.TIM_SelectHallSensor), (24 bytes).
    Removing stm32f10x_tim.o(i.TIM_SelectInputTrigger), (18 bytes).
    Removing stm32f10x_tim.o(i.TIM_SelectMasterSlaveMode), (18 bytes).
    Removing stm32f10x_tim.o(i.TIM_SelectOCxM), (82 bytes).
    Removing stm32f10x_tim.o(i.TIM_SelectOnePulseMode), (18 bytes).
    Removing stm32f10x_tim.o(i.TIM_SelectOutputTrigger), (18 bytes).
    Removing stm32f10x_tim.o(i.TIM_SelectSlaveMode), (18 bytes).
    Removing stm32f10x_tim.o(i.TIM_SetAutoreload), (4 bytes).
    Removing stm32f10x_tim.o(i.TIM_SetClockDivision), (18 bytes).
    Removing stm32f10x_tim.o(i.TIM_SetCompare1), (4 bytes).
    Removing stm32f10x_tim.o(i.TIM_SetCompare2), (4 bytes).
    Removing stm32f10x_tim.o(i.TIM_SetCompare3), (4 bytes).
    Removing stm32f10x_tim.o(i.TIM_SetCompare4), (6 bytes).
    Removing stm32f10x_tim.o(i.TIM_SetCounter), (4 bytes).
    Removing stm32f10x_tim.o(i.TIM_SetIC1Prescaler), (18 bytes).
    Removing stm32f10x_tim.o(i.TIM_SetIC2Prescaler), (26 bytes).
    Removing stm32f10x_tim.o(i.TIM_SetIC3Prescaler), (18 bytes).
    Removing stm32f10x_tim.o(i.TIM_SetIC4Prescaler), (26 bytes).
    Removing stm32f10x_tim.o(i.TIM_TIxExternalClockConfig), (62 bytes).
    Removing stm32f10x_tim.o(i.TIM_TimeBaseInit), (164 bytes).
    Removing stm32f10x_tim.o(i.TIM_TimeBaseStructInit), (18 bytes).
    Removing stm32f10x_tim.o(i.TIM_UpdateDisableConfig), (24 bytes).
    Removing stm32f10x_tim.o(i.TIM_UpdateRequestConfig), (24 bytes).
    Removing stm32f10x_usart.o(i.USART_ClearFlag), (18 bytes).
    Removing stm32f10x_usart.o(i.USART_ClearITPendingBit), (30 bytes).
    Removing stm32f10x_usart.o(i.USART_ClockInit), (34 bytes).
    Removing stm32f10x_usart.o(i.USART_ClockStructInit), (12 bytes).
    Removing stm32f10x_usart.o(i.USART_DMACmd), (18 bytes).
    Removing stm32f10x_usart.o(i.USART_HalfDuplexCmd), (24 bytes).
    Removing stm32f10x_usart.o(i.USART_IrDACmd), (24 bytes).
    Removing stm32f10x_usart.o(i.USART_IrDAConfig), (18 bytes).
    Removing stm32f10x_usart.o(i.USART_LINBreakDetectLengthConfig), (18 bytes).
    Removing stm32f10x_usart.o(i.USART_LINCmd), (24 bytes).
    Removing stm32f10x_usart.o(i.USART_OneBitMethodCmd), (24 bytes).
    Removing stm32f10x_usart.o(i.USART_OverSampling8Cmd), (22 bytes).
    Removing stm32f10x_usart.o(i.USART_ReceiverWakeUpCmd), (24 bytes).
    Removing stm32f10x_usart.o(i.USART_SendBreak), (10 bytes).
    Removing stm32f10x_usart.o(i.USART_SetAddress), (18 bytes).
    Removing stm32f10x_usart.o(i.USART_SetGuardTime), (16 bytes).
    Removing stm32f10x_usart.o(i.USART_SetPrescaler), (16 bytes).
    Removing stm32f10x_usart.o(i.USART_SmartCardCmd), (24 bytes).
    Removing stm32f10x_usart.o(i.USART_SmartCardNACKCmd), (24 bytes).
    Removing stm32f10x_usart.o(i.USART_StructInit), (24 bytes).
    Removing stm32f10x_usart.o(i.USART_WakeUpConfig), (18 bytes).
    Removing stm32f10x_wwdg.o(i.WWDG_ClearFlag), (12 bytes).
    Removing stm32f10x_wwdg.o(i.WWDG_DeInit), (22 bytes).
    Removing stm32f10x_wwdg.o(i.WWDG_Enable), (16 bytes).
    Removing stm32f10x_wwdg.o(i.WWDG_EnableIT), (12 bytes).
    Removing stm32f10x_wwdg.o(i.WWDG_GetFlagStatus), (12 bytes).
    Removing stm32f10x_wwdg.o(i.WWDG_SetCounter), (16 bytes).
    Removing stm32f10x_wwdg.o(i.WWDG_SetPrescaler), (24 bytes).
    Removing stm32f10x_wwdg.o(i.WWDG_SetWindowValue), (40 bytes).
    Removing usart.o(i.CMD_USART_DMA_Init), (136 bytes).
    Removing key.o(i.Key_Init), (116 bytes).
    Removing key.o(i.Key_Scan), (52 bytes).
    Removing led.o(i.LED_Blink), (52 bytes).
    Removing led.o(i.LED_Init), (40 bytes).
    Removing at24c02.o(i.AT24C02_WritePage), (102 bytes).
    Removing w25q64.o(i.W25Q64_ReadID), (68 bytes).
    Removing w25q64.o(i.W25Q64_SectorErase), (58 bytes).
    Removing interflash.o(i.InterFlash_ReadBuf_Word), (50 bytes).
    Removing interflash.o(i.InterFlash_ReadByte), (6 bytes).
    Removing interflash.o(i.InterFlash_ReadHalfWord), (6 bytes).
    Removing interflash.o(i.InterFlash_ReadWord), (6 bytes).
    Removing interflash.o(i.InterFlash_WriteHalfWord), (28 bytes).
    Removing interflash.o(i.InterFlash_WriteWord), (28 bytes).
    Removing boot.o(i.DeInit_Periph), (52 bytes).
    Removing boot.o(i.Get_OTAFlag), (24 bytes).
    Removing xmodem.o(i.Xmodem_GetCRC16_Byte), (48 bytes).
    Removing main.o(i.printBuf), (76 bytes).
    Removing main.o(.bss), (1024 bytes).

458 unused section(s) (total 19360 bytes) removed from the image.

==============================================================================

Image Symbol Table

    Local Symbols

    Symbol Name                              Value     Ov Type        Size  Object(Section)

    ../clib/microlib/ctype/ctype.c           0x00000000   Number         0  isspace_c.o ABSOLUTE
    ../clib/microlib/ctype/ctype.c           0x00000000   Number         0  ctype_c.o ABSOLUTE
    ../clib/microlib/division.c              0x00000000   Number         0  uidiv.o ABSOLUTE
    ../clib/microlib/division.c              0x00000000   Number         0  uldiv.o ABSOLUTE
    ../clib/microlib/init/entry.s            0x00000000   Number         0  entry10a.o ABSOLUTE
    ../clib/microlib/init/entry.s            0x00000000   Number         0  entry9b.o ABSOLUTE
    ../clib/microlib/init/entry.s            0x00000000   Number         0  entry9a.o ABSOLUTE
    ../clib/microlib/init/entry.s            0x00000000   Number         0  entry2.o ABSOLUTE
    ../clib/microlib/init/entry.s            0x00000000   Number         0  entry5.o ABSOLUTE
    ../clib/microlib/init/entry.s            0x00000000   Number         0  entry8b.o ABSOLUTE
    ../clib/microlib/init/entry.s            0x00000000   Number         0  entry8a.o ABSOLUTE
    ../clib/microlib/init/entry.s            0x00000000   Number         0  entry7a.o ABSOLUTE
    ../clib/microlib/init/entry.s            0x00000000   Number         0  entry7b.o ABSOLUTE
    ../clib/microlib/init/entry.s            0x00000000   Number         0  entry.o ABSOLUTE
    ../clib/microlib/init/entry.s            0x00000000   Number         0  entry11b.o ABSOLUTE
    ../clib/microlib/init/entry.s            0x00000000   Number         0  entry11a.o ABSOLUTE
    ../clib/microlib/init/entry.s            0x00000000   Number         0  entry10b.o ABSOLUTE
    ../clib/microlib/longlong.c              0x00000000   Number         0  llsshr.o ABSOLUTE
    ../clib/microlib/longlong.c              0x00000000   Number         0  llushr.o ABSOLUTE
    ../clib/microlib/longlong.c              0x00000000   Number         0  llshl.o ABSOLUTE
    ../clib/microlib/malloc/malloc.c         0x00000000   Number         0  malloc.o ABSOLUTE
    ../clib/microlib/malloc/malloc.c         0x00000000   Number         0  mallocr.o ABSOLUTE
    ../clib/microlib/malloc/malloc.c         0x00000000   Number         0  malloca.o ABSOLUTE
    ../clib/microlib/malloc/malloc.c         0x00000000   Number         0  mallocra.o ABSOLUTE
    ../clib/microlib/malloc/mvars.c          0x00000000   Number         0  mvars.o ABSOLUTE
    ../clib/microlib/printf/printf.c         0x00000000   Number         0  printfa.o ABSOLUTE
    ../clib/microlib/stdio/fputc.c           0x00000000   Number         0  fputc.o ABSOLUTE
    ../clib/microlib/stdio/semi.s            0x00000000   Number         0  semi.o ABSOLUTE
    ../clib/microlib/stdio/streams.c         0x00000000   Number         0  stdout.o ABSOLUTE
    ../clib/microlib/string/memcpy.c         0x00000000   Number         0  memcpyb.o ABSOLUTE
    ../clib/microlib/string/memcpy.c         0x00000000   Number         0  memcpya.o ABSOLUTE
    ../clib/microlib/string/memset.c         0x00000000   Number         0  memseta.o ABSOLUTE
    ../clib/microlib/string/strlen.c         0x00000000   Number         0  strlen.o ABSOLUTE
    ../clib/microlib/stubs.s                 0x00000000   Number         0  iusesemip.o ABSOLUTE
    ../clib/microlib/stubs.s                 0x00000000   Number         0  iusefp.o ABSOLUTE
    ../clib/scanf.c                          0x00000000   Number         0  __0sscanf.o ABSOLUTE
    ../clib/scanf.c                          0x00000000   Number         0  _scanf_int.o ABSOLUTE
    ../clib/scanf.c                          0x00000000   Number         0  _chval.o ABSOLUTE
    ../clib/scanf.c                          0x00000000   Number         0  scanf_char.o ABSOLUTE
    ../clib/scanf.c                          0x00000000   Number         0  _sgetc.o ABSOLUTE
    ../clib/scanf.c                          0x00000000   Number         0  _scanf.o ABSOLUTE
    ../fplib/microlib/fpadd.c                0x00000000   Number         0  dadd.o ABSOLUTE
    ../fplib/microlib/fpdiv.c                0x00000000   Number         0  ddiv.o ABSOLUTE
    ../fplib/microlib/fpepilogue.c           0x00000000   Number         0  depilogue.o ABSOLUTE
    ../fplib/microlib/fpfix.c                0x00000000   Number         0  dfixul.o ABSOLUTE
    ../fplib/microlib/fpmul.c                0x00000000   Number         0  dmul.o ABSOLUTE
    Hardware\AT24C02.c                       0x00000000   Number         0  at24c02.o ABSOLUTE
    Hardware\Boot.c                          0x00000000   Number         0  boot.o ABSOLUTE
    Hardware\Delay.c                         0x00000000   Number         0  delay.o ABSOLUTE
    Hardware\IIC.c                           0x00000000   Number         0  iic.o ABSOLUTE
    Hardware\InterFlash.c                    0x00000000   Number         0  interflash.o ABSOLUTE
    Hardware\Key.c                           0x00000000   Number         0  key.o ABSOLUTE
    Hardware\LED.c                           0x00000000   Number         0  led.o ABSOLUTE
    Hardware\SPI.c                           0x00000000   Number         0  spi.o ABSOLUTE
    Hardware\Usart.c                         0x00000000   Number         0  usart.o ABSOLUTE
    Hardware\W25Q64.c                        0x00000000   Number         0  w25q64.o ABSOLUTE
    Library\misc.c                           0x00000000   Number         0  misc.o ABSOLUTE
    Library\stm32f10x_adc.c                  0x00000000   Number         0  stm32f10x_adc.o ABSOLUTE
    Library\stm32f10x_bkp.c                  0x00000000   Number         0  stm32f10x_bkp.o ABSOLUTE
    Library\stm32f10x_can.c                  0x00000000   Number         0  stm32f10x_can.o ABSOLUTE
    Library\stm32f10x_cec.c                  0x00000000   Number         0  stm32f10x_cec.o ABSOLUTE
    Library\stm32f10x_crc.c                  0x00000000   Number         0  stm32f10x_crc.o ABSOLUTE
    Library\stm32f10x_dac.c                  0x00000000   Number         0  stm32f10x_dac.o ABSOLUTE
    Library\stm32f10x_dbgmcu.c               0x00000000   Number         0  stm32f10x_dbgmcu.o ABSOLUTE
    Library\stm32f10x_dma.c                  0x00000000   Number         0  stm32f10x_dma.o ABSOLUTE
    Library\stm32f10x_exti.c                 0x00000000   Number         0  stm32f10x_exti.o ABSOLUTE
    Library\stm32f10x_flash.c                0x00000000   Number         0  stm32f10x_flash.o ABSOLUTE
    Library\stm32f10x_fsmc.c                 0x00000000   Number         0  stm32f10x_fsmc.o ABSOLUTE
    Library\stm32f10x_gpio.c                 0x00000000   Number         0  stm32f10x_gpio.o ABSOLUTE
    Library\stm32f10x_i2c.c                  0x00000000   Number         0  stm32f10x_i2c.o ABSOLUTE
    Library\stm32f10x_iwdg.c                 0x00000000   Number         0  stm32f10x_iwdg.o ABSOLUTE
    Library\stm32f10x_pwr.c                  0x00000000   Number         0  stm32f10x_pwr.o ABSOLUTE
    Library\stm32f10x_rcc.c                  0x00000000   Number         0  stm32f10x_rcc.o ABSOLUTE
    Library\stm32f10x_rtc.c                  0x00000000   Number         0  stm32f10x_rtc.o ABSOLUTE
    Library\stm32f10x_sdio.c                 0x00000000   Number         0  stm32f10x_sdio.o ABSOLUTE
    Library\stm32f10x_spi.c                  0x00000000   Number         0  stm32f10x_spi.o ABSOLUTE
    Library\stm32f10x_tim.c                  0x00000000   Number         0  stm32f10x_tim.o ABSOLUTE
    Library\stm32f10x_usart.c                0x00000000   Number         0  stm32f10x_usart.o ABSOLUTE
    Library\stm32f10x_wwdg.c                 0x00000000   Number         0  stm32f10x_wwdg.o ABSOLUTE
    Start\\core_cm3.c                        0x00000000   Number         0  core_cm3.o ABSOLUTE
    Start\core_cm3.c                         0x00000000   Number         0  core_cm3.o ABSOLUTE
    Start\startup_stm32f10x_md.s             0x00000000   Number         0  startup_stm32f10x_md.o ABSOLUTE
    Start\system_stm32f10x.c                 0x00000000   Number         0  system_stm32f10x.o ABSOLUTE
    User\main.c                              0x00000000   Number         0  main.o ABSOLUTE
    User\stm32f10x_it.c                      0x00000000   Number         0  stm32f10x_it.o ABSOLUTE
    Utilities\CMD.c                          0x00000000   Number         0  cmd.o ABSOLUTE
    Utilities\OnlineOTA.c                    0x00000000   Number         0  onlineota.o ABSOLUTE
    Utilities\RingBuffer.c                   0x00000000   Number         0  ringbuffer.o ABSOLUTE
    Utilities\Xmodem.c                       0x00000000   Number         0  xmodem.o ABSOLUTE
    cdrcmple.s                               0x00000000   Number         0  cdrcmple.o ABSOLUTE
    dc.s                                     0x00000000   Number         0  dc.o ABSOLUTE
    handlers.s                               0x00000000   Number         0  handlers.o ABSOLUTE
    init.s                                   0x00000000   Number         0  init.o ABSOLUTE
    RESET                                    0x08000000   Section      236  startup_stm32f10x_md.o(RESET)
    .ARM.Collect$$$$00000000                 0x080000ec   Section        0  entry.o(.ARM.Collect$$$$00000000)
    .ARM.Collect$$$$00000001                 0x080000ec   Section        4  entry2.o(.ARM.Collect$$$$00000001)
    .ARM.Collect$$$$00000004                 0x080000f0   Section        4  entry5.o(.ARM.Collect$$$$00000004)
    .ARM.Collect$$$$00000008                 0x080000f4   Section        0  entry7b.o(.ARM.Collect$$$$00000008)
    .ARM.Collect$$$$0000000A                 0x080000f4   Section        0  entry8b.o(.ARM.Collect$$$$0000000A)
    .ARM.Collect$$$$0000000B                 0x080000f4   Section        8  entry9a.o(.ARM.Collect$$$$0000000B)
    .ARM.Collect$$$$0000000D                 0x080000fc   Section        0  entry10a.o(.ARM.Collect$$$$0000000D)
    .ARM.Collect$$$$0000000F                 0x080000fc   Section        0  entry11a.o(.ARM.Collect$$$$0000000F)
    .ARM.Collect$$$$00002712                 0x080000fc   Section        4  entry2.o(.ARM.Collect$$$$00002712)
    __lit__00000000                          0x080000fc   Data           4  entry2.o(.ARM.Collect$$$$00002712)
    .emb_text                                0x08000100   Section       32  core_cm3.o(.emb_text)
    .text                                    0x08000120   Section       36  startup_stm32f10x_md.o(.text)
    .text                                    0x08000144   Section        0  memcpya.o(.text)
    .text                                    0x08000168   Section        0  memseta.o(.text)
    .text                                    0x0800018c   Section        0  strlen.o(.text)
    .text                                    0x0800019c   Section        0  __0sscanf.o(.text)
    .text                                    0x080001d4   Section        0  _scanf_int.o(.text)
    .text                                    0x08000320   Section        0  uidiv.o(.text)
    .text                                    0x0800034c   Section        0  uldiv.o(.text)
    .text                                    0x080003ae   Section        0  _chval.o(.text)
    .text                                    0x080003cc   Section        0  scanf_char.o(.text)
    _scanf_char_input                        0x080003cd   Thumb Code    12  scanf_char.o(.text)
    .text                                    0x080003f4   Section        0  _sgetc.o(.text)
    .text                                    0x08000434   Section        0  iusefp.o(.text)
    .text                                    0x08000434   Section        0  dadd.o(.text)
    .text                                    0x08000582   Section        0  dmul.o(.text)
    .text                                    0x08000666   Section        0  ddiv.o(.text)
    .text                                    0x08000744   Section        0  dfixul.o(.text)
    .text                                    0x08000774   Section       48  cdrcmple.o(.text)
    .text                                    0x080007a4   Section       36  init.o(.text)
    .text                                    0x080007c8   Section        0  llshl.o(.text)
    .text                                    0x080007e6   Section        0  llushr.o(.text)
    .text                                    0x08000806   Section        0  llsshr.o(.text)
    .text                                    0x0800082a   Section        0  isspace_c.o(.text)
    .text                                    0x08000834   Section        0  _scanf.o(.text)
    .text                                    0x08000b60   Section        0  depilogue.o(.text)
    .text                                    0x08000c1c   Section        0  ctype_c.o(.text)
    i.AT24C02_Init                           0x08000c44   Section        0  at24c02.o(i.AT24C02_Init)
    i.AT24C02_Read                           0x08000c4c   Section        0  at24c02.o(i.AT24C02_Read)
    i.AT24C02_ReadByte                       0x08000c8a   Section        0  at24c02.o(i.AT24C02_ReadByte)
    i.AT24C02_Write                          0x08000cf0   Section        0  at24c02.o(i.AT24C02_Write)
    i.AT24C02_WriteByte                      0x08000d26   Section        0  at24c02.o(i.AT24C02_WriteByte)
    i.BootLoader_CMD                         0x08000d7c   Section        0  cmd.o(i.BootLoader_CMD)
    i.BootLoader_GoToAPP                     0x080010c4   Section        0  boot.o(i.BootLoader_GoToAPP)
    i.BootLoader_Reset                       0x0800121c   Section        0  boot.o(i.BootLoader_Reset)
    i.BusFault_Handler                       0x080012bc   Section        0  stm32f10x_it.o(i.BusFault_Handler)
    i.CMD_Entrance                           0x080012c0   Section        0  cmd.o(i.CMD_Entrance)
    CMD_Entrance                             0x080012c1   Thumb Code    70  cmd.o(i.CMD_Entrance)
    i.CMD_Menu                               0x08001350   Section        0  cmd.o(i.CMD_Menu)
    CMD_Menu                                 0x08001351   Thumb Code   220  cmd.o(i.CMD_Menu)
    i.CMD_USART_Init                         0x080015d8   Section        0  usart.o(i.CMD_USART_Init)
    CMD_USART_Init                           0x080015d9   Thumb Code   192  usart.o(i.CMD_USART_Init)
    i.CMD_USART_Printf                       0x080016a0   Section        0  usart.o(i.CMD_USART_Printf)
    i.CMD_USART_SendByte                     0x080016c8   Section        0  usart.o(i.CMD_USART_SendByte)
    i.CMD_USART_SendString                   0x080016f8   Section        0  usart.o(i.CMD_USART_SendString)
    CMD_USART_SendString                     0x080016f9   Thumb Code    26  usart.o(i.CMD_USART_SendString)
    i.Create_FCBListItem                     0x08001712   Section        0  ringbuffer.o(i.Create_FCBListItem)
    i.DebugMon_Handler                       0x08001732   Section        0  stm32f10x_it.o(i.DebugMon_Handler)
    i.Delay_ms                               0x08001734   Section        0  delay.o(i.Delay_ms)
    i.Delay_s                                0x0800174c   Section        0  delay.o(i.Delay_s)
    i.Delay_us                               0x08001764   Section        0  delay.o(i.Delay_us)
    i.Detect_OnlineOTA                       0x0800179c   Section        0  boot.o(i.Detect_OnlineOTA)
    i.EXTI0_IRQHandler                       0x08001848   Section        0  key.o(i.EXTI0_IRQHandler)
    i.EXTI_ClearITPendingBit                 0x08001884   Section        0  stm32f10x_exti.o(i.EXTI_ClearITPendingBit)
    i.EXTI_GetITStatus                       0x08001890   Section        0  stm32f10x_exti.o(i.EXTI_GetITStatus)
    i.Erase_APP                              0x080018b8   Section        0  boot.o(i.Erase_APP)
    i.ExFlash_DeleteProg                     0x080018e4   Section        0  w25q64.o(i.ExFlash_DeleteProg)
    i.ExFlash_DownloadFromUSART              0x080019f8   Section        0  w25q64.o(i.ExFlash_DownloadFromUSART)
    i.ExFlash_Menu                           0x08001c84   Section        0  w25q64.o(i.ExFlash_Menu)
    ExFlash_Menu                             0x08001c85   Thumb Code   194  w25q64.o(i.ExFlash_Menu)
    i.ExFlash_MoveInAPP                      0x08001e08   Section        0  w25q64.o(i.ExFlash_MoveInAPP)
    i.ExFlash_SelectBlock                    0x08001fe8   Section        0  w25q64.o(i.ExFlash_SelectBlock)
    ExFlash_SelectBlock                      0x08001fe9   Thumb Code    90  w25q64.o(i.ExFlash_SelectBlock)
    i.ExFlash_SetVersion                     0x08002090   Section        0  w25q64.o(i.ExFlash_SetVersion)
    ExFlash_SetVersion                       0x08002091   Thumb Code   114  w25q64.o(i.ExFlash_SetVersion)
    i.FLASH_ErasePage                        0x08002198   Section        0  stm32f10x_flash.o(i.FLASH_ErasePage)
    i.FLASH_GetBank1Status                   0x080021e4   Section        0  stm32f10x_flash.o(i.FLASH_GetBank1Status)
    i.FLASH_Lock                             0x08002218   Section        0  stm32f10x_flash.o(i.FLASH_Lock)
    i.FLASH_ProgramWord                      0x0800222c   Section        0  stm32f10x_flash.o(i.FLASH_ProgramWord)
    i.FLASH_Unlock                           0x08002298   Section        0  stm32f10x_flash.o(i.FLASH_Unlock)
    i.FLASH_WaitForLastOperation             0x080022b0   Section        0  stm32f10x_flash.o(i.FLASH_WaitForLastOperation)
    i.GPIO_Init                              0x080022d6   Section        0  stm32f10x_gpio.o(i.GPIO_Init)
    i.GPIO_ReadInputDataBit                  0x080023ec   Section        0  stm32f10x_gpio.o(i.GPIO_ReadInputDataBit)
    i.GPIO_ReadOutputDataBit                 0x080023fe   Section        0  stm32f10x_gpio.o(i.GPIO_ReadOutputDataBit)
    i.GPIO_ResetBits                         0x08002410   Section        0  stm32f10x_gpio.o(i.GPIO_ResetBits)
    i.GPIO_SetBits                           0x08002414   Section        0  stm32f10x_gpio.o(i.GPIO_SetBits)
    i.GPIO_WriteBit                          0x08002418   Section        0  stm32f10x_gpio.o(i.GPIO_WriteBit)
    i.Get_APPVersion                         0x08002424   Section        0  boot.o(i.Get_APPVersion)
    i.HWSPI_Init                             0x0800248c   Section        0  spi.o(i.HWSPI_Init)
    i.HardFault_Handler                      0x0800254c   Section        0  stm32f10x_it.o(i.HardFault_Handler)
    i.IIC_Init                               0x08002550   Section        0  iic.o(i.IIC_Init)
    i.IIC_RD_SDA                             0x08002584   Section        0  iic.o(i.IIC_RD_SDA)
    IIC_RD_SDA                               0x08002585   Thumb Code    22  iic.o(i.IIC_RD_SDA)
    i.IIC_ReceiveAck                         0x080025a0   Section        0  iic.o(i.IIC_ReceiveAck)
    i.IIC_ReceiveByte                        0x08002620   Section        0  iic.o(i.IIC_ReceiveByte)
    i.IIC_SendAck                            0x08002658   Section        0  iic.o(i.IIC_SendAck)
    i.IIC_SendByte                           0x08002676   Section        0  iic.o(i.IIC_SendByte)
    i.IIC_Start                              0x080026aa   Section        0  iic.o(i.IIC_Start)
    i.IIC_Stop                               0x080026c6   Section        0  iic.o(i.IIC_Stop)
    i.IIC_W_SCL                              0x080026e4   Section        0  iic.o(i.IIC_W_SCL)
    IIC_W_SCL                                0x080026e5   Thumb Code    22  iic.o(i.IIC_W_SCL)
    i.IIC_W_SDA                              0x08002700   Section        0  iic.o(i.IIC_W_SDA)
    IIC_W_SDA                                0x08002701   Thumb Code    22  iic.o(i.IIC_W_SDA)
    i.InterFlash_ErasePage                   0x0800271c   Section        0  interflash.o(i.InterFlash_ErasePage)
    i.InterFlash_RecvBin                     0x08002734   Section        0  interflash.o(i.InterFlash_RecvBin)
    i.InterFlash_UpdatePage                  0x08002848   Section        0  interflash.o(i.InterFlash_UpdatePage)
    InterFlash_UpdatePage                    0x08002849   Thumb Code    70  interflash.o(i.InterFlash_UpdatePage)
    i.InterFlash_WriteBuf_Word               0x08002898   Section        0  interflash.o(i.InterFlash_WriteBuf_Word)
    i.InterFlash_WritePage                   0x08002968   Section        0  interflash.o(i.InterFlash_WritePage)
    i.MemManage_Handler                      0x0800297c   Section        0  stm32f10x_it.o(i.MemManage_Handler)
    i.MyUSART_Init                           0x08002980   Section        0  usart.o(i.MyUSART_Init)
    i.NMI_Handler                            0x08002994   Section        0  stm32f10x_it.o(i.NMI_Handler)
    i.NVIC_Init                              0x08002998   Section        0  misc.o(i.NVIC_Init)
    i.NVIC_PriorityGroupConfig               0x08002a08   Section        0  misc.o(i.NVIC_PriorityGroupConfig)
    i.OnlineOTA_ConfigInfo                   0x08002a1c   Section        0  onlineota.o(i.OnlineOTA_ConfigInfo)
    i.OnlineOTA_UpdateAPP                    0x08002a44   Section        0  onlineota.o(i.OnlineOTA_UpdateAPP)
    i.PendSV_Handler                         0x08002bb8   Section        0  stm32f10x_it.o(i.PendSV_Handler)
    i.RCC_APB1PeriphClockCmd                 0x08002bbc   Section        0  stm32f10x_rcc.o(i.RCC_APB1PeriphClockCmd)
    i.RCC_APB1PeriphResetCmd                 0x08002bdc   Section        0  stm32f10x_rcc.o(i.RCC_APB1PeriphResetCmd)
    i.RCC_APB2PeriphClockCmd                 0x08002bfc   Section        0  stm32f10x_rcc.o(i.RCC_APB2PeriphClockCmd)
    i.RCC_APB2PeriphResetCmd                 0x08002c1c   Section        0  stm32f10x_rcc.o(i.RCC_APB2PeriphResetCmd)
    i.RCC_GetClocksFreq                      0x08002c3c   Section        0  stm32f10x_rcc.o(i.RCC_GetClocksFreq)
    i.Read_RingBuffer                        0x08002d10   Section        0  ringbuffer.o(i.Read_RingBuffer)
    i.Read_SavingOTAInfo                     0x08002d70   Section        0  boot.o(i.Read_SavingOTAInfo)
    i.RingBuffer_Init                        0x08002d8c   Section        0  ringbuffer.o(i.RingBuffer_Init)
    i.RingBuffer_ReadFrame                   0x08002dac   Section        0  ringbuffer.o(i.RingBuffer_ReadFrame)
    i.SPI_Cmd                                0x08002df4   Section        0  stm32f10x_spi.o(i.SPI_Cmd)
    i.SPI_I2S_DeInit                         0x08002e0c   Section        0  stm32f10x_spi.o(i.SPI_I2S_DeInit)
    i.SPI_I2S_GetFlagStatus                  0x08002e64   Section        0  stm32f10x_spi.o(i.SPI_I2S_GetFlagStatus)
    i.SPI_I2S_ReceiveData                    0x08002e76   Section        0  stm32f10x_spi.o(i.SPI_I2S_ReceiveData)
    i.SPI_I2S_SendData                       0x08002e7c   Section        0  stm32f10x_spi.o(i.SPI_I2S_SendData)
    i.SPI_Init                               0x08002e80   Section        0  stm32f10x_spi.o(i.SPI_Init)
    i.SPI_Read                               0x08002ebc   Section        0  spi.o(i.SPI_Read)
    i.SPI_Start                              0x08002eee   Section        0  spi.o(i.SPI_Start)
    i.SPI_Stop                               0x08002ef8   Section        0  spi.o(i.SPI_Stop)
    i.SPI_SwapByte                           0x08002f04   Section        0  spi.o(i.SPI_SwapByte)
    i.SPI_W_SS                               0x08002f3c   Section        0  spi.o(i.SPI_W_SS)
    SPI_W_SS                                 0x08002f3d   Thumb Code    18  spi.o(i.SPI_W_SS)
    i.SPI_Write                              0x08002f54   Section        0  spi.o(i.SPI_Write)
    i.SVC_Handler                            0x08002f72   Section        0  stm32f10x_it.o(i.SVC_Handler)
    i.Saving_OTAInfo                         0x08002f74   Section        0  boot.o(i.Saving_OTAInfo)
    i.SetSysClock                            0x08002f88   Section        0  system_stm32f10x.o(i.SetSysClock)
    SetSysClock                              0x08002f89   Thumb Code     8  system_stm32f10x.o(i.SetSysClock)
    i.SetSysClockTo72                        0x08002f90   Section        0  system_stm32f10x.o(i.SetSysClockTo72)
    SetSysClockTo72                          0x08002f91   Thumb Code   214  system_stm32f10x.o(i.SetSysClockTo72)
    i.Set_APPVersion                         0x08003070   Section        0  boot.o(i.Set_APPVersion)
    i.SysTick_Handler                        0x0800319c   Section        0  stm32f10x_it.o(i.SysTick_Handler)
    i.SystemInit                             0x080031a0   Section        0  system_stm32f10x.o(i.SystemInit)
    i.USART2_IRQHandler                      0x08003200   Section        0  usart.o(i.USART2_IRQHandler)
    i.USART_Cmd                              0x0800327c   Section        0  stm32f10x_usart.o(i.USART_Cmd)
    i.USART_DeInit                           0x08003294   Section        0  stm32f10x_usart.o(i.USART_DeInit)
    i.USART_GetFlagStatus                    0x08003330   Section        0  stm32f10x_usart.o(i.USART_GetFlagStatus)
    i.USART_GetITStatus                      0x0800334a   Section        0  stm32f10x_usart.o(i.USART_GetITStatus)
    i.USART_IAP                              0x080033a0   Section        0  boot.o(i.USART_IAP)
    i.USART_ITConfig                         0x08003400   Section        0  stm32f10x_usart.o(i.USART_ITConfig)
    i.USART_Init                             0x0800344c   Section        0  stm32f10x_usart.o(i.USART_Init)
    i.USART_ReceiveData                      0x08003524   Section        0  stm32f10x_usart.o(i.USART_ReceiveData)
    i.USART_SendData                         0x0800352e   Section        0  stm32f10x_usart.o(i.USART_SendData)
    i.Update_FCBList                         0x08003536   Section        0  ringbuffer.o(i.Update_FCBList)
    i.UsageFault_Handler                     0x08003588   Section        0  stm32f10x_it.o(i.UsageFault_Handler)
    i.W25Q64_BlockErase_64K                  0x0800358c   Section        0  w25q64.o(i.W25Q64_BlockErase_64K)
    i.W25Q64_Init                            0x080035c6   Section        0  w25q64.o(i.W25Q64_Init)
    i.W25Q64_ReadData                        0x080035d0   Section        0  w25q64.o(i.W25Q64_ReadData)
    i.W25Q64_ReadPages                       0x08003664   Section        0  w25q64.o(i.W25Q64_ReadPages)
    i.W25Q64_WaitNotBusy                     0x080036d8   Section        0  w25q64.o(i.W25Q64_WaitNotBusy)
    W25Q64_WaitNotBusy                       0x080036d9   Thumb Code    64  w25q64.o(i.W25Q64_WaitNotBusy)
    i.W25Q64_WriteEnable                     0x0800374c   Section        0  w25q64.o(i.W25Q64_WriteEnable)
    W25Q64_WriteEnable                       0x0800374d   Thumb Code    18  w25q64.o(i.W25Q64_WriteEnable)
    i.W25Q64_WritePage                       0x08003760   Section        0  w25q64.o(i.W25Q64_WritePage)
    i.WaitForInput                           0x08003804   Section        0  ringbuffer.o(i.WaitForInput)
    i.Write_RingBuffer                       0x08003828   Section        0  ringbuffer.o(i.Write_RingBuffer)
    i.Xmodem_CheckCRC                        0x08003884   Section        0  xmodem.o(i.Xmodem_CheckCRC)
    Xmodem_CheckCRC                          0x08003885   Thumb Code    26  xmodem.o(i.Xmodem_CheckCRC)
    i.Xmodem_CheckNum                        0x080038a0   Section        0  xmodem.o(i.Xmodem_CheckNum)
    Xmodem_CheckNum                          0x080038a1   Thumb Code    44  xmodem.o(i.Xmodem_CheckNum)
    i.Xmodem_GetCRC16_Buf                    0x080038d0   Section        0  xmodem.o(i.Xmodem_GetCRC16_Buf)
    Xmodem_GetCRC16_Buf                      0x080038d1   Thumb Code    68  xmodem.o(i.Xmodem_GetCRC16_Buf)
    i.Xmodem_RecvData_1K                     0x08003914   Section        0  xmodem.o(i.Xmodem_RecvData_1K)
    i.Xmodem_RecvPacket                      0x08003a30   Section        0  xmodem.o(i.Xmodem_RecvPacket)
    Xmodem_RecvPacket                        0x08003a31   Thumb Code   232  xmodem.o(i.Xmodem_RecvPacket)
    i.__0vsnprintf                           0x08003b20   Section        0  printfa.o(i.__0vsnprintf)
    i.__scatterload_copy                     0x08003b4c   Section       14  handlers.o(i.__scatterload_copy)
    i.__scatterload_null                     0x08003b5a   Section        2  handlers.o(i.__scatterload_null)
    i.__scatterload_zeroinit                 0x08003b5c   Section       14  handlers.o(i.__scatterload_zeroinit)
    i._fp_digits                             0x08003b6c   Section        0  printfa.o(i._fp_digits)
    _fp_digits                               0x08003b6d   Thumb Code   366  printfa.o(i._fp_digits)
    i._printf_core                           0x08003cf0   Section        0  printfa.o(i._printf_core)
    _printf_core                             0x08003cf1   Thumb Code  1744  printfa.o(i._printf_core)
    i._printf_post_padding                   0x080043cc   Section        0  printfa.o(i._printf_post_padding)
    _printf_post_padding                     0x080043cd   Thumb Code    36  printfa.o(i._printf_post_padding)
    i._printf_pre_padding                    0x080043f0   Section        0  printfa.o(i._printf_pre_padding)
    _printf_pre_padding                      0x080043f1   Thumb Code    46  printfa.o(i._printf_pre_padding)
    i._snputc                                0x0800441e   Section        0  printfa.o(i._snputc)
    _snputc                                  0x0800441f   Thumb Code    22  printfa.o(i._snputc)
    i.free                                   0x08004434   Section        0  malloc.o(i.free)
    i.is_FCBList_Empty                       0x08004484   Section        0  ringbuffer.o(i.is_FCBList_Empty)
    i.is_RingBuffer_Empty                    0x08004494   Section        0  ringbuffer.o(i.is_RingBuffer_Empty)
    i.is_RingBuffer_Full                     0x080044a4   Section        0  ringbuffer.o(i.is_RingBuffer_Full)
    i.main                                   0x080044bc   Section        0  main.o(i.main)
    i.malloc                                 0x08004648   Section        0  malloc.o(i.malloc)
    .constdata                               0x080046b4   Section       64  ctype_c.o(.constdata)
    .conststring                             0x080046f4   Section      137  w25q64.o(.conststring)
    .conststring                             0x08004780   Section       81  main.o(.conststring)
    .data                                    0x20000000   Section       20  stm32f10x_rcc.o(.data)
    APBAHBPrescTable                         0x20000000   Data          16  stm32f10x_rcc.o(.data)
    ADCPrescTable                            0x20000010   Data           4  stm32f10x_rcc.o(.data)
    .data                                    0x20000014   Section        8  usart.o(.data)
    frameSize                                0x20000014   Data           2  usart.o(.data)
    ret                                      0x20000018   Data           4  usart.o(.data)
    .data                                    0x2000001c   Section        1  boot.o(.data)
    .data                                    0x20000020   Section        4  mvars.o(.data)
    .data                                    0x20000024   Section        4  mvars.o(.data)
    .bss                                     0x20000028   Section     1044  usart.o(.bss)
    .bss                                     0x2000043c   Section      216  boot.o(.bss)
    .bss                                     0x20000514   Section     1028  xmodem.o(.bss)
    HEAP                                     0x20000918   Section     1024  startup_stm32f10x_md.o(HEAP)
    STACK                                    0x20000d18   Section     1024  startup_stm32f10x_md.o(STACK)

    Global Symbols

    Symbol Name                              Value     Ov Type        Size  Object(Section)

    BuildAttributes$$THM_ISAv4$P$D$K$B$S$PE$A:L22UL41UL21$X:L11$S22US41US21$IEEE1$IW$USESV6$~STKCKD$USESV7$~SHL$OSPACE$ROPI$EBA8$MICROLIB$REQ8$PRES8$EABIv2 0x00000000   Number         0  anon$$obj.o ABSOLUTE
    __ARM_use_no_argv                        0x00000000   Number         0  main.o ABSOLUTE
    __cpp_initialize__aeabi_                  - Undefined Weak Reference
    __cxa_finalize                            - Undefined Weak Reference
    __decompress                              - Undefined Weak Reference
    _clock_init                               - Undefined Weak Reference
    _microlib_exit                            - Undefined Weak Reference
    _scanf_longlong                           - Undefined Weak Reference
    _scanf_real                               - Undefined Weak Reference
    _scanf_string                             - Undefined Weak Reference
    __Vectors_Size                           0x000000ec   Number         0  startup_stm32f10x_md.o ABSOLUTE
    __Vectors                                0x08000000   Data           4  startup_stm32f10x_md.o(RESET)
    __Vectors_End                            0x080000ec   Data           0  startup_stm32f10x_md.o(RESET)
    __main                                   0x080000ed   Thumb Code     0  entry.o(.ARM.Collect$$$$00000000)
    _main_stk                                0x080000ed   Thumb Code     0  entry2.o(.ARM.Collect$$$$00000001)
    _main_scatterload                        0x080000f1   Thumb Code     0  entry5.o(.ARM.Collect$$$$00000004)
    __main_after_scatterload                 0x080000f5   Thumb Code     0  entry5.o(.ARM.Collect$$$$00000004)
    _main_clock                              0x080000f5   Thumb Code     0  entry7b.o(.ARM.Collect$$$$00000008)
    _main_cpp_init                           0x080000f5   Thumb Code     0  entry8b.o(.ARM.Collect$$$$0000000A)
    _main_init                               0x080000f5   Thumb Code     0  entry9a.o(.ARM.Collect$$$$0000000B)
    __rt_final_cpp                           0x080000fd   Thumb Code     0  entry10a.o(.ARM.Collect$$$$0000000D)
    __rt_final_exit                          0x080000fd   Thumb Code     0  entry11a.o(.ARM.Collect$$$$0000000F)
    __get_PSP                                0x08000101   Thumb Code     6  core_cm3.o(.emb_text)
    __set_PSP                                0x08000107   Thumb Code     6  core_cm3.o(.emb_text)
    __get_MSP                                0x0800010d   Thumb Code     6  core_cm3.o(.emb_text)
    __set_MSP                                0x08000113   Thumb Code     6  core_cm3.o(.emb_text)
    __REV16                                  0x08000119   Thumb Code     4  core_cm3.o(.emb_text)
    __REVSH                                  0x0800011d   Thumb Code     4  core_cm3.o(.emb_text)
    Reset_Handler                            0x08000121   Thumb Code     8  startup_stm32f10x_md.o(.text)
    ADC1_2_IRQHandler                        0x0800013b   Thumb Code     0  startup_stm32f10x_md.o(.text)
    CAN1_RX1_IRQHandler                      0x0800013b   Thumb Code     0  startup_stm32f10x_md.o(.text)
    CAN1_SCE_IRQHandler                      0x0800013b   Thumb Code     0  startup_stm32f10x_md.o(.text)
    DMA1_Channel1_IRQHandler                 0x0800013b   Thumb Code     0  startup_stm32f10x_md.o(.text)
    DMA1_Channel2_IRQHandler                 0x0800013b   Thumb Code     0  startup_stm32f10x_md.o(.text)
    DMA1_Channel3_IRQHandler                 0x0800013b   Thumb Code     0  startup_stm32f10x_md.o(.text)
    DMA1_Channel4_IRQHandler                 0x0800013b   Thumb Code     0  startup_stm32f10x_md.o(.text)
    DMA1_Channel5_IRQHandler                 0x0800013b   Thumb Code     0  startup_stm32f10x_md.o(.text)
    DMA1_Channel6_IRQHandler                 0x0800013b   Thumb Code     0  startup_stm32f10x_md.o(.text)
    DMA1_Channel7_IRQHandler                 0x0800013b   Thumb Code     0  startup_stm32f10x_md.o(.text)
    EXTI15_10_IRQHandler                     0x0800013b   Thumb Code     0  startup_stm32f10x_md.o(.text)
    EXTI1_IRQHandler                         0x0800013b   Thumb Code     0  startup_stm32f10x_md.o(.text)
    EXTI2_IRQHandler                         0x0800013b   Thumb Code     0  startup_stm32f10x_md.o(.text)
    EXTI3_IRQHandler                         0x0800013b   Thumb Code     0  startup_stm32f10x_md.o(.text)
    EXTI4_IRQHandler                         0x0800013b   Thumb Code     0  startup_stm32f10x_md.o(.text)
    EXTI9_5_IRQHandler                       0x0800013b   Thumb Code     0  startup_stm32f10x_md.o(.text)
    FLASH_IRQHandler                         0x0800013b   Thumb Code     0  startup_stm32f10x_md.o(.text)
    I2C1_ER_IRQHandler                       0x0800013b   Thumb Code     0  startup_stm32f10x_md.o(.text)
    I2C1_EV_IRQHandler                       0x0800013b   Thumb Code     0  startup_stm32f10x_md.o(.text)
    I2C2_ER_IRQHandler                       0x0800013b   Thumb Code     0  startup_stm32f10x_md.o(.text)
    I2C2_EV_IRQHandler                       0x0800013b   Thumb Code     0  startup_stm32f10x_md.o(.text)
    PVD_IRQHandler                           0x0800013b   Thumb Code     0  startup_stm32f10x_md.o(.text)
    RCC_IRQHandler                           0x0800013b   Thumb Code     0  startup_stm32f10x_md.o(.text)
    RTCAlarm_IRQHandler                      0x0800013b   Thumb Code     0  startup_stm32f10x_md.o(.text)
    RTC_IRQHandler                           0x0800013b   Thumb Code     0  startup_stm32f10x_md.o(.text)
    SPI1_IRQHandler                          0x0800013b   Thumb Code     0  startup_stm32f10x_md.o(.text)
    SPI2_IRQHandler                          0x0800013b   Thumb Code     0  startup_stm32f10x_md.o(.text)
    TAMPER_IRQHandler                        0x0800013b   Thumb Code     0  startup_stm32f10x_md.o(.text)
    TIM1_BRK_IRQHandler                      0x0800013b   Thumb Code     0  startup_stm32f10x_md.o(.text)
    TIM1_CC_IRQHandler                       0x0800013b   Thumb Code     0  startup_stm32f10x_md.o(.text)
    TIM1_TRG_COM_IRQHandler                  0x0800013b   Thumb Code     0  startup_stm32f10x_md.o(.text)
    TIM1_UP_IRQHandler                       0x0800013b   Thumb Code     0  startup_stm32f10x_md.o(.text)
    TIM2_IRQHandler                          0x0800013b   Thumb Code     0  startup_stm32f10x_md.o(.text)
    TIM3_IRQHandler                          0x0800013b   Thumb Code     0  startup_stm32f10x_md.o(.text)
    TIM4_IRQHandler                          0x0800013b   Thumb Code     0  startup_stm32f10x_md.o(.text)
    USART1_IRQHandler                        0x0800013b   Thumb Code     0  startup_stm32f10x_md.o(.text)
    USART3_IRQHandler                        0x0800013b   Thumb Code     0  startup_stm32f10x_md.o(.text)
    USBWakeUp_IRQHandler                     0x0800013b   Thumb Code     0  startup_stm32f10x_md.o(.text)
    USB_HP_CAN1_TX_IRQHandler                0x0800013b   Thumb Code     0  startup_stm32f10x_md.o(.text)
    USB_LP_CAN1_RX0_IRQHandler               0x0800013b   Thumb Code     0  startup_stm32f10x_md.o(.text)
    WWDG_IRQHandler                          0x0800013b   Thumb Code     0  startup_stm32f10x_md.o(.text)
    __aeabi_memcpy                           0x08000145   Thumb Code    36  memcpya.o(.text)
    __aeabi_memcpy4                          0x08000145   Thumb Code     0  memcpya.o(.text)
    __aeabi_memcpy8                          0x08000145   Thumb Code     0  memcpya.o(.text)
    __aeabi_memset                           0x08000169   Thumb Code    14  memseta.o(.text)
    __aeabi_memset4                          0x08000169   Thumb Code     0  memseta.o(.text)
    __aeabi_memset8                          0x08000169   Thumb Code     0  memseta.o(.text)
    __aeabi_memclr                           0x08000177   Thumb Code     4  memseta.o(.text)
    __aeabi_memclr4                          0x08000177   Thumb Code     0  memseta.o(.text)
    __aeabi_memclr8                          0x08000177   Thumb Code     0  memseta.o(.text)
    _memset$wrapper                          0x0800017b   Thumb Code    18  memseta.o(.text)
    strlen                                   0x0800018d   Thumb Code    14  strlen.o(.text)
    __0sscanf                                0x0800019d   Thumb Code    48  __0sscanf.o(.text)
    _scanf_int                               0x080001d5   Thumb Code   332  _scanf_int.o(.text)
    __aeabi_uidiv                            0x08000321   Thumb Code     0  uidiv.o(.text)
    __aeabi_uidivmod                         0x08000321   Thumb Code    44  uidiv.o(.text)
    __aeabi_uldivmod                         0x0800034d   Thumb Code    98  uldiv.o(.text)
    _chval                                   0x080003af   Thumb Code    28  _chval.o(.text)
    __vfscanf_char                           0x080003d9   Thumb Code    20  scanf_char.o(.text)
    _sgetc                                   0x080003f5   Thumb Code    30  _sgetc.o(.text)
    _sbackspace                              0x08000413   Thumb Code    34  _sgetc.o(.text)
    __I$use$fp                               0x08000435   Thumb Code     0  iusefp.o(.text)
    __aeabi_dadd                             0x08000435   Thumb Code   322  dadd.o(.text)
    __aeabi_dsub                             0x08000577   Thumb Code     6  dadd.o(.text)
    __aeabi_drsub                            0x0800057d   Thumb Code     6  dadd.o(.text)
    __aeabi_dmul                             0x08000583   Thumb Code   228  dmul.o(.text)
    __aeabi_ddiv                             0x08000667   Thumb Code   222  ddiv.o(.text)
    __aeabi_d2ulz                            0x08000745   Thumb Code    48  dfixul.o(.text)
    __aeabi_cdrcmple                         0x08000775   Thumb Code    48  cdrcmple.o(.text)
    __scatterload                            0x080007a5   Thumb Code    28  init.o(.text)
    __scatterload_rt2                        0x080007a5   Thumb Code     0  init.o(.text)
    __aeabi_llsl                             0x080007c9   Thumb Code    30  llshl.o(.text)
    _ll_shift_l                              0x080007c9   Thumb Code     0  llshl.o(.text)
    __aeabi_llsr                             0x080007e7   Thumb Code    32  llushr.o(.text)
    _ll_ushift_r                             0x080007e7   Thumb Code     0  llushr.o(.text)
    __aeabi_lasr                             0x08000807   Thumb Code    36  llsshr.o(.text)
    _ll_sshift_r                             0x08000807   Thumb Code     0  llsshr.o(.text)
    isspace                                  0x0800082b   Thumb Code    10  isspace_c.o(.text)
    __vfscanf                                0x08000835   Thumb Code   808  _scanf.o(.text)
    _double_round                            0x08000b61   Thumb Code    30  depilogue.o(.text)
    _double_epilogue                         0x08000b7f   Thumb Code   156  depilogue.o(.text)
    __ctype_lookup                           0x08000c1d   Thumb Code    34  ctype_c.o(.text)
    AT24C02_Init                             0x08000c45   Thumb Code     8  at24c02.o(i.AT24C02_Init)
    AT24C02_Read                             0x08000c4d   Thumb Code    62  at24c02.o(i.AT24C02_Read)
    AT24C02_ReadByte                         0x08000c8b   Thumb Code   102  at24c02.o(i.AT24C02_ReadByte)
    AT24C02_Write                            0x08000cf1   Thumb Code    54  at24c02.o(i.AT24C02_Write)
    AT24C02_WriteByte                        0x08000d27   Thumb Code    86  at24c02.o(i.AT24C02_WriteByte)
    BootLoader_CMD                           0x08000d7d   Thumb Code   358  cmd.o(i.BootLoader_CMD)
    BootLoader_GoToAPP                       0x080010c5   Thumb Code   172  boot.o(i.BootLoader_GoToAPP)
    BootLoader_Reset                         0x0800121d   Thumb Code    84  boot.o(i.BootLoader_Reset)
    BusFault_Handler                         0x080012bd   Thumb Code     4  stm32f10x_it.o(i.BusFault_Handler)
    CMD_USART_Printf                         0x080016a1   Thumb Code    40  usart.o(i.CMD_USART_Printf)
    CMD_USART_SendByte                       0x080016c9   Thumb Code    42  usart.o(i.CMD_USART_SendByte)
    Create_FCBListItem                       0x08001713   Thumb Code    32  ringbuffer.o(i.Create_FCBListItem)
    DebugMon_Handler                         0x08001733   Thumb Code     2  stm32f10x_it.o(i.DebugMon_Handler)
    Delay_ms                                 0x08001735   Thumb Code    24  delay.o(i.Delay_ms)
    Delay_s                                  0x0800174d   Thumb Code    24  delay.o(i.Delay_s)
    Delay_us                                 0x08001765   Thumb Code    54  delay.o(i.Delay_us)
    Detect_OnlineOTA                         0x0800179d   Thumb Code    62  boot.o(i.Detect_OnlineOTA)
    EXTI0_IRQHandler                         0x08001849   Thumb Code    54  key.o(i.EXTI0_IRQHandler)
    EXTI_ClearITPendingBit                   0x08001885   Thumb Code     6  stm32f10x_exti.o(i.EXTI_ClearITPendingBit)
    EXTI_GetITStatus                         0x08001891   Thumb Code    34  stm32f10x_exti.o(i.EXTI_GetITStatus)
    Erase_APP                                0x080018b9   Thumb Code    40  boot.o(i.Erase_APP)
    ExFlash_DeleteProg                       0x080018e5   Thumb Code   124  w25q64.o(i.ExFlash_DeleteProg)
    ExFlash_DownloadFromUSART                0x080019f9   Thumb Code   386  w25q64.o(i.ExFlash_DownloadFromUSART)
    ExFlash_MoveInAPP                        0x08001e09   Thumb Code   228  w25q64.o(i.ExFlash_MoveInAPP)
    FLASH_ErasePage                          0x08002199   Thumb Code    72  stm32f10x_flash.o(i.FLASH_ErasePage)
    FLASH_GetBank1Status                     0x080021e5   Thumb Code    48  stm32f10x_flash.o(i.FLASH_GetBank1Status)
    FLASH_Lock                               0x08002219   Thumb Code    14  stm32f10x_flash.o(i.FLASH_Lock)
    FLASH_ProgramWord                        0x0800222d   Thumb Code   102  stm32f10x_flash.o(i.FLASH_ProgramWord)
    FLASH_Unlock                             0x08002299   Thumb Code    12  stm32f10x_flash.o(i.FLASH_Unlock)
    FLASH_WaitForLastOperation               0x080022b1   Thumb Code    38  stm32f10x_flash.o(i.FLASH_WaitForLastOperation)
    GPIO_Init                                0x080022d7   Thumb Code   278  stm32f10x_gpio.o(i.GPIO_Init)
    GPIO_ReadInputDataBit                    0x080023ed   Thumb Code    18  stm32f10x_gpio.o(i.GPIO_ReadInputDataBit)
    GPIO_ReadOutputDataBit                   0x080023ff   Thumb Code    18  stm32f10x_gpio.o(i.GPIO_ReadOutputDataBit)
    GPIO_ResetBits                           0x08002411   Thumb Code     4  stm32f10x_gpio.o(i.GPIO_ResetBits)
    GPIO_SetBits                             0x08002415   Thumb Code     4  stm32f10x_gpio.o(i.GPIO_SetBits)
    GPIO_WriteBit                            0x08002419   Thumb Code    10  stm32f10x_gpio.o(i.GPIO_WriteBit)
    Get_APPVersion                           0x08002425   Thumb Code    34  boot.o(i.Get_APPVersion)
    HWSPI_Init                               0x0800248d   Thumb Code   184  spi.o(i.HWSPI_Init)
    HardFault_Handler                        0x0800254d   Thumb Code     4  stm32f10x_it.o(i.HardFault_Handler)
    IIC_Init                                 0x08002551   Thumb Code    46  iic.o(i.IIC_Init)
    IIC_ReceiveAck                           0x080025a1   Thumb Code    84  iic.o(i.IIC_ReceiveAck)
    IIC_ReceiveByte                          0x08002621   Thumb Code    56  iic.o(i.IIC_ReceiveByte)
    IIC_SendAck                              0x08002659   Thumb Code    30  iic.o(i.IIC_SendAck)
    IIC_SendByte                             0x08002677   Thumb Code    52  iic.o(i.IIC_SendByte)
    IIC_Start                                0x080026ab   Thumb Code    28  iic.o(i.IIC_Start)
    IIC_Stop                                 0x080026c7   Thumb Code    28  iic.o(i.IIC_Stop)
    InterFlash_ErasePage                     0x0800271d   Thumb Code    24  interflash.o(i.InterFlash_ErasePage)
    InterFlash_RecvBin                       0x08002735   Thumb Code    96  interflash.o(i.InterFlash_RecvBin)
    InterFlash_WriteBuf_Word                 0x08002899   Thumb Code   100  interflash.o(i.InterFlash_WriteBuf_Word)
    InterFlash_WritePage                     0x08002969   Thumb Code    20  interflash.o(i.InterFlash_WritePage)
    MemManage_Handler                        0x0800297d   Thumb Code     4  stm32f10x_it.o(i.MemManage_Handler)
    MyUSART_Init                             0x08002981   Thumb Code    14  usart.o(i.MyUSART_Init)
    NMI_Handler                              0x08002995   Thumb Code     2  stm32f10x_it.o(i.NMI_Handler)
    NVIC_Init                                0x08002999   Thumb Code   100  misc.o(i.NVIC_Init)
    NVIC_PriorityGroupConfig                 0x08002a09   Thumb Code    10  misc.o(i.NVIC_PriorityGroupConfig)
    OnlineOTA_ConfigInfo                     0x08002a1d   Thumb Code    34  onlineota.o(i.OnlineOTA_ConfigInfo)
    OnlineOTA_UpdateAPP                      0x08002a45   Thumb Code   206  onlineota.o(i.OnlineOTA_UpdateAPP)
    PendSV_Handler                           0x08002bb9   Thumb Code     2  stm32f10x_it.o(i.PendSV_Handler)
    RCC_APB1PeriphClockCmd                   0x08002bbd   Thumb Code    26  stm32f10x_rcc.o(i.RCC_APB1PeriphClockCmd)
    RCC_APB1PeriphResetCmd                   0x08002bdd   Thumb Code    26  stm32f10x_rcc.o(i.RCC_APB1PeriphResetCmd)
    RCC_APB2PeriphClockCmd                   0x08002bfd   Thumb Code    26  stm32f10x_rcc.o(i.RCC_APB2PeriphClockCmd)
    RCC_APB2PeriphResetCmd                   0x08002c1d   Thumb Code    26  stm32f10x_rcc.o(i.RCC_APB2PeriphResetCmd)
    RCC_GetClocksFreq                        0x08002c3d   Thumb Code   192  stm32f10x_rcc.o(i.RCC_GetClocksFreq)
    Read_RingBuffer                          0x08002d11   Thumb Code    96  ringbuffer.o(i.Read_RingBuffer)
    Read_SavingOTAInfo                       0x08002d71   Thumb Code    24  boot.o(i.Read_SavingOTAInfo)
    RingBuffer_Init                          0x08002d8d   Thumb Code    32  ringbuffer.o(i.RingBuffer_Init)
    RingBuffer_ReadFrame                     0x08002dad   Thumb Code    72  ringbuffer.o(i.RingBuffer_ReadFrame)
    SPI_Cmd                                  0x08002df5   Thumb Code    24  stm32f10x_spi.o(i.SPI_Cmd)
    SPI_I2S_DeInit                           0x08002e0d   Thumb Code    76  stm32f10x_spi.o(i.SPI_I2S_DeInit)
    SPI_I2S_GetFlagStatus                    0x08002e65   Thumb Code    18  stm32f10x_spi.o(i.SPI_I2S_GetFlagStatus)
    SPI_I2S_ReceiveData                      0x08002e77   Thumb Code     6  stm32f10x_spi.o(i.SPI_I2S_ReceiveData)
    SPI_I2S_SendData                         0x08002e7d   Thumb Code     4  stm32f10x_spi.o(i.SPI_I2S_SendData)
    SPI_Init                                 0x08002e81   Thumb Code    60  stm32f10x_spi.o(i.SPI_Init)
    SPI_Read                                 0x08002ebd   Thumb Code    50  spi.o(i.SPI_Read)
    SPI_Start                                0x08002eef   Thumb Code    10  spi.o(i.SPI_Start)
    SPI_Stop                                 0x08002ef9   Thumb Code    10  spi.o(i.SPI_Stop)
    SPI_SwapByte                             0x08002f05   Thumb Code    50  spi.o(i.SPI_SwapByte)
    SPI_Write                                0x08002f55   Thumb Code    30  spi.o(i.SPI_Write)
    SVC_Handler                              0x08002f73   Thumb Code     2  stm32f10x_it.o(i.SVC_Handler)
    Saving_OTAInfo                           0x08002f75   Thumb Code    14  boot.o(i.Saving_OTAInfo)
    Set_APPVersion                           0x08003071   Thumb Code   118  boot.o(i.Set_APPVersion)
    SysTick_Handler                          0x0800319d   Thumb Code     2  stm32f10x_it.o(i.SysTick_Handler)
    SystemInit                               0x080031a1   Thumb Code    78  system_stm32f10x.o(i.SystemInit)
    USART2_IRQHandler                        0x08003201   Thumb Code   106  usart.o(i.USART2_IRQHandler)
    USART_Cmd                                0x0800327d   Thumb Code    24  stm32f10x_usart.o(i.USART_Cmd)
    USART_DeInit                             0x08003295   Thumb Code   134  stm32f10x_usart.o(i.USART_DeInit)
    USART_GetFlagStatus                      0x08003331   Thumb Code    26  stm32f10x_usart.o(i.USART_GetFlagStatus)
    USART_GetITStatus                        0x0800334b   Thumb Code    84  stm32f10x_usart.o(i.USART_GetITStatus)
    USART_IAP                                0x080033a1   Thumb Code    42  boot.o(i.USART_IAP)
    USART_ITConfig                           0x08003401   Thumb Code    74  stm32f10x_usart.o(i.USART_ITConfig)
    USART_Init                               0x0800344d   Thumb Code   210  stm32f10x_usart.o(i.USART_Init)
    USART_ReceiveData                        0x08003525   Thumb Code    10  stm32f10x_usart.o(i.USART_ReceiveData)
    USART_SendData                           0x0800352f   Thumb Code     8  stm32f10x_usart.o(i.USART_SendData)
    Update_FCBList                           0x08003537   Thumb Code    82  ringbuffer.o(i.Update_FCBList)
    UsageFault_Handler                       0x08003589   Thumb Code     4  stm32f10x_it.o(i.UsageFault_Handler)
    W25Q64_BlockErase_64K                    0x0800358d   Thumb Code    58  w25q64.o(i.W25Q64_BlockErase_64K)
    W25Q64_Init                              0x080035c7   Thumb Code     8  w25q64.o(i.W25Q64_Init)
    W25Q64_ReadData                          0x080035d1   Thumb Code   100  w25q64.o(i.W25Q64_ReadData)
    W25Q64_ReadPages                         0x08003665   Thumb Code    68  w25q64.o(i.W25Q64_ReadPages)
    W25Q64_WritePage                         0x08003761   Thumb Code    96  w25q64.o(i.W25Q64_WritePage)
    WaitForInput                             0x08003805   Thumb Code    30  ringbuffer.o(i.WaitForInput)
    Write_RingBuffer                         0x08003829   Thumb Code    92  ringbuffer.o(i.Write_RingBuffer)
    Xmodem_RecvData_1K                       0x08003915   Thumb Code   218  xmodem.o(i.Xmodem_RecvData_1K)
    __0vsnprintf                             0x08003b21   Thumb Code    40  printfa.o(i.__0vsnprintf)
    __1vsnprintf                             0x08003b21   Thumb Code     0  printfa.o(i.__0vsnprintf)
    __2vsnprintf                             0x08003b21   Thumb Code     0  printfa.o(i.__0vsnprintf)
    __c89vsnprintf                           0x08003b21   Thumb Code     0  printfa.o(i.__0vsnprintf)
    vsnprintf                                0x08003b21   Thumb Code     0  printfa.o(i.__0vsnprintf)
    __scatterload_copy                       0x08003b4d   Thumb Code    14  handlers.o(i.__scatterload_copy)
    __scatterload_null                       0x08003b5b   Thumb Code     2  handlers.o(i.__scatterload_null)
    __scatterload_zeroinit                   0x08003b5d   Thumb Code    14  handlers.o(i.__scatterload_zeroinit)
    free                                     0x08004435   Thumb Code    76  malloc.o(i.free)
    is_FCBList_Empty                         0x08004485   Thumb Code    16  ringbuffer.o(i.is_FCBList_Empty)
    is_RingBuffer_Empty                      0x08004495   Thumb Code    16  ringbuffer.o(i.is_RingBuffer_Empty)
    is_RingBuffer_Full                       0x080044a5   Thumb Code    22  ringbuffer.o(i.is_RingBuffer_Full)
    main                                     0x080044bd   Thumb Code   208  main.o(i.main)
    malloc                                   0x08004649   Thumb Code    92  malloc.o(i.malloc)
    __ctype_categories                       0x080046b4   Data          64  ctype_c.o(.constdata)
    Region$$Table$$Base                      0x080047d4   Number         0  anon$$obj.o(Region$$Table)
    Region$$Table$$Limit                     0x080047f4   Number         0  anon$$obj.o(Region$$Table)
    OTA_Status                               0x2000001c   Data           1  boot.o(.data)
    __microlib_freelist                      0x20000020   Data           4  mvars.o(.data)
    __microlib_freelist_initialised          0x20000024   Data           4  mvars.o(.data)
    CMD_USART_RingBuffer                     0x20000028   Data        1044  usart.o(.bss)
    OTA_Info                                 0x2000043c   Data         216  boot.o(.bss)
    Xmodem_FCB                               0x20000514   Data        1028  xmodem.o(.bss)
    __heap_base                              0x20000918   Data           0  startup_stm32f10x_md.o(HEAP)
    __heap_limit                             0x20000d18   Data           0  startup_stm32f10x_md.o(HEAP)
    __initial_sp                             0x20001118   Data           0  startup_stm32f10x_md.o(STACK)



==============================================================================

Memory Map of the image

  Image Entry point : 0x080000ed

  Load Region LR_IROM1 (Base: 0x08000000, Size: 0x0000481c, Max: 0x00005000, ABSOLUTE)

    Execution Region ER_IROM1 (Exec base: 0x08000000, Load base: 0x08000000, Size: 0x000047f4, Max: 0x00005000, ABSOLUTE)

    Exec Addr    Load Addr    Size         Type   Attr      Idx    E Section Name        Object

    0x08000000   0x08000000   0x000000ec   Data   RO            3    RESET               startup_stm32f10x_md.o
    0x080000ec   0x080000ec   0x00000000   Code   RO         4043  * .ARM.Collect$$$$00000000  mc_w.l(entry.o)
    0x080000ec   0x080000ec   0x00000004   Code   RO         4114    .ARM.Collect$$$$00000001  mc_w.l(entry2.o)
    0x080000f0   0x080000f0   0x00000004   Code   RO         4117    .ARM.Collect$$$$00000004  mc_w.l(entry5.o)
    0x080000f4   0x080000f4   0x00000000   Code   RO         4119    .ARM.Collect$$$$00000008  mc_w.l(entry7b.o)
    0x080000f4   0x080000f4   0x00000000   Code   RO         4121    .ARM.Collect$$$$0000000A  mc_w.l(entry8b.o)
    0x080000f4   0x080000f4   0x00000008   Code   RO         4122    .ARM.Collect$$$$0000000B  mc_w.l(entry9a.o)
    0x080000fc   0x080000fc   0x00000000   Code   RO         4124    .ARM.Collect$$$$0000000D  mc_w.l(entry10a.o)
    0x080000fc   0x080000fc   0x00000000   Code   RO         4126    .ARM.Collect$$$$0000000F  mc_w.l(entry11a.o)
    0x080000fc   0x080000fc   0x00000004   Code   RO         4115    .ARM.Collect$$$$00002712  mc_w.l(entry2.o)
    0x08000100   0x08000100   0x00000020   Code   RO           10    .emb_text           core_cm3.o
    0x08000120   0x08000120   0x00000024   Code   RO            4    .text               startup_stm32f10x_md.o
    0x08000144   0x08000144   0x00000024   Code   RO         4046    .text               mc_w.l(memcpya.o)
    0x08000168   0x08000168   0x00000024   Code   RO         4048    .text               mc_w.l(memseta.o)
    0x0800018c   0x0800018c   0x0000000e   Code   RO         4050    .text               mc_w.l(strlen.o)
    0x0800019a   0x0800019a   0x00000002   PAD
    0x0800019c   0x0800019c   0x00000038   Code   RO         4110    .text               mc_w.l(__0sscanf.o)
    0x080001d4   0x080001d4   0x0000014c   Code   RO         4112    .text               mc_w.l(_scanf_int.o)
    0x08000320   0x08000320   0x0000002c   Code   RO         4131    .text               mc_w.l(uidiv.o)
    0x0800034c   0x0800034c   0x00000062   Code   RO         4133    .text               mc_w.l(uldiv.o)
    0x080003ae   0x080003ae   0x0000001c   Code   RO         4137    .text               mc_w.l(_chval.o)
    0x080003ca   0x080003ca   0x00000002   PAD
    0x080003cc   0x080003cc   0x00000028   Code   RO         4139    .text               mc_w.l(scanf_char.o)
    0x080003f4   0x080003f4   0x00000040   Code   RO         4141    .text               mc_w.l(_sgetc.o)
    0x08000434   0x08000434   0x00000000   Code   RO         4143    .text               mc_w.l(iusefp.o)
    0x08000434   0x08000434   0x0000014e   Code   RO         4144    .text               mf_w.l(dadd.o)
    0x08000582   0x08000582   0x000000e4   Code   RO         4146    .text               mf_w.l(dmul.o)
    0x08000666   0x08000666   0x000000de   Code   RO         4148    .text               mf_w.l(ddiv.o)
    0x08000744   0x08000744   0x00000030   Code   RO         4150    .text               mf_w.l(dfixul.o)
    0x08000774   0x08000774   0x00000030   Code   RO         4152    .text               mf_w.l(cdrcmple.o)
    0x080007a4   0x080007a4   0x00000024   Code   RO         4154    .text               mc_w.l(init.o)
    0x080007c8   0x080007c8   0x0000001e   Code   RO         4157    .text               mc_w.l(llshl.o)
    0x080007e6   0x080007e6   0x00000020   Code   RO         4159    .text               mc_w.l(llushr.o)
    0x08000806   0x08000806   0x00000024   Code   RO         4161    .text               mc_w.l(llsshr.o)
    0x0800082a   0x0800082a   0x0000000a   Code   RO         4163    .text               mc_w.l(isspace_c.o)
    0x08000834   0x08000834   0x0000032c   Code   RO         4165    .text               mc_w.l(_scanf.o)
    0x08000b60   0x08000b60   0x000000ba   Code   RO         4168    .text               mf_w.l(depilogue.o)
    0x08000c1a   0x08000c1a   0x00000002   PAD
    0x08000c1c   0x08000c1c   0x00000028   Code   RO         4170    .text               mc_w.l(ctype_c.o)
    0x08000c44   0x08000c44   0x00000008   Code   RO         3381    i.AT24C02_Init      at24c02.o
    0x08000c4c   0x08000c4c   0x0000003e   Code   RO         3382    i.AT24C02_Read      at24c02.o
    0x08000c8a   0x08000c8a   0x00000066   Code   RO         3383    i.AT24C02_ReadByte  at24c02.o
    0x08000cf0   0x08000cf0   0x00000036   Code   RO         3384    i.AT24C02_Write     at24c02.o
    0x08000d26   0x08000d26   0x00000056   Code   RO         3385    i.AT24C02_WriteByte  at24c02.o
    0x08000d7c   0x08000d7c   0x00000348   Code   RO         3770    i.BootLoader_CMD    cmd.o
    0x080010c4   0x080010c4   0x00000158   Code   RO         3688    i.BootLoader_GoToAPP  boot.o
    0x0800121c   0x0800121c   0x000000a0   Code   RO         3689    i.BootLoader_Reset  boot.o
    0x080012bc   0x080012bc   0x00000004   Code   RO         3980    i.BusFault_Handler  stm32f10x_it.o
    0x080012c0   0x080012c0   0x00000090   Code   RO         3771    i.CMD_Entrance      cmd.o
    0x08001350   0x08001350   0x00000288   Code   RO         3772    i.CMD_Menu          cmd.o
    0x080015d8   0x080015d8   0x000000c8   Code   RO         3188    i.CMD_USART_Init    usart.o
    0x080016a0   0x080016a0   0x00000028   Code   RO         3189    i.CMD_USART_Printf  usart.o
    0x080016c8   0x080016c8   0x00000030   Code   RO         3190    i.CMD_USART_SendByte  usart.o
    0x080016f8   0x080016f8   0x0000001a   Code   RO         3191    i.CMD_USART_SendString  usart.o
    0x08001712   0x08001712   0x00000020   Code   RO         3802    i.Create_FCBListItem  ringbuffer.o
    0x08001732   0x08001732   0x00000002   Code   RO         3981    i.DebugMon_Handler  stm32f10x_it.o
    0x08001734   0x08001734   0x00000018   Code   RO         3160    i.Delay_ms          delay.o
    0x0800174c   0x0800174c   0x00000018   Code   RO         3161    i.Delay_s           delay.o
    0x08001764   0x08001764   0x00000036   Code   RO         3162    i.Delay_us          delay.o
    0x0800179a   0x0800179a   0x00000002   PAD
    0x0800179c   0x0800179c   0x000000ac   Code   RO         3691    i.Detect_OnlineOTA  boot.o
    0x08001848   0x08001848   0x0000003c   Code   RO         3256    i.EXTI0_IRQHandler  key.o
    0x08001884   0x08001884   0x0000000c   Code   RO          949    i.EXTI_ClearITPendingBit  stm32f10x_exti.o
    0x08001890   0x08001890   0x00000028   Code   RO          953    i.EXTI_GetITStatus  stm32f10x_exti.o
    0x080018b8   0x080018b8   0x0000002c   Code   RO         3692    i.Erase_APP         boot.o
    0x080018e4   0x080018e4   0x00000114   Code   RO         3483    i.ExFlash_DeleteProg  w25q64.o
    0x080019f8   0x080019f8   0x0000028c   Code   RO         3484    i.ExFlash_DownloadFromUSART  w25q64.o
    0x08001c84   0x08001c84   0x00000184   Code   RO         3485    i.ExFlash_Menu      w25q64.o
    0x08001e08   0x08001e08   0x000001e0   Code   RO         3486    i.ExFlash_MoveInAPP  w25q64.o
    0x08001fe8   0x08001fe8   0x000000a8   Code   RO         3487    i.ExFlash_SelectBlock  w25q64.o
    0x08002090   0x08002090   0x00000108   Code   RO         3488    i.ExFlash_SetVersion  w25q64.o
    0x08002198   0x08002198   0x0000004c   Code   RO         1010    i.FLASH_ErasePage   stm32f10x_flash.o
    0x080021e4   0x080021e4   0x00000034   Code   RO         1011    i.FLASH_GetBank1Status  stm32f10x_flash.o
    0x08002218   0x08002218   0x00000014   Code   RO         1020    i.FLASH_Lock        stm32f10x_flash.o
    0x0800222c   0x0800222c   0x0000006c   Code   RO         1025    i.FLASH_ProgramWord  stm32f10x_flash.o
    0x08002298   0x08002298   0x00000018   Code   RO         1028    i.FLASH_Unlock      stm32f10x_flash.o
    0x080022b0   0x080022b0   0x00000026   Code   RO         1032    i.FLASH_WaitForLastOperation  stm32f10x_flash.o
    0x080022d6   0x080022d6   0x00000116   Code   RO         1311    i.GPIO_Init         stm32f10x_gpio.o
    0x080023ec   0x080023ec   0x00000012   Code   RO         1315    i.GPIO_ReadInputDataBit  stm32f10x_gpio.o
    0x080023fe   0x080023fe   0x00000012   Code   RO         1317    i.GPIO_ReadOutputDataBit  stm32f10x_gpio.o
    0x08002410   0x08002410   0x00000004   Code   RO         1318    i.GPIO_ResetBits    stm32f10x_gpio.o
    0x08002414   0x08002414   0x00000004   Code   RO         1319    i.GPIO_SetBits      stm32f10x_gpio.o
    0x08002418   0x08002418   0x0000000a   Code   RO         1322    i.GPIO_WriteBit     stm32f10x_gpio.o
    0x08002422   0x08002422   0x00000002   PAD
    0x08002424   0x08002424   0x00000068   Code   RO         3693    i.Get_APPVersion    boot.o
    0x0800248c   0x0800248c   0x000000c0   Code   RO         3433    i.HWSPI_Init        spi.o
    0x0800254c   0x0800254c   0x00000004   Code   RO         3982    i.HardFault_Handler  stm32f10x_it.o
    0x08002550   0x08002550   0x00000034   Code   RO         3304    i.IIC_Init          iic.o
    0x08002584   0x08002584   0x0000001c   Code   RO         3305    i.IIC_RD_SDA        iic.o
    0x080025a0   0x080025a0   0x00000080   Code   RO         3306    i.IIC_ReceiveAck    iic.o
    0x08002620   0x08002620   0x00000038   Code   RO         3307    i.IIC_ReceiveByte   iic.o
    0x08002658   0x08002658   0x0000001e   Code   RO         3308    i.IIC_SendAck       iic.o
    0x08002676   0x08002676   0x00000034   Code   RO         3309    i.IIC_SendByte      iic.o
    0x080026aa   0x080026aa   0x0000001c   Code   RO         3310    i.IIC_Start         iic.o
    0x080026c6   0x080026c6   0x0000001c   Code   RO         3311    i.IIC_Stop          iic.o
    0x080026e2   0x080026e2   0x00000002   PAD
    0x080026e4   0x080026e4   0x0000001c   Code   RO         3312    i.IIC_W_SCL         iic.o
    0x08002700   0x08002700   0x0000001c   Code   RO         3313    i.IIC_W_SDA         iic.o
    0x0800271c   0x0800271c   0x00000018   Code   RO         3595    i.InterFlash_ErasePage  interflash.o
    0x08002734   0x08002734   0x00000114   Code   RO         3600    i.InterFlash_RecvBin  interflash.o
    0x08002848   0x08002848   0x00000050   Code   RO         3601    i.InterFlash_UpdatePage  interflash.o
    0x08002898   0x08002898   0x000000d0   Code   RO         3602    i.InterFlash_WriteBuf_Word  interflash.o
    0x08002968   0x08002968   0x00000014   Code   RO         3604    i.InterFlash_WritePage  interflash.o
    0x0800297c   0x0800297c   0x00000004   Code   RO         3983    i.MemManage_Handler  stm32f10x_it.o
    0x08002980   0x08002980   0x00000014   Code   RO         3192    i.MyUSART_Init      usart.o
    0x08002994   0x08002994   0x00000002   Code   RO         3984    i.NMI_Handler       stm32f10x_it.o
    0x08002996   0x08002996   0x00000002   PAD
    0x08002998   0x08002998   0x00000070   Code   RO          107    i.NVIC_Init         misc.o
    0x08002a08   0x08002a08   0x00000014   Code   RO          108    i.NVIC_PriorityGroupConfig  misc.o
    0x08002a1c   0x08002a1c   0x00000028   Code   RO         3925    i.OnlineOTA_ConfigInfo  onlineota.o
    0x08002a44   0x08002a44   0x00000174   Code   RO         3926    i.OnlineOTA_UpdateAPP  onlineota.o
    0x08002bb8   0x08002bb8   0x00000002   Code   RO         3985    i.PendSV_Handler    stm32f10x_it.o
    0x08002bba   0x08002bba   0x00000002   PAD
    0x08002bbc   0x08002bbc   0x00000020   Code   RO         1739    i.RCC_APB1PeriphClockCmd  stm32f10x_rcc.o
    0x08002bdc   0x08002bdc   0x00000020   Code   RO         1740    i.RCC_APB1PeriphResetCmd  stm32f10x_rcc.o
    0x08002bfc   0x08002bfc   0x00000020   Code   RO         1741    i.RCC_APB2PeriphClockCmd  stm32f10x_rcc.o
    0x08002c1c   0x08002c1c   0x00000020   Code   RO         1742    i.RCC_APB2PeriphResetCmd  stm32f10x_rcc.o
    0x08002c3c   0x08002c3c   0x000000d4   Code   RO         1749    i.RCC_GetClocksFreq  stm32f10x_rcc.o
    0x08002d10   0x08002d10   0x00000060   Code   RO         3803    i.Read_RingBuffer   ringbuffer.o
    0x08002d70   0x08002d70   0x0000001c   Code   RO         3695    i.Read_SavingOTAInfo  boot.o
    0x08002d8c   0x08002d8c   0x00000020   Code   RO         3804    i.RingBuffer_Init   ringbuffer.o
    0x08002dac   0x08002dac   0x00000048   Code   RO         3805    i.RingBuffer_ReadFrame  ringbuffer.o
    0x08002df4   0x08002df4   0x00000018   Code   RO         2227    i.SPI_Cmd           stm32f10x_spi.o
    0x08002e0c   0x08002e0c   0x00000058   Code   RO         2234    i.SPI_I2S_DeInit    stm32f10x_spi.o
    0x08002e64   0x08002e64   0x00000012   Code   RO         2235    i.SPI_I2S_GetFlagStatus  stm32f10x_spi.o
    0x08002e76   0x08002e76   0x00000006   Code   RO         2238    i.SPI_I2S_ReceiveData  stm32f10x_spi.o
    0x08002e7c   0x08002e7c   0x00000004   Code   RO         2239    i.SPI_I2S_SendData  stm32f10x_spi.o
    0x08002e80   0x08002e80   0x0000003c   Code   RO         2240    i.SPI_Init          stm32f10x_spi.o
    0x08002ebc   0x08002ebc   0x00000032   Code   RO         3434    i.SPI_Read          spi.o
    0x08002eee   0x08002eee   0x0000000a   Code   RO         3435    i.SPI_Start         spi.o
    0x08002ef8   0x08002ef8   0x0000000a   Code   RO         3436    i.SPI_Stop          spi.o
    0x08002f02   0x08002f02   0x00000002   PAD
    0x08002f04   0x08002f04   0x00000038   Code   RO         3437    i.SPI_SwapByte      spi.o
    0x08002f3c   0x08002f3c   0x00000018   Code   RO         3438    i.SPI_W_SS          spi.o
    0x08002f54   0x08002f54   0x0000001e   Code   RO         3439    i.SPI_Write         spi.o
    0x08002f72   0x08002f72   0x00000002   Code   RO         3986    i.SVC_Handler       stm32f10x_it.o
    0x08002f74   0x08002f74   0x00000014   Code   RO         3696    i.Saving_OTAInfo    boot.o
    0x08002f88   0x08002f88   0x00000008   Code   RO           24    i.SetSysClock       system_stm32f10x.o
    0x08002f90   0x08002f90   0x000000e0   Code   RO           25    i.SetSysClockTo72   system_stm32f10x.o
    0x08003070   0x08003070   0x0000012c   Code   RO         3697    i.Set_APPVersion    boot.o
    0x0800319c   0x0800319c   0x00000002   Code   RO         3987    i.SysTick_Handler   stm32f10x_it.o
    0x0800319e   0x0800319e   0x00000002   PAD
    0x080031a0   0x080031a0   0x00000060   Code   RO           27    i.SystemInit        system_stm32f10x.o
    0x08003200   0x08003200   0x0000007c   Code   RO         3193    i.USART2_IRQHandler  usart.o
    0x0800327c   0x0800327c   0x00000018   Code   RO         2924    i.USART_Cmd         stm32f10x_usart.o
    0x08003294   0x08003294   0x0000009c   Code   RO         2926    i.USART_DeInit      stm32f10x_usart.o
    0x08003330   0x08003330   0x0000001a   Code   RO         2927    i.USART_GetFlagStatus  stm32f10x_usart.o
    0x0800334a   0x0800334a   0x00000054   Code   RO         2928    i.USART_GetITStatus  stm32f10x_usart.o
    0x0800339e   0x0800339e   0x00000002   PAD
    0x080033a0   0x080033a0   0x00000060   Code   RO         3698    i.USART_IAP         boot.o
    0x08003400   0x08003400   0x0000004a   Code   RO         2930    i.USART_ITConfig    stm32f10x_usart.o
    0x0800344a   0x0800344a   0x00000002   PAD
    0x0800344c   0x0800344c   0x000000d8   Code   RO         2931    i.USART_Init        stm32f10x_usart.o
    0x08003524   0x08003524   0x0000000a   Code   RO         2938    i.USART_ReceiveData  stm32f10x_usart.o
    0x0800352e   0x0800352e   0x00000008   Code   RO         2941    i.USART_SendData    stm32f10x_usart.o
    0x08003536   0x08003536   0x00000052   Code   RO         3806    i.Update_FCBList    ringbuffer.o
    0x08003588   0x08003588   0x00000004   Code   RO         3988    i.UsageFault_Handler  stm32f10x_it.o
    0x0800358c   0x0800358c   0x0000003a   Code   RO         3489    i.W25Q64_BlockErase_64K  w25q64.o
    0x080035c6   0x080035c6   0x00000008   Code   RO         3490    i.W25Q64_Init       w25q64.o
    0x080035ce   0x080035ce   0x00000002   PAD
    0x080035d0   0x080035d0   0x00000094   Code   RO         3491    i.W25Q64_ReadData   w25q64.o
    0x08003664   0x08003664   0x00000074   Code   RO         3493    i.W25Q64_ReadPages  w25q64.o
    0x080036d8   0x080036d8   0x00000074   Code   RO         3495    i.W25Q64_WaitNotBusy  w25q64.o
    0x0800374c   0x0800374c   0x00000012   Code   RO         3496    i.W25Q64_WriteEnable  w25q64.o
    0x0800375e   0x0800375e   0x00000002   PAD
    0x08003760   0x08003760   0x000000a4   Code   RO         3497    i.W25Q64_WritePage  w25q64.o
    0x08003804   0x08003804   0x00000024   Code   RO         3807    i.WaitForInput      ringbuffer.o
    0x08003828   0x08003828   0x0000005c   Code   RO         3808    i.Write_RingBuffer  ringbuffer.o
    0x08003884   0x08003884   0x0000001a   Code   RO         3872    i.Xmodem_CheckCRC   xmodem.o
    0x0800389e   0x0800389e   0x00000002   PAD
    0x080038a0   0x080038a0   0x00000030   Code   RO         3873    i.Xmodem_CheckNum   xmodem.o
    0x080038d0   0x080038d0   0x00000044   Code   RO         3874    i.Xmodem_GetCRC16_Buf  xmodem.o
    0x08003914   0x08003914   0x0000011c   Code   RO         3876    i.Xmodem_RecvData_1K  xmodem.o
    0x08003a30   0x08003a30   0x000000f0   Code   RO         3877    i.Xmodem_RecvPacket  xmodem.o
    0x08003b20   0x08003b20   0x0000002c   Code   RO         4060    i.__0vsnprintf      mc_w.l(printfa.o)
    0x08003b4c   0x08003b4c   0x0000000e   Code   RO         4175    i.__scatterload_copy  mc_w.l(handlers.o)
    0x08003b5a   0x08003b5a   0x00000002   Code   RO         4176    i.__scatterload_null  mc_w.l(handlers.o)
    0x08003b5c   0x08003b5c   0x0000000e   Code   RO         4177    i.__scatterload_zeroinit  mc_w.l(handlers.o)
    0x08003b6a   0x08003b6a   0x00000002   PAD
    0x08003b6c   0x08003b6c   0x00000184   Code   RO         4062    i._fp_digits        mc_w.l(printfa.o)
    0x08003cf0   0x08003cf0   0x000006dc   Code   RO         4063    i._printf_core      mc_w.l(printfa.o)
    0x080043cc   0x080043cc   0x00000024   Code   RO         4064    i._printf_post_padding  mc_w.l(printfa.o)
    0x080043f0   0x080043f0   0x0000002e   Code   RO         4065    i._printf_pre_padding  mc_w.l(printfa.o)
    0x0800441e   0x0800441e   0x00000016   Code   RO         4066    i._snputc           mc_w.l(printfa.o)
    0x08004434   0x08004434   0x00000050   Code   RO         4082    i.free              mc_w.l(malloc.o)
    0x08004484   0x08004484   0x00000010   Code   RO         3809    i.is_FCBList_Empty  ringbuffer.o
    0x08004494   0x08004494   0x00000010   Code   RO         3810    i.is_RingBuffer_Empty  ringbuffer.o
    0x080044a4   0x080044a4   0x00000016   Code   RO         3811    i.is_RingBuffer_Full  ringbuffer.o
    0x080044ba   0x080044ba   0x00000002   PAD
    0x080044bc   0x080044bc   0x0000018c   Code   RO         3946    i.main              main.o
    0x08004648   0x08004648   0x0000006c   Code   RO         4083    i.malloc            mc_w.l(malloc.o)
    0x080046b4   0x080046b4   0x00000040   Data   RO         4171    .constdata          mc_w.l(ctype_c.o)
    0x080046f4   0x080046f4   0x00000089   Data   RO         3498    .conststring        w25q64.o
    0x0800477d   0x0800477d   0x00000003   PAD
    0x08004780   0x08004780   0x00000051   Data   RO         3949    .conststring        main.o
    0x080047d1   0x080047d1   0x00000003   PAD
    0x080047d4   0x080047d4   0x00000020   Data   RO         4173    Region$$Table       anon$$obj.o


    Execution Region RW_IRAM1 (Exec base: 0x20000000, Load base: 0x080047f4, Size: 0x00001118, Max: 0x00005000, ABSOLUTE)

    Exec Addr    Load Addr    Size         Type   Attr      Idx    E Section Name        Object

    0x20000000   0x080047f4   0x00000014   Data   RW         1769    .data               stm32f10x_rcc.o
    0x20000014   0x08004808   0x00000008   Data   RW         3195    .data               usart.o
    0x2000001c   0x08004810   0x00000001   Data   RW         3700    .data               boot.o
    0x2000001d   0x08004811   0x00000003   PAD
    0x20000020   0x08004814   0x00000004   Data   RW         4135    .data               mc_w.l(mvars.o)
    0x20000024   0x08004818   0x00000004   Data   RW         4136    .data               mc_w.l(mvars.o)
    0x20000028        -       0x00000414   Zero   RW         3194    .bss                usart.o
    0x2000043c        -       0x000000d8   Zero   RW         3699    .bss                boot.o
    0x20000514        -       0x00000404   Zero   RW         3878    .bss                xmodem.o
    0x20000918        -       0x00000400   Zero   RW            2    HEAP                startup_stm32f10x_md.o
    0x20000d18        -       0x00000400   Zero   RW            1    STACK               startup_stm32f10x_md.o


==============================================================================

Image component sizes


      Code (inc. data)   RO Data    RW Data    ZI Data      Debug   Object Name

       312          0          0          0          0       5093   at24c02.o
      1268        678          0          1        216      22208   boot.o
      1632        994          0          0          0       1825   cmd.o
        32          0          0          0          0       5032   core_cm3.o
       102          0          0          0          0       1444   delay.o
       458         68          0          0          0       4970   iic.o
       608        298          0          0          0       4932   interflash.o
        60          6          0          0          0        471   key.o
       396        188         81          0          0        651   main.o
       132         22          0          0          0     204743   misc.o
       412        172          0          0          0       1873   onlineota.o
       496          6          0          0          0       7840   ringbuffer.o
       372         20          0          0          0       4054   spi.o
        36          8        236          0       2048        824   startup_stm32f10x_md.o
         0          0          0          0          0       1668   stm32f10x_adc.o
        52         12          0          0          0       1076   stm32f10x_exti.o
       318         32          0          0          0      10974   stm32f10x_flash.o
       332          0          0          0          0      12993   stm32f10x_gpio.o
        26          0          0          0          0       3818   stm32f10x_it.o
       340         44          0         20          0      14112   stm32f10x_rcc.o
       200         12          0          0          0      11099   stm32f10x_spi.o
       598         28          0          0          0      12548   stm32f10x_usart.o
       328         28          0          0          0      38177   system_stm32f10x.o
       458         38          0          8       1044       4906   usart.o
      2856       1308        137          0          0      10553   w25q64.o
       666         78          0          0       1028       5726   xmodem.o

    ----------------------------------------------------------------------
     12516       4040        492         32       4336     393610   Object Totals
         0          0         32          0          0          0   (incl. Generated)
        26          0          6          3          0          0   (incl. Padding)

    ----------------------------------------------------------------------

      Code (inc. data)   RO Data    RW Data    ZI Data      Debug   Library Member Name

        56          8          0          0          0         84   __0sscanf.o
        28          0          0          0          0         68   _chval.o
       812          4          0          0          0        112   _scanf.o
       332          0          0          0          0         96   _scanf_int.o
        64          0          0          0          0         84   _sgetc.o
        40          6         64          0          0         68   ctype_c.o
         0          0          0          0          0          0   entry.o
         0          0          0          0          0          0   entry10a.o
         0          0          0          0          0          0   entry11a.o
         8          4          0          0          0          0   entry2.o
         4          0          0          0          0          0   entry5.o
         0          0          0          0          0          0   entry7b.o
         0          0          0          0          0          0   entry8b.o
         8          4          0          0          0          0   entry9a.o
        30          0          0          0          0          0   handlers.o
        36          8          0          0          0         68   init.o
        10          0          0          0          0         68   isspace_c.o
         0          0          0          0          0          0   iusefp.o
        30          0          0          0          0         68   llshl.o
        36          0          0          0          0         68   llsshr.o
        32          0          0          0          0         68   llushr.o
       188         20          0          0          0        160   malloc.o
        36          0          0          0          0         68   memcpya.o
        36          0          0          0          0        108   memseta.o
         0          0          0          8          0          0   mvars.o
      2292         84          0          0          0        516   printfa.o
        40          8          0          0          0         84   scanf_char.o
        14          0          0          0          0         68   strlen.o
        44          0          0          0          0         80   uidiv.o
        98          0          0          0          0         92   uldiv.o
        48          0          0          0          0         68   cdrcmple.o
       334          0          0          0          0        148   dadd.o
       222          0          0          0          0        100   ddiv.o
       186          0          0          0          0        176   depilogue.o
        48          0          0          0          0         68   dfixul.o
       228          0          0          0          0         96   dmul.o

    ----------------------------------------------------------------------
      5348        146         64          8          0       2684   Library Totals
         8          0          0          0          0          0   (incl. Padding)

    ----------------------------------------------------------------------

      Code (inc. data)   RO Data    RW Data    ZI Data      Debug   Library Name

      4274        146         64          8          0       2028   mc_w.l
      1066          0          0          0          0        656   mf_w.l

    ----------------------------------------------------------------------
      5348        146         64          8          0       2684   Library Totals

    ----------------------------------------------------------------------

==============================================================================


      Code (inc. data)   RO Data    RW Data    ZI Data      Debug   

     17864       4186        556         40       4336     388490   Grand Totals
     17864       4186        556         40       4336     388490   ELF Image Totals
     17864       4186        556         40          0          0   ROM Totals

==============================================================================

    Total RO  Size (Code + RO Data)                18420 (  17.99kB)
    Total RW  Size (RW Data + ZI Data)              4376 (   4.27kB)
    Total ROM Size (Code + RO Data + RW Data)      18460 (  18.03kB)

==============================================================================

