Component: ARM Compiler 5.06 update 5 (build 528) Tool: armlink [4d35e2]

==============================================================================

Section Cross References

    startup_stm32f10x_md.o(RESET) refers to startup_stm32f10x_md.o(STACK) for __initial_sp
    startup_stm32f10x_md.o(RESET) refers to startup_stm32f10x_md.o(.text) for Reset_Handler
    startup_stm32f10x_md.o(RESET) refers to stm32f10x_it.o(i.NMI_Handler) for NMI_Handler
    startup_stm32f10x_md.o(RESET) refers to stm32f10x_it.o(.emb_text) for HardFault_Handler
    startup_stm32f10x_md.o(RESET) refers to stm32f10x_it.o(i.MemManage_Handler) for MemManage_Handler
    startup_stm32f10x_md.o(RESET) refers to stm32f10x_it.o(i.BusFault_Handler) for BusFault_Handler
    startup_stm32f10x_md.o(RESET) refers to stm32f10x_it.o(i.UsageFault_Handler) for UsageFault_Handler
    startup_stm32f10x_md.o(RESET) refers to stm32f10x_it.o(i.SVC_Handler) for SVC_Handler
    startup_stm32f10x_md.o(RESET) refers to stm32f10x_it.o(i.DebugMon_Handler) for DebugMon_Handler
    startup_stm32f10x_md.o(RESET) refers to stm32f10x_it.o(i.PendSV_Handler) for PendSV_Handler
    startup_stm32f10x_md.o(RESET) refers to stm32f10x_it.o(i.SysTick_Handler) for SysTick_Handler
    startup_stm32f10x_md.o(RESET) refers to at_usart.o(i.USART3_IRQHandler) for USART3_IRQHandler
    startup_stm32f10x_md.o(.text) refers to system_stm32f10x.o(i.SystemInit) for SystemInit
    startup_stm32f10x_md.o(.text) refers to entry.o(.ARM.Collect$$$$00000000) for __main
    system_stm32f10x.o(i.SetSysClock) refers to system_stm32f10x.o(i.SetSysClockTo72) for SetSysClockTo72
    system_stm32f10x.o(i.SystemCoreClockUpdate) refers to system_stm32f10x.o(.data) for .data
    system_stm32f10x.o(i.SystemInit) refers to system_stm32f10x.o(i.SetSysClock) for SetSysClock
    stm32f10x_adc.o(i.ADC_DeInit) refers to stm32f10x_rcc.o(i.RCC_APB2PeriphResetCmd) for RCC_APB2PeriphResetCmd
    stm32f10x_bkp.o(i.BKP_DeInit) refers to stm32f10x_rcc.o(i.RCC_BackupResetCmd) for RCC_BackupResetCmd
    stm32f10x_can.o(i.CAN_DeInit) refers to stm32f10x_rcc.o(i.RCC_APB1PeriphResetCmd) for RCC_APB1PeriphResetCmd
    stm32f10x_can.o(i.CAN_GetITStatus) refers to stm32f10x_can.o(i.CheckITStatus) for CheckITStatus
    stm32f10x_cec.o(i.CEC_DeInit) refers to stm32f10x_rcc.o(i.RCC_APB1PeriphResetCmd) for RCC_APB1PeriphResetCmd
    stm32f10x_dac.o(i.DAC_DeInit) refers to stm32f10x_rcc.o(i.RCC_APB1PeriphResetCmd) for RCC_APB1PeriphResetCmd
    stm32f10x_flash.o(i.FLASH_EnableWriteProtection) refers to stm32f10x_flash.o(i.FLASH_WaitForLastOperation) for FLASH_WaitForLastOperation
    stm32f10x_flash.o(i.FLASH_EraseAllBank1Pages) refers to stm32f10x_flash.o(i.FLASH_WaitForLastBank1Operation) for FLASH_WaitForLastBank1Operation
    stm32f10x_flash.o(i.FLASH_EraseAllPages) refers to stm32f10x_flash.o(i.FLASH_WaitForLastOperation) for FLASH_WaitForLastOperation
    stm32f10x_flash.o(i.FLASH_EraseOptionBytes) refers to stm32f10x_flash.o(i.FLASH_GetReadOutProtectionStatus) for FLASH_GetReadOutProtectionStatus
    stm32f10x_flash.o(i.FLASH_EraseOptionBytes) refers to stm32f10x_flash.o(i.FLASH_WaitForLastOperation) for FLASH_WaitForLastOperation
    stm32f10x_flash.o(i.FLASH_ErasePage) refers to stm32f10x_flash.o(i.FLASH_WaitForLastOperation) for FLASH_WaitForLastOperation
    stm32f10x_flash.o(i.FLASH_ProgramHalfWord) refers to stm32f10x_flash.o(i.FLASH_WaitForLastOperation) for FLASH_WaitForLastOperation
    stm32f10x_flash.o(i.FLASH_ProgramOptionByteData) refers to stm32f10x_flash.o(i.FLASH_WaitForLastOperation) for FLASH_WaitForLastOperation
    stm32f10x_flash.o(i.FLASH_ProgramWord) refers to stm32f10x_flash.o(i.FLASH_WaitForLastOperation) for FLASH_WaitForLastOperation
    stm32f10x_flash.o(i.FLASH_ReadOutProtection) refers to stm32f10x_flash.o(i.FLASH_WaitForLastOperation) for FLASH_WaitForLastOperation
    stm32f10x_flash.o(i.FLASH_UserOptionByteConfig) refers to stm32f10x_flash.o(i.FLASH_WaitForLastOperation) for FLASH_WaitForLastOperation
    stm32f10x_flash.o(i.FLASH_WaitForLastBank1Operation) refers to stm32f10x_flash.o(i.FLASH_GetBank1Status) for FLASH_GetBank1Status
    stm32f10x_flash.o(i.FLASH_WaitForLastOperation) refers to stm32f10x_flash.o(i.FLASH_GetBank1Status) for FLASH_GetBank1Status
    stm32f10x_gpio.o(i.GPIO_AFIODeInit) refers to stm32f10x_rcc.o(i.RCC_APB2PeriphResetCmd) for RCC_APB2PeriphResetCmd
    stm32f10x_gpio.o(i.GPIO_DeInit) refers to stm32f10x_rcc.o(i.RCC_APB2PeriphResetCmd) for RCC_APB2PeriphResetCmd
    stm32f10x_i2c.o(i.I2C_DeInit) refers to stm32f10x_rcc.o(i.RCC_APB1PeriphResetCmd) for RCC_APB1PeriphResetCmd
    stm32f10x_i2c.o(i.I2C_Init) refers to stm32f10x_rcc.o(i.RCC_GetClocksFreq) for RCC_GetClocksFreq
    stm32f10x_pwr.o(i.PWR_DeInit) refers to stm32f10x_rcc.o(i.RCC_APB1PeriphResetCmd) for RCC_APB1PeriphResetCmd
    stm32f10x_rcc.o(i.RCC_GetClocksFreq) refers to stm32f10x_rcc.o(.data) for .data
[...]
    Removing stm32f10x_usart.o(i.USART_SmartCardCmd), (24 bytes).
    Removing stm32f10x_usart.o(i.USART_SmartCardNACKCmd), (24 bytes).
    Removing stm32f10x_usart.o(i.USART_StructInit), (22 bytes).
    Removing stm32f10x_usart.o(i.USART_WakeUpConfig), (16 bytes).
    Removing stm32f10x_wwdg.o(i.WWDG_ClearFlag), (12 bytes).
    Removing stm32f10x_wwdg.o(i.WWDG_DeInit), (24 bytes).
    Removing stm32f10x_wwdg.o(i.WWDG_Enable), (16 bytes).
    Removing stm32f10x_wwdg.o(i.WWDG_EnableIT), (12 bytes).
    Removing stm32f10x_wwdg.o(i.WWDG_GetFlagStatus), (12 bytes).
    Removing stm32f10x_wwdg.o(i.WWDG_SetCounter), (16 bytes).
    Removing stm32f10x_wwdg.o(i.WWDG_SetPrescaler), (20 bytes).
    Removing stm32f10x_wwdg.o(i.WWDG_SetWindowValue), (32 bytes).
    Removing oled.o(i.OLED_Clear), (40 bytes).
    Removing oled.o(i.OLED_ClearArea), (100 bytes).
    Removing oled.o(i.OLED_DrawArc), (582 bytes).
    Removing oled.o(i.OLED_DrawCircle), (356 bytes).
    Removing oled.o(i.OLED_DrawEllipse), (744 bytes).
    Removing oled.o(i.OLED_DrawLine), (332 bytes).
    Removing oled.o(i.OLED_DrawPoint), (40 bytes).
    Removing oled.o(i.OLED_DrawRectangle), (120 bytes).
    Removing oled.o(i.OLED_DrawTriangle), (196 bytes).
    Removing oled.o(i.OLED_GPIO_Init), (92 bytes).
    Removing oled.o(i.OLED_GetPoint), (52 bytes).
    Removing oled.o(i.OLED_I2C_SendByte), (58 bytes).
    Removing oled.o(i.OLED_I2C_Start), (30 bytes).
    Removing oled.o(i.OLED_I2C_Stop), (24 bytes).
    Removing oled.o(i.OLED_Init), (148 bytes).
    Removing oled.o(i.OLED_IsInAngle), (100 bytes).
    Removing oled.o(i.OLED_Pow), (16 bytes).
    Removing oled.o(i.OLED_Printf), (42 bytes).
    Removing oled.o(i.OLED_Reverse), (40 bytes).
    Removing oled.o(i.OLED_ReverseArea), (100 bytes).
    Removing oled.o(i.OLED_SetCursor), (34 bytes).
    Removing oled.o(i.OLED_ShowBinNum), (66 bytes).
    Removing oled.o(i.OLED_ShowChar), (60 bytes).
    Removing oled.o(i.OLED_ShowChinese), (140 bytes).
    Removing oled.o(i.OLED_ShowFloatNum), (186 bytes).
    Removing oled.o(i.OLED_ShowHexNum), (92 bytes).
    Removing oled.o(i.OLED_ShowImage), (168 bytes).
    Removing oled.o(i.OLED_ShowNum), (72 bytes).
    Removing oled.o(i.OLED_ShowSignedNum), (104 bytes).
    Removing oled.o(i.OLED_ShowString), (44 bytes).
    Removing oled.o(i.OLED_Update), (40 bytes).
    Removing oled.o(i.OLED_UpdateArea), (104 bytes).
    Removing oled.o(i.OLED_W_SCL), (16 bytes).
    Removing oled.o(i.OLED_W_SDA), (16 bytes).
    Removing oled.o(i.OLED_WriteCommand), (34 bytes).
    Removing oled.o(i.OLED_WriteData), (48 bytes).
    Removing oled.o(i.OLED_pnpoly), (112 bytes).
    Removing oled.o(.bss), (1024 bytes).
    Removing oled_data.o(.constdata), (1520 bytes).
    Removing oled_data.o(.constdata), (570 bytes).
    Removing oled_data.o(.constdata), (252 bytes).
    Removing oled_data.o(.constdata), (32 bytes).
    Removing delay.o(i.Delay_s), (24 bytes).
    Removing delay.o(i.Systick_Init), (48 bytes).
    Removing key.o(i.Key_Scan), (124 bytes).
    Removing heap_4.o(i.pvPortCalloc), (42 bytes).
    Removing heap_4.o(i.vPortGetHeapStats), (112 bytes).
    Removing heap_4.o(i.vPortInitialiseBlocks), (2 bytes).
    Removing heap_4.o(i.xPortGetFreeHeapSize), (12 bytes).
    Removing heap_4.o(i.xPortGetMinimumEverFreeHeapSize), (12 bytes).
    Removing list.o(i.vListInsertEnd), (24 bytes).
    Removing port.o(i.vPortEndScheduler), (2 bytes).
    Removing queue.o(i.prvCopyDataFromQueue), (40 bytes).
    Removing queue.o(i.uxQueueMessagesWaiting), (18 bytes).
    Removing queue.o(i.uxQueueMessagesWaitingFromISR), (4 bytes).
    Removing queue.o(i.uxQueueSpacesAvailable), (22 bytes).
    Removing queue.o(i.vQueueDelete), (4 bytes).
    Removing queue.o(i.xQueueGenericSendFromISR), (112 bytes).
    Removing queue.o(i.xQueueGiveMutexRecursive), (42 bytes).
    Removing queue.o(i.xQueueIsQueueEmptyFromISR), (14 bytes).
    Removing queue.o(i.xQueueIsQueueFullFromISR), (16 bytes).
    Removing queue.o(i.xQueuePeek), (240 bytes).
    Removing queue.o(i.xQueuePeekFromISR), (50 bytes).
    Removing queue.o(i.xQueueReceive), (240 bytes).
    Removing queue.o(i.xQueueReceiveFromISR), (110 bytes).
    Removing queue.o(i.xQueueTakeMutexRecursive), (46 bytes).
    Removing tasks.o(i.pcTaskGetName), (16 bytes).
    Removing tasks.o(i.prvTaskIsTaskSuspended), (32 bytes).
    Removing tasks.o(i.ulTaskGenericNotifyTake), (132 bytes).
    Removing tasks.o(i.ulTaskGenericNotifyValueClear), (48 bytes).
    Removing tasks.o(i.uxTaskPriorityGet), (28 bytes).
    Removing tasks.o(i.uxTaskPriorityGetFromISR), (40 bytes).
    Removing tasks.o(i.uxTaskResetEventItemValue), (24 bytes).
    Removing tasks.o(i.vTaskDelete), (160 bytes).
    Removing tasks.o(i.vTaskEndScheduler), (28 bytes).
    Removing tasks.o(i.vTaskGenericNotifyGiveFromISR), (232 bytes).
    Removing tasks.o(i.vTaskPlaceOnUnorderedEventList), (64 bytes).
    Removing tasks.o(i.vTaskPrioritySet), (216 bytes).
    Removing tasks.o(i.vTaskRemoveFromUnorderedEventList), (164 bytes).
    Removing tasks.o(i.vTaskResume), (148 bytes).
    Removing tasks.o(i.vTaskSetTimeOutState), (32 bytes).
    Removing tasks.o(i.vTaskSuspend), (176 bytes).
    Removing tasks.o(i.xTaskCatchUpTicks), (36 bytes).
    Removing tasks.o(i.xTaskDelayUntil), (92 bytes).
    Removing tasks.o(i.xTaskGenericNotify), (248 bytes).
    Removing tasks.o(i.xTaskGenericNotifyFromISR), (336 bytes).
    Removing tasks.o(i.xTaskGenericNotifyStateClear), (56 bytes).
    Removing tasks.o(i.xTaskGenericNotifyWait), (168 bytes).
    Removing tasks.o(i.xTaskGetCurrentTaskHandle), (12 bytes).
    Removing tasks.o(i.xTaskGetTickCount), (12 bytes).
    Removing tasks.o(i.xTaskGetTickCountFromISR), (12 bytes).
    Removing tasks.o(i.xTaskResumeFromISR), (172 bytes).
    Removing event_groups.o(i.prvTestWaitCondition), (24 bytes).
    Removing event_groups.o(i.vEventGroupClearBitsCallback), (4 bytes).
    Removing event_groups.o(i.vEventGroupDelete), (44 bytes).
    Removing event_groups.o(i.vEventGroupSetBitsCallback), (4 bytes).
    Removing event_groups.o(i.xEventGroupClearBits), (26 bytes).
    Removing event_groups.o(i.xEventGroupCreate), (26 bytes).
    Removing event_groups.o(i.xEventGroupGetBitsFromISR), (26 bytes).
    Removing event_groups.o(i.xEventGroupSetBits), (118 bytes).
    Removing event_groups.o(i.xEventGroupSync), (136 bytes).
    Removing event_groups.o(i.xEventGroupWaitBits), (188 bytes).
    Removing atcommand.o(i.AT_SendData), (4 bytes).
    Removing main.o(i.Task_Test), (420 bytes).
    Removing main.o(.data), (4 bytes).
    Removing fadd.o(.text), (176 bytes).
    Removing fflti.o(.text), (18 bytes).
    Removing dflti.o(.text), (34 bytes).
    Removing dfltui.o(.text), (26 bytes).
    Removing dfixi.o(.text), (62 bytes).
    Removing dfixui.o(.text), (50 bytes).
    Removing cdcmple.o(.text), (48 bytes).
    Removing d2f.o(.text), (56 bytes).
    Removing fepilogue.o(.text), (110 bytes).
    Removing dscalb.o(.text), (46 bytes).

578 unused section(s) (total 29636 bytes) removed from the image.

==============================================================================

Image Symbol Table

    Local Symbols

    Symbol Name                              Value     Ov Type        Size  Object(Section)

    ../clib/microlib/division.c              0x00000000   Number         0  uidiv.o ABSOLUTE
    ../clib/microlib/division.c              0x00000000   Number         0  uldiv.o ABSOLUTE
    ../clib/microlib/errno.c                 0x00000000   Number         0  errno.o ABSOLUTE
    ../clib/microlib/init/entry.s            0x00000000   Number         0  entry5.o ABSOLUTE
    ../clib/microlib/init/entry.s            0x00000000   Number         0  entry10a.o ABSOLUTE
    ../clib/microlib/init/entry.s            0x00000000   Number         0  entry8b.o ABSOLUTE
    ../clib/microlib/init/entry.s            0x00000000   Number         0  entry11b.o ABSOLUTE
    ../clib/microlib/init/entry.s            0x00000000   Number         0  entry.o ABSOLUTE
    ../clib/microlib/init/entry.s            0x00000000   Number         0  entry9b.o ABSOLUTE
    ../clib/microlib/init/entry.s            0x00000000   Number         0  entry9a.o ABSOLUTE
    ../clib/microlib/init/entry.s            0x00000000   Number         0  entry8a.o ABSOLUTE
    ../clib/microlib/init/entry.s            0x00000000   Number         0  entry11a.o ABSOLUTE
    ../clib/microlib/init/entry.s            0x00000000   Number         0  entry7b.o ABSOLUTE
    ../clib/microlib/init/entry.s            0x00000000   Number         0  entry10b.o ABSOLUTE
    ../clib/microlib/init/entry.s            0x00000000   Number         0  entry7a.o ABSOLUTE
    ../clib/microlib/init/entry.s            0x00000000   Number         0  entry2.o ABSOLUTE
    ../clib/microlib/longlong.c              0x00000000   Number         0  llsshr.o ABSOLUTE
    ../clib/microlib/longlong.c              0x00000000   Number         0  llushr.o ABSOLUTE
    ../clib/microlib/longlong.c              0x00000000   Number         0  llshl.o ABSOLUTE
    ../clib/microlib/printf/printf.c         0x00000000   Number         0  printf7.o ABSOLUTE
    ../clib/microlib/printf/printf.c         0x00000000   Number         0  printf6.o ABSOLUTE
    ../clib/microlib/printf/printf.c         0x00000000   Number         0  printfb.o ABSOLUTE
    ../clib/microlib/printf/printf.c         0x00000000   Number         0  printf0.o ABSOLUTE
    ../clib/microlib/printf/printf.c         0x00000000   Number         0  printf2.o ABSOLUTE
    ../clib/microlib/printf/printf.c         0x00000000   Number         0  printf1.o ABSOLUTE
    ../clib/microlib/printf/printf.c         0x00000000   Number         0  printfa.o ABSOLUTE
    ../clib/microlib/printf/printf.c         0x00000000   Number         0  printf3.o ABSOLUTE
    ../clib/microlib/printf/printf.c         0x00000000   Number         0  printf8.o ABSOLUTE
    ../clib/microlib/printf/printf.c         0x00000000   Number         0  printf5.o ABSOLUTE
    ../clib/microlib/printf/printf.c         0x00000000   Number         0  printf4.o ABSOLUTE
    ../clib/microlib/printf/stubs.s          0x00000000   Number         0  stubs.o ABSOLUTE
    ../clib/microlib/stdio/streams.c         0x00000000   Number         0  stdout.o ABSOLUTE
    ../clib/microlib/string/memcpy.c         0x00000000   Number         0  memcpyb.o ABSOLUTE
    ../clib/microlib/string/memcpy.c         0x00000000   Number         0  memcpya.o ABSOLUTE
    ../clib/microlib/string/memset.c         0x00000000   Number         0  memseta.o ABSOLUTE
    ../clib/microlib/string/strcmp.c         0x00000000   Number         0  strcmp.o ABSOLUTE
    ../clib/microlib/string/strstr.c         0x00000000   Number         0  strstr.o ABSOLUTE
    ../clib/microlib/stubs.s                 0x00000000   Number         0  iusefp.o ABSOLUTE
    ../fplib/microlib/d2f.c                  0x00000000   Number         0  d2f.o ABSOLUTE
    ../fplib/microlib/fpadd.c                0x00000000   Number         0  dadd.o ABSOLUTE
    ../fplib/microlib/fpadd.c                0x00000000   Number         0  fadd.o ABSOLUTE
    ../fplib/microlib/fpdiv.c                0x00000000   Number         0  ddiv.o ABSOLUTE
    ../fplib/microlib/fpepilogue.c           0x00000000   Number         0  depilogue.o ABSOLUTE
    ../fplib/microlib/fpepilogue.c           0x00000000   Number         0  fepilogue.o ABSOLUTE
    ../fplib/microlib/fpfix.c                0x00000000   Number         0  dfixui.o ABSOLUTE
    ../fplib/microlib/fpfix.c                0x00000000   Number         0  dfixi.o ABSOLUTE
    ../fplib/microlib/fpfix.c                0x00000000   Number         0  dfixul.o ABSOLUTE
    ../fplib/microlib/fpflt.c                0x00000000   Number         0  dflti.o ABSOLUTE
    ../fplib/microlib/fpflt.c                0x00000000   Number         0  fflti.o ABSOLUTE
    ../fplib/microlib/fpflt.c                0x00000000   Number         0  dfltui.o ABSOLUTE
    ../fplib/microlib/fpmul.c                0x00000000   Number         0  dmul.o ABSOLUTE
    ../fplib/microlib/fpscalb.c              0x00000000   Number         0  dscalb.o ABSOLUTE
    ../mathlib/atan.c                        0x00000000   Number         0  atan_x.o ABSOLUTE
    ../mathlib/atan.c                        0x00000000   Number         0  atan.o ABSOLUTE
    ../mathlib/atan2.c                       0x00000000   Number         0  atan2.o ABSOLUTE
    ../mathlib/atan2.c                       0x00000000   Number         0  atan2_x.o ABSOLUTE
    ../mathlib/dunder.c                      0x00000000   Number         0  dunder.o ABSOLUTE
    ../mathlib/fpclassify.c                  0x00000000   Number         0  fpclassify.o ABSOLUTE
    ../mathlib/poly.c                        0x00000000   Number         0  poly.o ABSOLUTE
    ../mathlib/qnan.c                        0x00000000   Number         0  qnan.o ABSOLUTE
    ATCommand\ATCommand.c                    0x00000000   Number         0  atcommand.o ABSOLUTE
    FreeRTOS\\port.c                         0x00000000   Number         0  port.o ABSOLUTE
    FreeRTOS\event_groups.c                  0x00000000   Number         0  event_groups.o ABSOLUTE
    FreeRTOS\heap_4.c                        0x00000000   Number         0  heap_4.o ABSOLUTE
    FreeRTOS\list.c                          0x00000000   Number         0  list.o ABSOLUTE
    FreeRTOS\port.c                          0x00000000   Number         0  port.o ABSOLUTE
    FreeRTOS\queue.c                         0x00000000   Number         0  queue.o ABSOLUTE
    FreeRTOS\tasks.c                         0x00000000   Number         0  tasks.o ABSOLUTE
    Hardware\AT_USART.c                      0x00000000   Number         0  at_usart.o ABSOLUTE
    Hardware\Debug_USART.c                   0x00000000   Number         0  debug_usart.o ABSOLUTE
    Hardware\Delay.c                         0x00000000   Number         0  delay.o ABSOLUTE
    Hardware\Key.c                           0x00000000   Number         0  key.o ABSOLUTE
    Hardware\OLED.c                          0x00000000   Number         0  oled.o ABSOLUTE
    Hardware\OLED_Data.c                     0x00000000   Number         0  oled_data.o ABSOLUTE
    Library\misc.c                           0x00000000   Number         0  misc.o ABSOLUTE
    Library\stm32f10x_adc.c                  0x00000000   Number         0  stm32f10x_adc.o ABSOLUTE
    Library\stm32f10x_bkp.c                  0x00000000   Number         0  stm32f10x_bkp.o ABSOLUTE
    Library\stm32f10x_can.c                  0x00000000   Number         0  stm32f10x_can.o ABSOLUTE
    Library\stm32f10x_cec.c                  0x00000000   Number         0  stm32f10x_cec.o ABSOLUTE
    Library\stm32f10x_crc.c                  0x00000000   Number         0  stm32f10x_crc.o ABSOLUTE
    Library\stm32f10x_dac.c                  0x00000000   Number         0  stm32f10x_dac.o ABSOLUTE
    Library\stm32f10x_dbgmcu.c               0x00000000   Number         0  stm32f10x_dbgmcu.o ABSOLUTE
    Library\stm32f10x_dma.c                  0x00000000   Number         0  stm32f10x_dma.o ABSOLUTE
    Library\stm32f10x_exti.c                 0x00000000   Number         0  stm32f10x_exti.o ABSOLUTE
    Library\stm32f10x_flash.c                0x00000000   Number         0  stm32f10x_flash.o ABSOLUTE
    Library\stm32f10x_fsmc.c                 0x00000000   Number         0  stm32f10x_fsmc.o ABSOLUTE
    Library\stm32f10x_gpio.c                 0x00000000   Number         0  stm32f10x_gpio.o ABSOLUTE
    Library\stm32f10x_i2c.c                  0x00000000   Number         0  stm32f10x_i2c.o ABSOLUTE
    Library\stm32f10x_iwdg.c                 0x00000000   Number         0  stm32f10x_iwdg.o ABSOLUTE
    Library\stm32f10x_pwr.c                  0x00000000   Number         0  stm32f10x_pwr.o ABSOLUTE
    Library\stm32f10x_rcc.c                  0x00000000   Number         0  stm32f10x_rcc.o ABSOLUTE
    Library\stm32f10x_rtc.c                  0x00000000   Number         0  stm32f10x_rtc.o ABSOLUTE
    Library\stm32f10x_sdio.c                 0x00000000   Number         0  stm32f10x_sdio.o ABSOLUTE
    Library\stm32f10x_spi.c                  0x00000000   Number         0  stm32f10x_spi.o ABSOLUTE
    Library\stm32f10x_tim.c                  0x00000000   Number         0  stm32f10x_tim.o ABSOLUTE
    Library\stm32f10x_usart.c                0x00000000   Number         0  stm32f10x_usart.o ABSOLUTE
    Library\stm32f10x_wwdg.c                 0x00000000   Number         0  stm32f10x_wwdg.o ABSOLUTE
    MQTT\MQTTClient.c                        0x00000000   Number         0  mqttclient.o ABSOLUTE
    MQTT\WiFiConnect.c                       0x00000000   Number         0  wificonnect.o ABSOLUTE
    RingBuffer\RingBuffer.c                  0x00000000   Number         0  ringbuffer.o ABSOLUTE
    Start\\core_cm3.c                        0x00000000   Number         0  core_cm3.o ABSOLUTE
    Start\core_cm3.c                         0x00000000   Number         0  core_cm3.o ABSOLUTE
    Start\startup_stm32f10x_md.s             0x00000000   Number         0  startup_stm32f10x_md.o ABSOLUTE
    Start\system_stm32f10x.c                 0x00000000   Number         0  system_stm32f10x.o ABSOLUTE
    User\\stm32f10x_it.c                     0x00000000   Number         0  stm32f10x_it.o ABSOLUTE
    User\main.c                              0x00000000   Number         0  main.o ABSOLUTE
    User\stm32f10x_it.c                      0x00000000   Number         0  stm32f10x_it.o ABSOLUTE
    cdcmple.s                                0x00000000   Number         0  cdcmple.o ABSOLUTE
    cdrcmple.s                               0x00000000   Number         0  cdrcmple.o ABSOLUTE
    dc.s                                     0x00000000   Number         0  dc.o ABSOLUTE
    handlers.s                               0x00000000   Number         0  handlers.o ABSOLUTE
    init.s                                   0x00000000   Number         0  init.o ABSOLUTE
    RESET                                    0x08000000   Section      236  startup_stm32f10x_md.o(RESET)
    .ARM.Collect$$$$00000000                 0x080000ec   Section        0  entry.o(.ARM.Collect$$$$00000000)
    .ARM.Collect$$$$00000001                 0x080000ec   Section        4  entry2.o(.ARM.Collect$$$$00000001)
    .ARM.Collect$$$$00000004                 0x080000f0   Section        4  entry5.o(.ARM.Collect$$$$00000004)
    .ARM.Collect$$$$00000008                 0x080000f4   Section        0  entry7b.o(.ARM.Collect$$$$00000008)
    .ARM.Collect$$$$0000000A                 0x080000f4   Section        0  entry8b.o(.ARM.Collect$$$$0000000A)
    .ARM.Collect$$$$0000000B                 0x080000f4   Section        8  entry9a.o(.ARM.Collect$$$$0000000B)
    .ARM.Collect$$$$0000000D                 0x080000fc   Section        0  entry10a.o(.ARM.Collect$$$$0000000D)
    .ARM.Collect$$$$0000000F                 0x080000fc   Section        0  entry11a.o(.ARM.Collect$$$$0000000F)
    .ARM.Collect$$$$00002712                 0x080000fc   Section        4  entry2.o(.ARM.Collect$$$$00002712)
    __lit__00000000                          0x080000fc   Data           4  entry2.o(.ARM.Collect$$$$00002712)
    .emb_text                                0x08000100   Section      150  port.o(.emb_text)
    .emb_text                                0x08000198   Section       18  stm32f10x_it.o(.emb_text)
    .text                                    0x080001ac   Section       36  startup_stm32f10x_md.o(.text)
    .text                                    0x080001d0   Section        0  memcpya.o(.text)
    .text                                    0x080001f4   Section        0  memseta.o(.text)
    .text                                    0x08000218   Section        0  strstr.o(.text)
    .text                                    0x0800023c   Section        0  dadd.o(.text)
    .text                                    0x0800038a   Section        0  dmul.o(.text)
    .text                                    0x0800046e   Section        0  ddiv.o(.text)
    .text                                    0x0800054c   Section       48  cdrcmple.o(.text)
    .text                                    0x0800057c   Section        0  uidiv.o(.text)
    .text                                    0x080005a8   Section        0  uldiv.o(.text)
    .text                                    0x0800060a   Section        0  llshl.o(.text)
    .text                                    0x08000628   Section        0  llushr.o(.text)
    .text                                    0x08000648   Section        0  llsshr.o(.text)
    .text                                    0x0800066c   Section        0  depilogue.o(.text)
    .text                                    0x0800066c   Section        0  iusefp.o(.text)
    .text                                    0x08000726   Section        0  dfixul.o(.text)
    .text                                    0x08000758   Section       36  init.o(.text)
    i.AT_Init                                0x0800077c   Section        0  atcommand.o(i.AT_Init)
    i.AT_ParseResponse                       0x080007b8   Section        0  atcommand.o(i.AT_ParseResponse)
    i.AT_Read_DataPacketBuffer               0x08000964   Section        0  atcommand.o(i.AT_Read_DataPacketBuffer)
    i.AT_ReceiveResponse                     0x080009e0   Section        0  atcommand.o(i.AT_ReceiveResponse)
    i.AT_Reset                               0x08000a9c   Section        0  atcommand.o(i.AT_Reset)
    i.AT_Send                                0x08000ab4   Section        0  atcommand.o(i.AT_Send)
    AT_Send                                  0x08000ab5   Thumb Code   100  atcommand.o(i.AT_Send)
    i.AT_SendCommand                         0x08000ba8   Section        0  atcommand.o(i.AT_SendCommand)
    i.AT_USART_Init                          0x08000bac   Section        0  at_usart.o(i.AT_USART_Init)
    i.AT_USART_SendByte                      0x08000c8c   Section        0  at_usart.o(i.AT_USART_SendByte)
    AT_USART_SendByte                        0x08000c8d   Thumb Code    26  at_usart.o(i.AT_USART_SendByte)
    i.AT_USART_SendString                    0x08000cac   Section        0  at_usart.o(i.AT_USART_SendString)
    i.BusFault_Handler                       0x08000cc4   Section        0  stm32f10x_it.o(i.BusFault_Handler)
    i.DebugMon_Handler                       0x08000cc6   Section        0  stm32f10x_it.o(i.DebugMon_Handler)
    i.Debug_USART_Init                       0x08000cc8   Section        0  debug_usart.o(i.Debug_USART_Init)
    i.Debug_USART_Printf                     0x08000d4c   Section        0  debug_usart.o(i.Debug_USART_Printf)
    i.Debug_USART_SendByte                   0x08000d6c   Section        0  debug_usart.o(i.Debug_USART_SendByte)
    Debug_USART_SendByte                     0x08000d6d   Thumb Code    26  debug_usart.o(i.Debug_USART_SendByte)
    i.Debug_USART_SendString                 0x08000d8c   Section        0  debug_usart.o(i.Debug_USART_SendString)
    Debug_USART_SendString                   0x08000d8d   Thumb Code    24  debug_usart.o(i.Debug_USART_SendString)
    i.Delay_ms                               0x08000da4   Section        0  delay.o(i.Delay_ms)
    i.Delay_us                               0x08000dbc   Section        0  delay.o(i.Delay_us)
    i.GPIO_Init                              0x08000df4   Section        0  stm32f10x_gpio.o(i.GPIO_Init)
    i.Get_AT_Status                          0x08000e9c   Section        0  atcommand.o(i.Get_AT_Status)
    Get_AT_Status                            0x08000e9d   Thumb Code     6  atcommand.o(i.Get_AT_Status)
    i.HardFault_Handler_C                    0x08000ea8   Section        0  stm32f10x_it.o(i.HardFault_Handler_C)
    i.Key_Init                               0x08000ed0   Section        0  key.o(i.Key_Init)
    i.MQTT_ClientConfig                      0x08000efc   Section        0  mqttclient.o(i.MQTT_ClientConfig)
    i.MQTT_Connect                           0x08000f74   Section        0  mqttclient.o(i.MQTT_Connect)
    i.MQTT_ConnectConfig                     0x08000f90   Section        0  mqttclient.o(i.MQTT_ConnectConfig)
    i.MQTT_ConnectSever                      0x08000ffc   Section        0  mqttclient.o(i.MQTT_ConnectSever)
    i.MQTT_UserConfig                        0x08001068   Section        0  mqttclient.o(i.MQTT_UserConfig)
    i.MemManage_Handler                      0x080010ec   Section        0  stm32f10x_it.o(i.MemManage_Handler)
    i.NMI_Handler                            0x080010ee   Section        0  stm32f10x_it.o(i.NMI_Handler)
    i.NVIC_Init                              0x080010f0   Section        0  misc.o(i.NVIC_Init)
    i.NVIC_PriorityGroupConfig               0x08001154   Section        0  misc.o(i.NVIC_PriorityGroupConfig)
    i.PendSV_Handler                         0x08001168   Section        0  stm32f10x_it.o(i.PendSV_Handler)
    i.RCC_APB1PeriphClockCmd                 0x0800116c   Section        0  stm32f10x_rcc.o(i.RCC_APB1PeriphClockCmd)
    i.RCC_APB2PeriphClockCmd                 0x08001188   Section        0  stm32f10x_rcc.o(i.RCC_APB2PeriphClockCmd)
    i.RCC_GetClocksFreq                      0x080011a4   Section        0  stm32f10x_rcc.o(i.RCC_GetClocksFreq)
    i.Read_RingBuffer                        0x08001250   Section        0  ringbuffer.o(i.Read_RingBuffer)
    i.RingBuffer_Init                        0x080012a6   Section        0  ringbuffer.o(i.RingBuffer_Init)
    i.SVC_Handler                            0x080012c8   Section        0  stm32f10x_it.o(i.SVC_Handler)
    i.SaveDataToBuffer                       0x080012cc   Section        0  atcommand.o(i.SaveDataToBuffer)
    SaveDataToBuffer                         0x080012cd   Thumb Code    58  atcommand.o(i.SaveDataToBuffer)
    i.SetSysClock                            0x0800130c   Section        0  system_stm32f10x.o(i.SetSysClock)
    SetSysClock                              0x0800130d   Thumb Code     4  system_stm32f10x.o(i.SetSysClock)
    i.SetSysClockTo72                        0x08001310   Section        0  system_stm32f10x.o(i.SetSysClockTo72)
    SetSysClockTo72                          0x08001311   Thumb Code   166  system_stm32f10x.o(i.SetSysClockTo72)
    i.Set_AT_Status                          0x080013c0   Section        0  atcommand.o(i.Set_AT_Status)
    Set_AT_Status                            0x080013c1   Thumb Code     6  atcommand.o(i.Set_AT_Status)
    i.SysTick_Handler                        0x080013cc   Section        0  stm32f10x_it.o(i.SysTick_Handler)
    i.SystemInit                             0x080013d0   Section        0  system_stm32f10x.o(i.SystemInit)
    i.Task_ATConnect                         0x08001420   Section        0  main.o(i.Task_ATConnect)
    i.Task_ATDataRead                        0x080014b0   Section        0  main.o(i.Task_ATDataRead)
    i.Task_ATReceive                         0x08001504   Section        0  main.o(i.Task_ATReceive)
    i.USART3_IRQHandler                      0x08001520   Section        0  at_usart.o(i.USART3_IRQHandler)
    i.USART_Cmd                              0x080015dc   Section        0  stm32f10x_usart.o(i.USART_Cmd)
    i.USART_GetFlagStatus                    0x080015f4   Section        0  stm32f10x_usart.o(i.USART_GetFlagStatus)
    i.USART_GetITStatus                      0x08001602   Section        0  stm32f10x_usart.o(i.USART_GetITStatus)
    i.USART_ITConfig                         0x08001642   Section        0  stm32f10x_usart.o(i.USART_ITConfig)
    i.USART_Init                             0x08001678   Section        0  stm32f10x_usart.o(i.USART_Init)
    i.USART_Read_Buffer                      0x08001734   Section        0  at_usart.o(i.USART_Read_Buffer)
    i.USART_ReceiveData                      0x080017e8   Section        0  stm32f10x_usart.o(i.USART_ReceiveData)
    i.USART_SendData                         0x080017f0   Section        0  stm32f10x_usart.o(i.USART_SendData)
    i.UsageFault_Handler                     0x080017f8   Section        0  stm32f10x_it.o(i.UsageFault_Handler)
    i.WiFi_Config                            0x080017fc   Section        0  wificonnect.o(i.WiFi_Config)
    i.WiFi_Connect                           0x08001824   Section        0  wificonnect.o(i.WiFi_Connect)
    i.Write_RingBuffer                       0x08001920   Section        0  ringbuffer.o(i.Write_RingBuffer)
    i.__0printf                              0x08001974   Section        0  printfa.o(i.__0printf)
    i.__0snprintf                            0x08001994   Section        0  printfa.o(i.__0snprintf)
    i.__0vsnprintf                           0x080019c4   Section        0  printfa.o(i.__0vsnprintf)
    i.__scatterload_copy                     0x080019f0   Section       14  handlers.o(i.__scatterload_copy)
    i.__scatterload_null                     0x080019fe   Section        2  handlers.o(i.__scatterload_null)
    i.__scatterload_zeroinit                 0x08001a00   Section       14  handlers.o(i.__scatterload_zeroinit)
    i._fp_digits                             0x08001a10   Section        0  printfa.o(i._fp_digits)
    _fp_digits                               0x08001a11   Thumb Code   366  printfa.o(i._fp_digits)
    i._printf_core                           0x08001b94   Section        0  printfa.o(i._printf_core)
    _printf_core                             0x08001b95   Thumb Code  1744  printfa.o(i._printf_core)
    i._printf_post_padding                   0x08002270   Section        0  printfa.o(i._printf_post_padding)
    _printf_post_padding                     0x08002271   Thumb Code    36  printfa.o(i._printf_post_padding)
    i._printf_pre_padding                    0x08002294   Section        0  printfa.o(i._printf_pre_padding)
    _printf_pre_padding                      0x08002295   Thumb Code    46  printfa.o(i._printf_pre_padding)
    i._snputc                                0x080022c2   Section        0  printfa.o(i._snputc)
    _snputc                                  0x080022c3   Thumb Code    22  printfa.o(i._snputc)
    i.fputc                                  0x080022d8   Section        0  debug_usart.o(i.fputc)
    i.is_RingBuffer_Empty                    0x080022e6   Section        0  ringbuffer.o(i.is_RingBuffer_Empty)
    i.is_RingBuffer_Full                     0x080022f4   Section        0  ringbuffer.o(i.is_RingBuffer_Full)
    i.main                                   0x08002304   Section        0  main.o(i.main)
    i.prvAddCurrentTaskToDelayedList         0x080023bc   Section        0  tasks.o(i.prvAddCurrentTaskToDelayedList)
    prvAddCurrentTaskToDelayedList           0x080023bd   Thumb Code   130  tasks.o(i.prvAddCurrentTaskToDelayedList)
    i.prvAddNewTaskToReadyList               0x08002448   Section        0  tasks.o(i.prvAddNewTaskToReadyList)
    prvAddNewTaskToReadyList                 0x08002449   Thumb Code   156  tasks.o(i.prvAddNewTaskToReadyList)
    i.prvCheckTasksWaitingTermination        0x080024f0   Section        0  tasks.o(i.prvCheckTasksWaitingTermination)
    prvCheckTasksWaitingTermination          0x080024f1   Thumb Code    52  tasks.o(i.prvCheckTasksWaitingTermination)
    i.prvCopyDataToQueue                     0x0800252c   Section        0  queue.o(i.prvCopyDataToQueue)
    prvCopyDataToQueue                       0x0800252d   Thumb Code   110  queue.o(i.prvCopyDataToQueue)
    i.prvDeleteTCB                           0x0800259a   Section        0  tasks.o(i.prvDeleteTCB)
    prvDeleteTCB                             0x0800259b   Thumb Code    20  tasks.o(i.prvDeleteTCB)
    i.prvGetDisinheritPriorityAfterTimeout   0x080025ae   Section        0  queue.o(i.prvGetDisinheritPriorityAfterTimeout)
    prvGetDisinheritPriorityAfterTimeout     0x080025af   Thumb Code    20  queue.o(i.prvGetDisinheritPriorityAfterTimeout)
    i.prvHeapInit                            0x080025c4   Section        0  heap_4.o(i.prvHeapInit)
    prvHeapInit                              0x080025c5   Thumb Code    62  heap_4.o(i.prvHeapInit)
    i.prvIdleTask                            0x0800260c   Section        0  tasks.o(i.prvIdleTask)
    prvIdleTask                              0x0800260d   Thumb Code    30  tasks.o(i.prvIdleTask)
    i.prvInitialiseMutex                     0x08002634   Section        0  queue.o(i.prvInitialiseMutex)
    prvInitialiseMutex                       0x08002635   Thumb Code    24  queue.o(i.prvInitialiseMutex)
    i.prvInitialiseNewQueue                  0x0800264c   Section        0  queue.o(i.prvInitialiseNewQueue)
    prvInitialiseNewQueue                    0x0800264d   Thumb Code    24  queue.o(i.prvInitialiseNewQueue)
    i.prvInitialiseNewTask                   0x08002664   Section        0  tasks.o(i.prvInitialiseNewTask)
    prvInitialiseNewTask                     0x08002665   Thumb Code   112  tasks.o(i.prvInitialiseNewTask)
    i.prvInitialiseTaskLists                 0x080026d4   Section        0  tasks.o(i.prvInitialiseTaskLists)
    prvInitialiseTaskLists                   0x080026d5   Thumb Code    74  tasks.o(i.prvInitialiseTaskLists)
    i.prvInsertBlockIntoFreeList             0x0800272c   Section        0  heap_4.o(i.prvInsertBlockIntoFreeList)
    prvInsertBlockIntoFreeList               0x0800272d   Thumb Code    78  heap_4.o(i.prvInsertBlockIntoFreeList)
    i.prvIsQueueEmpty                        0x08002780   Section        0  queue.o(i.prvIsQueueEmpty)
    prvIsQueueEmpty                          0x08002781   Thumb Code    26  queue.o(i.prvIsQueueEmpty)
    i.prvIsQueueFull                         0x0800279a   Section        0  queue.o(i.prvIsQueueFull)
    prvIsQueueFull                           0x0800279b   Thumb Code    30  queue.o(i.prvIsQueueFull)
    i.prvResetNextTaskUnblockTime            0x080027b8   Section        0  tasks.o(i.prvResetNextTaskUnblockTime)
    prvResetNextTaskUnblockTime              0x080027b9   Thumb Code    28  tasks.o(i.prvResetNextTaskUnblockTime)
    i.prvTaskExitError                       0x080027d8   Section        0  port.o(i.prvTaskExitError)
    prvTaskExitError                         0x080027d9   Thumb Code    16  port.o(i.prvTaskExitError)
    i.prvUnlockQueue                         0x080027e8   Section        0  queue.o(i.prvUnlockQueue)
    prvUnlockQueue                           0x080027e9   Thumb Code   106  queue.o(i.prvUnlockQueue)
    i.pvPortMalloc                           0x08002854   Section        0  heap_4.o(i.pvPortMalloc)
    i.pvTaskIncrementMutexHeldCount          0x080028f4   Section        0  tasks.o(i.pvTaskIncrementMutexHeldCount)
    i.pxPortInitialiseStack                  0x0800290c   Section        0  port.o(i.pxPortInitialiseStack)
    i.uxListRemove                           0x08002928   Section        0  list.o(i.uxListRemove)
    i.uxTaskGetNumberOfTasks                 0x08002950   Section        0  tasks.o(i.uxTaskGetNumberOfTasks)
    i.vListInitialise                        0x0800295c   Section        0  list.o(i.vListInitialise)
    i.vListInitialiseItem                    0x08002972   Section        0  list.o(i.vListInitialiseItem)
    i.vListInsert                            0x08002978   Section        0  list.o(i.vListInsert)
    i.vPortEnterCritical                     0x080029a8   Section        0  port.o(i.vPortEnterCritical)
    i.vPortExitCritical                      0x080029c4   Section        0  port.o(i.vPortExitCritical)
    i.vPortFree                              0x080029dc   Section        0  heap_4.o(i.vPortFree)
    i.vPortSetupTimerInterrupt               0x08002a20   Section        0  port.o(i.vPortSetupTimerInterrupt)
    i.vTaskDelay                             0x08002a38   Section        0  tasks.o(i.vTaskDelay)
    i.vTaskInternalSetTimeOutState           0x08002a6c   Section        0  tasks.o(i.vTaskInternalSetTimeOutState)
    i.vTaskMissedYield                       0x08002a7c   Section        0  tasks.o(i.vTaskMissedYield)
    i.vTaskPlaceOnEventList                  0x08002a88   Section        0  tasks.o(i.vTaskPlaceOnEventList)
    i.vTaskPriorityDisinheritAfterTimeout    0x08002aa8   Section        0  tasks.o(i.vTaskPriorityDisinheritAfterTimeout)
    i.vTaskStartScheduler                    0x08002b44   Section        0  tasks.o(i.vTaskStartScheduler)
    i.vTaskSuspendAll                        0x08002b94   Section        0  tasks.o(i.vTaskSuspendAll)
    i.vTaskSwitchContext                     0x08002ba4   Section        0  tasks.o(i.vTaskSwitchContext)
    i.xPortStartScheduler                    0x08002bec   Section        0  port.o(i.xPortStartScheduler)
    i.xPortSysTickHandler                    0x08002c1c   Section        0  port.o(i.xPortSysTickHandler)
    i.xQueueCreateMutex                      0x08002c48   Section        0  queue.o(i.xQueueCreateMutex)
    i.xQueueGenericCreate                    0x08002c60   Section        0  queue.o(i.xQueueGenericCreate)
    i.xQueueGenericReset                     0x08002ca0   Section        0  queue.o(i.xQueueGenericReset)
    i.xQueueGenericSend                      0x08002d34   Section        0  queue.o(i.xQueueGenericSend)
    i.xQueueGiveFromISR                      0x08002e2c   Section        0  queue.o(i.xQueueGiveFromISR)
    i.xQueueSemaphoreTake                    0x08002e94   Section        0  queue.o(i.xQueueSemaphoreTake)
    i.xTaskCheckForTimeOut                   0x08002fb8   Section        0  tasks.o(i.xTaskCheckForTimeOut)
    i.xTaskCreate                            0x08003010   Section        0  tasks.o(i.xTaskCreate)
    i.xTaskIncrementTick                     0x08003078   Section        0  tasks.o(i.xTaskIncrementTick)
    i.xTaskPriorityDisinherit                0x08003194   Section        0  tasks.o(i.xTaskPriorityDisinherit)
    i.xTaskPriorityInherit                   0x08003220   Section        0  tasks.o(i.xTaskPriorityInherit)
    i.xTaskRemoveFromEventList               0x080032d4   Section        0  tasks.o(i.xTaskRemoveFromEventList)
    i.xTaskResumeAll                         0x080033a0   Section        0  tasks.o(i.xTaskResumeAll)
    .conststring                             0x080034b8   Section      153  mqttclient.o(.conststring)
    .data                                    0x20000000   Section       20  stm32f10x_rcc.o(.data)
    ADCPrescTable                            0x20000000   Data           4  stm32f10x_rcc.o(.data)
    APBAHBPrescTable                         0x20000004   Data          16  stm32f10x_rcc.o(.data)
    .data                                    0x20000014   Section        4  delay.o(.data)
    g_fac_us                                 0x20000014   Data           4  delay.o(.data)
    .data                                    0x20000018   Section       16  at_usart.o(.data)
    xHigherPriorityTaskWoken                 0x20000018   Data           4  at_usart.o(.data)
    Serial_rxFlag                            0x2000001c   Data           4  at_usart.o(.data)
    ORE_Flag                                 0x20000020   Data           4  at_usart.o(.data)
    USART_Receive_Mutex                      0x20000024   Data           4  at_usart.o(.data)
    .data                                    0x20000028   Section       28  heap_4.o(.data)
    pxEnd                                    0x20000028   Data           4  heap_4.o(.data)
    xFreeBytesRemaining                      0x2000002c   Data           4  heap_4.o(.data)
    xMinimumEverFreeBytesRemaining           0x20000030   Data           4  heap_4.o(.data)
    xNumberOfSuccessfulAllocations           0x20000034   Data           4  heap_4.o(.data)
    xNumberOfSuccessfulFrees                 0x20000038   Data           4  heap_4.o(.data)
    xStart                                   0x2000003c   Data           8  heap_4.o(.data)
    .data                                    0x20000044   Section        4  port.o(.data)
    uxCriticalNesting                        0x20000044   Data           4  port.o(.data)
    .data                                    0x20000048   Section       64  tasks.o(.data)
    uxDeletedTasksWaitingCleanUp             0x2000004c   Data           4  tasks.o(.data)
    uxCurrentNumberOfTasks                   0x20000050   Data           4  tasks.o(.data)
    xTickCount                               0x20000054   Data           4  tasks.o(.data)
    uxTopReadyPriority                       0x20000058   Data           4  tasks.o(.data)
    xSchedulerRunning                        0x2000005c   Data           4  tasks.o(.data)
    xPendedTicks                             0x20000060   Data           4  tasks.o(.data)
    xYieldPending                            0x20000064   Data           4  tasks.o(.data)
    xNumOfOverflows                          0x20000068   Data           4  tasks.o(.data)
    uxTaskNumber                             0x2000006c   Data           4  tasks.o(.data)
    xNextTaskUnblockTime                     0x20000070   Data           4  tasks.o(.data)
    xIdleTaskHandle                          0x20000074   Data           4  tasks.o(.data)
    uxSchedulerSuspended                     0x2000007c   Data           4  tasks.o(.data)
    pxDelayedTaskList                        0x20000080   Data           4  tasks.o(.data)
    pxOverflowDelayedTaskList                0x20000084   Data           4  tasks.o(.data)
    .data                                    0x20000088   Section       12  atcommand.o(.data)
    AT_Send_Semaphore                        0x20000088   Data           4  atcommand.o(.data)
    AT_DataPacketRead_Semaphore              0x2000008c   Data           4  atcommand.o(.data)
    AT_Status                                0x20000090   Data           4  atcommand.o(.data)
    .data                                    0x20000094   Section       12  main.o(.data)
    .data                                    0x200000a0   Section        4  stdout.o(.data)
    .bss                                     0x200000a4   Section       20  at_usart.o(.bss)
    USART_Buffer                             0x200000a4   Data          20  at_usart.o(.bss)
    .bss                                     0x200000b8   Section    10240  heap_4.o(.bss)
    ucHeap                                   0x200000b8   Data       10240  heap_4.o(.bss)
    .bss                                     0x200028b8   Section      740  tasks.o(.bss)
    pxReadyTasksLists                        0x200028b8   Data         640  tasks.o(.bss)
    xDelayedTaskList1                        0x20002b38   Data          20  tasks.o(.bss)
    xDelayedTaskList2                        0x20002b4c   Data          20  tasks.o(.bss)
    xPendingReadyList                        0x20002b60   Data          20  tasks.o(.bss)
    xTasksWaitingTermination                 0x20002b74   Data          20  tasks.o(.bss)
    xSuspendedTaskList                       0x20002b88   Data          20  tasks.o(.bss)
    .bss                                     0x20002b9c   Section       20  atcommand.o(.bss)
    AT_DataPacketBuffer                      0x20002b9c   Data          20  atcommand.o(.bss)
    STACK                                    0x20002bb0   Section     1024  startup_stm32f10x_md.o(STACK)

    Global Symbols

    Symbol Name                              Value     Ov Type        Size  Object(Section)

    BuildAttributes$$THM_ISAv4$P$D$K$B$S$PE$A:L22UL41UL21$X:L11$S22US41US21$IEEE1$IW$USESV6$~STKCKD$USESV7$~SHL$OTIME$ROPI$IEEEX$EBA8$MICROLIB$REQ8$PRES8$EABIv2 0x00000000   Number         0  anon$$obj.o ABSOLUTE
    __ARM_use_no_argv                        0x00000000   Number         0  main.o ABSOLUTE
    _printf_a                                0x00000000   Number         0  stubs.o ABSOLUTE
    _printf_c                                0x00000000   Number         0  stubs.o ABSOLUTE
    _printf_charcount                        0x00000000   Number         0  stubs.o ABSOLUTE
    _printf_d                                0x00000000   Number         0  stubs.o ABSOLUTE
    _printf_e                                0x00000000   Number         0  stubs.o ABSOLUTE
    _printf_f                                0x00000000   Number         0  stubs.o ABSOLUTE
    _printf_flags                            0x00000000   Number         0  stubs.o ABSOLUTE
    _printf_fp_dec                           0x00000000   Number         0  stubs.o ABSOLUTE
    _printf_fp_hex                           0x00000000   Number         0  stubs.o ABSOLUTE
    _printf_g                                0x00000000   Number         0  stubs.o ABSOLUTE
    _printf_i                                0x00000000   Number         0  stubs.o ABSOLUTE
    _printf_int_dec                          0x00000000   Number         0  stubs.o ABSOLUTE
    _printf_l                                0x00000000   Number         0  stubs.o ABSOLUTE
    _printf_lc                               0x00000000   Number         0  stubs.o ABSOLUTE
    _printf_ll                               0x00000000   Number         0  stubs.o ABSOLUTE
    _printf_lld                              0x00000000   Number         0  stubs.o ABSOLUTE
    _printf_lli                              0x00000000   Number         0  stubs.o ABSOLUTE
    _printf_llo                              0x00000000   Number         0  stubs.o ABSOLUTE
    _printf_llu                              0x00000000   Number         0  stubs.o ABSOLUTE
    _printf_llx                              0x00000000   Number         0  stubs.o ABSOLUTE
    _printf_longlong_dec                     0x00000000   Number         0  stubs.o ABSOLUTE
    _printf_longlong_hex                     0x00000000   Number         0  stubs.o ABSOLUTE
    _printf_longlong_oct                     0x00000000   Number         0  stubs.o ABSOLUTE
    _printf_ls                               0x00000000   Number         0  stubs.o ABSOLUTE
    _printf_mbtowc                           0x00000000   Number         0  stubs.o ABSOLUTE
    _printf_n                                0x00000000   Number         0  stubs.o ABSOLUTE
    _printf_o                                0x00000000   Number         0  stubs.o ABSOLUTE
    _printf_p                                0x00000000   Number         0  stubs.o ABSOLUTE
    _printf_percent                          0x00000000   Number         0  stubs.o ABSOLUTE
    _printf_pre_padding                      0x00000000   Number         0  stubs.o ABSOLUTE
    _printf_return_value                     0x00000000   Number         0  stubs.o ABSOLUTE
    _printf_s                                0x00000000   Number         0  stubs.o ABSOLUTE
    _printf_sizespec                         0x00000000   Number         0  stubs.o ABSOLUTE
    _printf_str                              0x00000000   Number         0  stubs.o ABSOLUTE
    _printf_truncate_signed                  0x00000000   Number         0  stubs.o ABSOLUTE
    _printf_truncate_unsigned                0x00000000   Number         0  stubs.o ABSOLUTE
    _printf_u                                0x00000000   Number         0  stubs.o ABSOLUTE
    _printf_wc                               0x00000000   Number         0  stubs.o ABSOLUTE
    _printf_wctomb                           0x00000000   Number         0  stubs.o ABSOLUTE
    _printf_widthprec                        0x00000000   Number         0  stubs.o ABSOLUTE
    _printf_x                                0x00000000   Number         0  stubs.o ABSOLUTE
    __cpp_initialize__aeabi_                  - Undefined Weak Reference
    __cxa_finalize                            - Undefined Weak Reference
    __decompress                              - Undefined Weak Reference
    _clock_init                               - Undefined Weak Reference
    _microlib_exit                            - Undefined Weak Reference
    __Vectors_Size                           0x000000ec   Number         0  startup_stm32f10x_md.o ABSOLUTE
    __Vectors                                0x08000000   Data           4  startup_stm32f10x_md.o(RESET)
    __Vectors_End                            0x080000ec   Data           0  startup_stm32f10x_md.o(RESET)
    __main                                   0x080000ed   Thumb Code     0  entry.o(.ARM.Collect$$$$00000000)
    _main_stk                                0x080000ed   Thumb Code     0  entry2.o(.ARM.Collect$$$$00000001)
    _main_scatterload                        0x080000f1   Thumb Code     0  entry5.o(.ARM.Collect$$$$00000004)
    __main_after_scatterload                 0x080000f5   Thumb Code     0  entry5.o(.ARM.Collect$$$$00000004)
    _main_clock                              0x080000f5   Thumb Code     0  entry7b.o(.ARM.Collect$$$$00000008)
    _main_cpp_init                           0x080000f5   Thumb Code     0  entry8b.o(.ARM.Collect$$$$0000000A)
    _main_init                               0x080000f5   Thumb Code     0  entry9a.o(.ARM.Collect$$$$0000000B)
    __rt_final_cpp                           0x080000fd   Thumb Code     0  entry10a.o(.ARM.Collect$$$$0000000D)
    __rt_final_exit                          0x080000fd   Thumb Code     0  entry11a.o(.ARM.Collect$$$$0000000F)
    vPortSVCHandler                          0x08000101   Thumb Code    32  port.o(.emb_text)
    __asm___6_port_c_39a90d8d__prvStartFirstTask 0x08000125   Thumb Code    28  port.o(.emb_text)
    xPortPendSVHandler                       0x08000145   Thumb Code    72  port.o(.emb_text)
    vPortGetIPSR                             0x08000191   Thumb Code     6  port.o(.emb_text)
    HardFault_Handler                        0x08000199   Thumb Code    18  stm32f10x_it.o(.emb_text)
    Reset_Handler                            0x080001ad   Thumb Code     8  startup_stm32f10x_md.o(.text)
    ADC1_2_IRQHandler                        0x080001c7   Thumb Code     0  startup_stm32f10x_md.o(.text)
    CAN1_RX1_IRQHandler                      0x080001c7   Thumb Code     0  startup_stm32f10x_md.o(.text)
    CAN1_SCE_IRQHandler                      0x080001c7   Thumb Code     0  startup_stm32f10x_md.o(.text)
    DMA1_Channel1_IRQHandler                 0x080001c7   Thumb Code     0  startup_stm32f10x_md.o(.text)
    DMA1_Channel2_IRQHandler                 0x080001c7   Thumb Code     0  startup_stm32f10x_md.o(.text)
    DMA1_Channel3_IRQHandler                 0x080001c7   Thumb Code     0  startup_stm32f10x_md.o(.text)
    DMA1_Channel4_IRQHandler                 0x080001c7   Thumb Code     0  startup_stm32f10x_md.o(.text)
    DMA1_Channel5_IRQHandler                 0x080001c7   Thumb Code     0  startup_stm32f10x_md.o(.text)
    DMA1_Channel6_IRQHandler                 0x080001c7   Thumb Code     0  startup_stm32f10x_md.o(.text)
    DMA1_Channel7_IRQHandler                 0x080001c7   Thumb Code     0  startup_stm32f10x_md.o(.text)
    EXTI0_IRQHandler                         0x080001c7   Thumb Code     0  startup_stm32f10x_md.o(.text)
    EXTI15_10_IRQHandler                     0x080001c7   Thumb Code     0  startup_stm32f10x_md.o(.text)
    EXTI1_IRQHandler                         0x080001c7   Thumb Code     0  startup_stm32f10x_md.o(.text)
    EXTI2_IRQHandler                         0x080001c7   Thumb Code     0  startup_stm32f10x_md.o(.text)
    EXTI3_IRQHandler                         0x080001c7   Thumb Code     0  startup_stm32f10x_md.o(.text)
    EXTI4_IRQHandler                         0x080001c7   Thumb Code     0  startup_stm32f10x_md.o(.text)
    EXTI9_5_IRQHandler                       0x080001c7   Thumb Code     0  startup_stm32f10x_md.o(.text)
    FLASH_IRQHandler                         0x080001c7   Thumb Code     0  startup_stm32f10x_md.o(.text)
    I2C1_ER_IRQHandler                       0x080001c7   Thumb Code     0  startup_stm32f10x_md.o(.text)
    I2C1_EV_IRQHandler                       0x080001c7   Thumb Code     0  startup_stm32f10x_md.o(.text)
    I2C2_ER_IRQHandler                       0x080001c7   Thumb Code     0  startup_stm32f10x_md.o(.text)
    I2C2_EV_IRQHandler                       0x080001c7   Thumb Code     0  startup_stm32f10x_md.o(.text)
    PVD_IRQHandler                           0x080001c7   Thumb Code     0  startup_stm32f10x_md.o(.text)
    RCC_IRQHandler                           0x080001c7   Thumb Code     0  startup_stm32f10x_md.o(.text)
    RTCAlarm_IRQHandler                      0x080001c7   Thumb Code     0  startup_stm32f10x_md.o(.text)
    RTC_IRQHandler                           0x080001c7   Thumb Code     0  startup_stm32f10x_md.o(.text)
    SPI1_IRQHandler                          0x080001c7   Thumb Code     0  startup_stm32f10x_md.o(.text)
    SPI2_IRQHandler                          0x080001c7   Thumb Code     0  startup_stm32f10x_md.o(.text)
    TAMPER_IRQHandler                        0x080001c7   Thumb Code     0  startup_stm32f10x_md.o(.text)
    TIM1_BRK_IRQHandler                      0x080001c7   Thumb Code     0  startup_stm32f10x_md.o(.text)
    TIM1_CC_IRQHandler                       0x080001c7   Thumb Code     0  startup_stm32f10x_md.o(.text)
    TIM1_TRG_COM_IRQHandler                  0x080001c7   Thumb Code     0  startup_stm32f10x_md.o(.text)
    TIM1_UP_IRQHandler                       0x080001c7   Thumb Code     0  startup_stm32f10x_md.o(.text)
    TIM2_IRQHandler                          0x080001c7   Thumb Code     0  startup_stm32f10x_md.o(.text)
    TIM3_IRQHandler                          0x080001c7   Thumb Code     0  startup_stm32f10x_md.o(.text)
    TIM4_IRQHandler                          0x080001c7   Thumb Code     0  startup_stm32f10x_md.o(.text)
    USART1_IRQHandler                        0x080001c7   Thumb Code     0  startup_stm32f10x_md.o(.text)
    USART2_IRQHandler                        0x080001c7   Thumb Code     0  startup_stm32f10x_md.o(.text)
    USBWakeUp_IRQHandler                     0x080001c7   Thumb Code     0  startup_stm32f10x_md.o(.text)
    USB_HP_CAN1_TX_IRQHandler                0x080001c7   Thumb Code     0  startup_stm32f10x_md.o(.text)
    USB_LP_CAN1_RX0_IRQHandler               0x080001c7   Thumb Code     0  startup_stm32f10x_md.o(.text)
    WWDG_IRQHandler                          0x080001c7   Thumb Code     0  startup_stm32f10x_md.o(.text)
    __aeabi_memcpy                           0x080001d1   Thumb Code    36  memcpya.o(.text)
    __aeabi_memcpy4                          0x080001d1   Thumb Code     0  memcpya.o(.text)
    __aeabi_memcpy8                          0x080001d1   Thumb Code     0  memcpya.o(.text)
    __aeabi_memset                           0x080001f5   Thumb Code    14  memseta.o(.text)
    __aeabi_memset4                          0x080001f5   Thumb Code     0  memseta.o(.text)
    __aeabi_memset8                          0x080001f5   Thumb Code     0  memseta.o(.text)
    __aeabi_memclr                           0x08000203   Thumb Code     4  memseta.o(.text)
    __aeabi_memclr4                          0x08000203   Thumb Code     0  memseta.o(.text)
    __aeabi_memclr8                          0x08000203   Thumb Code     0  memseta.o(.text)
    _memset$wrapper                          0x08000207   Thumb Code    18  memseta.o(.text)
    strstr                                   0x08000219   Thumb Code    36  strstr.o(.text)
    __aeabi_dadd                             0x0800023d   Thumb Code   322  dadd.o(.text)
    __aeabi_dsub                             0x0800037f   Thumb Code     6  dadd.o(.text)
    __aeabi_drsub                            0x08000385   Thumb Code     6  dadd.o(.text)
    __aeabi_dmul                             0x0800038b   Thumb Code   228  dmul.o(.text)
    __aeabi_ddiv                             0x0800046f   Thumb Code   222  ddiv.o(.text)
    __aeabi_cdrcmple                         0x0800054d   Thumb Code    48  cdrcmple.o(.text)
    __aeabi_uidiv                            0x0800057d   Thumb Code     0  uidiv.o(.text)
    __aeabi_uidivmod                         0x0800057d   Thumb Code    44  uidiv.o(.text)
    __aeabi_uldivmod                         0x080005a9   Thumb Code    98  uldiv.o(.text)
    __aeabi_llsl                             0x0800060b   Thumb Code    30  llshl.o(.text)
    _ll_shift_l                              0x0800060b   Thumb Code     0  llshl.o(.text)
    __aeabi_llsr                             0x08000629   Thumb Code    32  llushr.o(.text)
    _ll_ushift_r                             0x08000629   Thumb Code     0  llushr.o(.text)
    __aeabi_lasr                             0x08000649   Thumb Code    36  llsshr.o(.text)
    _ll_sshift_r                             0x08000649   Thumb Code     0  llsshr.o(.text)
    __I$use$fp                               0x0800066d   Thumb Code     0  iusefp.o(.text)
    _double_round                            0x0800066d   Thumb Code    30  depilogue.o(.text)
    _double_epilogue                         0x0800068b   Thumb Code   156  depilogue.o(.text)
    __aeabi_d2ulz                            0x08000727   Thumb Code    48  dfixul.o(.text)
    __scatterload                            0x08000759   Thumb Code    28  init.o(.text)
    __scatterload_rt2                        0x08000759   Thumb Code     0  init.o(.text)
    AT_Init                                  0x0800077d   Thumb Code    52  atcommand.o(i.AT_Init)
    AT_ParseResponse                         0x080007b9   Thumb Code   228  atcommand.o(i.AT_ParseResponse)
    AT_Read_DataPacketBuffer                 0x08000965   Thumb Code    76  atcommand.o(i.AT_Read_DataPacketBuffer)
    AT_ReceiveResponse                       0x080009e1   Thumb Code    64  atcommand.o(i.AT_ReceiveResponse)
    AT_Reset                                 0x08000a9d   Thumb Code    10  atcommand.o(i.AT_Reset)
    AT_SendCommand                           0x08000ba9   Thumb Code     4  atcommand.o(i.AT_SendCommand)
    AT_USART_Init                            0x08000bad   Thumb Code   206  at_usart.o(i.AT_USART_Init)
    AT_USART_SendString                      0x08000cad   Thumb Code    24  at_usart.o(i.AT_USART_SendString)
    BusFault_Handler                         0x08000cc5   Thumb Code     2  stm32f10x_it.o(i.BusFault_Handler)
    DebugMon_Handler                         0x08000cc7   Thumb Code     2  stm32f10x_it.o(i.DebugMon_Handler)
    Debug_USART_Init                         0x08000cc9   Thumb Code   124  debug_usart.o(i.Debug_USART_Init)
    Debug_USART_Printf                       0x08000d4d   Thumb Code    32  debug_usart.o(i.Debug_USART_Printf)
    Delay_ms                                 0x08000da5   Thumb Code    24  delay.o(i.Delay_ms)
    Delay_us                                 0x08000dbd   Thumb Code    52  delay.o(i.Delay_us)
    GPIO_Init                                0x08000df5   Thumb Code   166  stm32f10x_gpio.o(i.GPIO_Init)
    HardFault_Handler_C                      0x08000ea9   Thumb Code     8  stm32f10x_it.o(i.HardFault_Handler_C)
    Key_Init                                 0x08000ed1   Thumb Code    38  key.o(i.Key_Init)
    MQTT_ClientConfig                        0x08000efd   Thumb Code    40  mqttclient.o(i.MQTT_ClientConfig)
    MQTT_Connect                             0x08000f75   Thumb Code    26  mqttclient.o(i.MQTT_Connect)
    MQTT_ConnectConfig                       0x08000f91   Thumb Code    52  mqttclient.o(i.MQTT_ConnectConfig)
    MQTT_ConnectSever                        0x08000ffd   Thumb Code    56  mqttclient.o(i.MQTT_ConnectSever)
    MQTT_UserConfig                          0x08001069   Thumb Code    60  mqttclient.o(i.MQTT_UserConfig)
    MemManage_Handler                        0x080010ed   Thumb Code     2  stm32f10x_it.o(i.MemManage_Handler)
    NMI_Handler                              0x080010ef   Thumb Code     2  stm32f10x_it.o(i.NMI_Handler)
    NVIC_Init                                0x080010f1   Thumb Code    96  misc.o(i.NVIC_Init)
    NVIC_PriorityGroupConfig                 0x08001155   Thumb Code    10  misc.o(i.NVIC_PriorityGroupConfig)
    PendSV_Handler                           0x08001169   Thumb Code     4  stm32f10x_it.o(i.PendSV_Handler)
    RCC_APB1PeriphClockCmd                   0x0800116d   Thumb Code    22  stm32f10x_rcc.o(i.RCC_APB1PeriphClockCmd)
    RCC_APB2PeriphClockCmd                   0x08001189   Thumb Code    22  stm32f10x_rcc.o(i.RCC_APB2PeriphClockCmd)
    RCC_GetClocksFreq                        0x080011a5   Thumb Code   154  stm32f10x_rcc.o(i.RCC_GetClocksFreq)
    Read_RingBuffer                          0x08001251   Thumb Code    86  ringbuffer.o(i.Read_RingBuffer)
    RingBuffer_Init                          0x080012a7   Thumb Code    34  ringbuffer.o(i.RingBuffer_Init)
    SVC_Handler                              0x080012c9   Thumb Code     4  stm32f10x_it.o(i.SVC_Handler)
    SysTick_Handler                          0x080013cd   Thumb Code     4  stm32f10x_it.o(i.SysTick_Handler)
    SystemInit                               0x080013d1   Thumb Code    64  system_stm32f10x.o(i.SystemInit)
    Task_ATConnect                           0x08001421   Thumb Code    80  main.o(i.Task_ATConnect)
    Task_ATDataRead                          0x080014b1   Thumb Code    40  main.o(i.Task_ATDataRead)
    Task_ATReceive                           0x08001505   Thumb Code    12  main.o(i.Task_ATReceive)
    USART3_IRQHandler                        0x08001521   Thumb Code   138  at_usart.o(i.USART3_IRQHandler)
    USART_Cmd                                0x080015dd   Thumb Code    24  stm32f10x_usart.o(i.USART_Cmd)
    USART_GetFlagStatus                      0x080015f5   Thumb Code    14  stm32f10x_usart.o(i.USART_GetFlagStatus)
    USART_GetITStatus                        0x08001603   Thumb Code    64  stm32f10x_usart.o(i.USART_GetITStatus)
    USART_ITConfig                           0x08001643   Thumb Code    54  stm32f10x_usart.o(i.USART_ITConfig)
    USART_Init                               0x08001679   Thumb Code   182  stm32f10x_usart.o(i.USART_Init)
    USART_Read_Buffer                        0x08001735   Thumb Code    88  at_usart.o(i.USART_Read_Buffer)
    USART_ReceiveData                        0x080017e9   Thumb Code     8  stm32f10x_usart.o(i.USART_ReceiveData)
    USART_SendData                           0x080017f1   Thumb Code     8  stm32f10x_usart.o(i.USART_SendData)
    UsageFault_Handler                       0x080017f9   Thumb Code     2  stm32f10x_it.o(i.UsageFault_Handler)
    WiFi_Config                              0x080017fd   Thumb Code    14  wificonnect.o(i.WiFi_Config)
    WiFi_Connect                             0x08001825   Thumb Code   102  wificonnect.o(i.WiFi_Connect)
    Write_RingBuffer                         0x08001921   Thumb Code    82  ringbuffer.o(i.Write_RingBuffer)
    __0printf                                0x08001975   Thumb Code    22  printfa.o(i.__0printf)
    __1printf                                0x08001975   Thumb Code     0  printfa.o(i.__0printf)
    __2printf                                0x08001975   Thumb Code     0  printfa.o(i.__0printf)
    __c89printf                              0x08001975   Thumb Code     0  printfa.o(i.__0printf)
    printf                                   0x08001975   Thumb Code     0  printfa.o(i.__0printf)
    __0snprintf                              0x08001995   Thumb Code    44  printfa.o(i.__0snprintf)
    __1snprintf                              0x08001995   Thumb Code     0  printfa.o(i.__0snprintf)
    __2snprintf                              0x08001995   Thumb Code     0  printfa.o(i.__0snprintf)
    __c89snprintf                            0x08001995   Thumb Code     0  printfa.o(i.__0snprintf)
    snprintf                                 0x08001995   Thumb Code     0  printfa.o(i.__0snprintf)
    __0vsnprintf                             0x080019c5   Thumb Code    40  printfa.o(i.__0vsnprintf)
    __1vsnprintf                             0x080019c5   Thumb Code     0  printfa.o(i.__0vsnprintf)
    __2vsnprintf                             0x080019c5   Thumb Code     0  printfa.o(i.__0vsnprintf)
    __c89vsnprintf                           0x080019c5   Thumb Code     0  printfa.o(i.__0vsnprintf)
    vsnprintf                                0x080019c5   Thumb Code     0  printfa.o(i.__0vsnprintf)
    __scatterload_copy                       0x080019f1   Thumb Code    14  handlers.o(i.__scatterload_copy)
    __scatterload_null                       0x080019ff   Thumb Code     2  handlers.o(i.__scatterload_null)
    __scatterload_zeroinit                   0x08001a01   Thumb Code    14  handlers.o(i.__scatterload_zeroinit)
    fputc                                    0x080022d9   Thumb Code    14  debug_usart.o(i.fputc)
    is_RingBuffer_Empty                      0x080022e7   Thumb Code    14  ringbuffer.o(i.is_RingBuffer_Empty)
    is_RingBuffer_Full                       0x080022f5   Thumb Code    16  ringbuffer.o(i.is_RingBuffer_Full)
    main                                     0x08002305   Thumb Code    98  main.o(i.main)
    pvPortMalloc                             0x08002855   Thumb Code   154  heap_4.o(i.pvPortMalloc)
    pvTaskIncrementMutexHeldCount            0x080028f5   Thumb Code    20  tasks.o(i.pvTaskIncrementMutexHeldCount)
    pxPortInitialiseStack                    0x0800290d   Thumb Code    24  port.o(i.pxPortInitialiseStack)
    uxListRemove                             0x08002929   Thumb Code    38  list.o(i.uxListRemove)
    uxTaskGetNumberOfTasks                   0x08002951   Thumb Code     6  tasks.o(i.uxTaskGetNumberOfTasks)
    vListInitialise                          0x0800295d   Thumb Code    22  list.o(i.vListInitialise)
    vListInitialiseItem                      0x08002973   Thumb Code     6  list.o(i.vListInitialiseItem)
    vListInsert                              0x08002979   Thumb Code    48  list.o(i.vListInsert)
    vPortEnterCritical                       0x080029a9   Thumb Code    24  port.o(i.vPortEnterCritical)
    vPortExitCritical                        0x080029c5   Thumb Code    18  port.o(i.vPortExitCritical)
    vPortFree                                0x080029dd   Thumb Code    64  heap_4.o(i.vPortFree)
    vPortSetupTimerInterrupt                 0x08002a21   Thumb Code    20  port.o(i.vPortSetupTimerInterrupt)
    vTaskDelay                               0x08002a39   Thumb Code    48  tasks.o(i.vTaskDelay)
    vTaskInternalSetTimeOutState             0x08002a6d   Thumb Code    12  tasks.o(i.vTaskInternalSetTimeOutState)
    vTaskMissedYield                         0x08002a7d   Thumb Code     8  tasks.o(i.vTaskMissedYield)
    vTaskPlaceOnEventList                    0x08002a89   Thumb Code    26  tasks.o(i.vTaskPlaceOnEventList)
    vTaskPriorityDisinheritAfterTimeout      0x08002aa9   Thumb Code   148  tasks.o(i.vTaskPriorityDisinheritAfterTimeout)
    vTaskStartScheduler                      0x08002b45   Thumb Code    64  tasks.o(i.vTaskStartScheduler)
    vTaskSuspendAll                          0x08002b95   Thumb Code    10  tasks.o(i.vTaskSuspendAll)
    vTaskSwitchContext                       0x08002ba5   Thumb Code    64  tasks.o(i.vTaskSwitchContext)
    xPortStartScheduler                      0x08002bed   Thumb Code    38  port.o(i.xPortStartScheduler)
    xPortSysTickHandler                      0x08002c1d   Thumb Code    38  port.o(i.xPortSysTickHandler)
    xQueueCreateMutex                        0x08002c49   Thumb Code    24  queue.o(i.xQueueCreateMutex)
    xQueueGenericCreate                      0x08002c61   Thumb Code    64  queue.o(i.xQueueGenericCreate)
    xQueueGenericReset                       0x08002ca1   Thumb Code   142  queue.o(i.xQueueGenericReset)
    xQueueGenericSend                        0x08002d35   Thumb Code   244  queue.o(i.xQueueGenericSend)
    xQueueGiveFromISR                        0x08002e2d   Thumb Code   102  queue.o(i.xQueueGiveFromISR)
    xQueueSemaphoreTake                      0x08002e95   Thumb Code   286  queue.o(i.xQueueSemaphoreTake)
    xTaskCheckForTimeOut                     0x08002fb9   Thumb Code    84  tasks.o(i.xTaskCheckForTimeOut)
    xTaskCreate                              0x08003011   Thumb Code   104  tasks.o(i.xTaskCreate)
    xTaskIncrementTick                       0x08003079   Thumb Code   274  tasks.o(i.xTaskIncrementTick)
    xTaskPriorityDisinherit                  0x08003195   Thumb Code   132  tasks.o(i.xTaskPriorityDisinherit)
    xTaskPriorityInherit                     0x08003221   Thumb Code   172  tasks.o(i.xTaskPriorityInherit)
    xTaskRemoveFromEventList                 0x080032d5   Thumb Code   190  tasks.o(i.xTaskRemoveFromEventList)
    xTaskResumeAll                           0x080033a1   Thumb Code   262  tasks.o(i.xTaskResumeAll)
    Region$$Table$$Base                      0x08003554   Number         0  anon$$obj.o(Region$$Table)
    Region$$Table$$Limit                     0x08003574   Number         0  anon$$obj.o(Region$$Table)
    pxCurrentTCB                             0x20000048   Data           4  tasks.o(.data)
    uxTopUsedPriority                        0x20000078   Data           4  tasks.o(.data)
    Task_ATSend_Handle                       0x20000094   Data           4  main.o(.data)
    Task_ATReceive_Handle                    0x20000098   Data           4  main.o(.data)
    Task_ATDataRead_Handle                   0x2000009c   Data           4  main.o(.data)
    __stdout                                 0x200000a0   Data           4  stdout.o(.data)
    __initial_sp                             0x20002fb0   Data           0  startup_stm32f10x_md.o(STACK)



==============================================================================

Memory Map of the image

  Image Entry point : 0x080000ed

  Load Region LR_IROM1 (Base: 0x08000000, Size: 0x00003618, Max: 0x00010000, ABSOLUTE)

    Execution Region ER_IROM1 (Exec base: 0x08000000, Load base: 0x08000000, Size: 0x00003574, Max: 0x00010000, ABSOLUTE)

    Exec Addr    Load Addr    Size         Type   Attr      Idx    E Section Name        Object

    0x08000000   0x08000000   0x000000ec   Data   RO            3    RESET               startup_stm32f10x_md.o
    0x080000ec   0x080000ec   0x00000000   Code   RO         4714  * .ARM.Collect$$$$00000000  mc_w.l(entry.o)
    0x080000ec   0x080000ec   0x00000004   Code   RO         5037    .ARM.Collect$$$$00000001  mc_w.l(entry2.o)
    0x080000f0   0x080000f0   0x00000004   Code   RO         5040    .ARM.Collect$$$$00000004  mc_w.l(entry5.o)
    0x080000f4   0x080000f4   0x00000000   Code   RO         5042    .ARM.Collect$$$$00000008  mc_w.l(entry7b.o)
    0x080000f4   0x080000f4   0x00000000   Code   RO         5044    .ARM.Collect$$$$0000000A  mc_w.l(entry8b.o)
    0x080000f4   0x080000f4   0x00000008   Code   RO         5045    .ARM.Collect$$$$0000000B  mc_w.l(entry9a.o)
    0x080000fc   0x080000fc   0x00000000   Code   RO         5047    .ARM.Collect$$$$0000000D  mc_w.l(entry10a.o)
    0x080000fc   0x080000fc   0x00000000   Code   RO         5049    .ARM.Collect$$$$0000000F  mc_w.l(entry11a.o)
    0x080000fc   0x080000fc   0x00000004   Code   RO         5038    .ARM.Collect$$$$00002712  mc_w.l(entry2.o)
    0x08000100   0x08000100   0x00000096   Code   RO         3767    .emb_text           port.o
    0x08000196   0x08000196   0x00000002   PAD
    0x08000198   0x08000198   0x00000012   Code   RO         4639    .emb_text           stm32f10x_it.o
    0x080001aa   0x080001aa   0x00000002   PAD
    0x080001ac   0x080001ac   0x00000024   Code   RO            4    .text               startup_stm32f10x_md.o
    0x080001d0   0x080001d0   0x00000024   Code   RO         4717    .text               mc_w.l(memcpya.o)
    0x080001f4   0x080001f4   0x00000024   Code   RO         4719    .text               mc_w.l(memseta.o)
    0x08000218   0x08000218   0x00000024   Code   RO         4721    .text               mc_w.l(strstr.o)
    0x0800023c   0x0800023c   0x0000014e   Code   RO         4990    .text               mf_w.l(dadd.o)
    0x0800038a   0x0800038a   0x000000e4   Code   RO         4992    .text               mf_w.l(dmul.o)
    0x0800046e   0x0800046e   0x000000de   Code   RO         4994    .text               mf_w.l(ddiv.o)
    0x0800054c   0x0800054c   0x00000030   Code   RO         5008    .text               mf_w.l(cdrcmple.o)
    0x0800057c   0x0800057c   0x0000002c   Code   RO         5052    .text               mc_w.l(uidiv.o)
    0x080005a8   0x080005a8   0x00000062   Code   RO         5054    .text               mc_w.l(uldiv.o)
    0x0800060a   0x0800060a   0x0000001e   Code   RO         5056    .text               mc_w.l(llshl.o)
    0x08000628   0x08000628   0x00000020   Code   RO         5058    .text               mc_w.l(llushr.o)
    0x08000648   0x08000648   0x00000024   Code   RO         5060    .text               mc_w.l(llsshr.o)
    0x0800066c   0x0800066c   0x00000000   Code   RO         5069    .text               mc_w.l(iusefp.o)
    0x0800066c   0x0800066c   0x000000ba   Code   RO         5072    .text               mf_w.l(depilogue.o)
    0x08000726   0x08000726   0x00000030   Code   RO         5074    .text               mf_w.l(dfixul.o)
    0x08000756   0x08000756   0x00000002   PAD
    0x08000758   0x08000758   0x00000024   Code   RO         5080    .text               mc_w.l(init.o)
    0x0800077c   0x0800077c   0x0000003c   Code   RO         4406    i.AT_Init           atcommand.o
    0x080007b8   0x080007b8   0x000001ac   Code   RO         4407    i.AT_ParseResponse  atcommand.o
    0x08000964   0x08000964   0x0000007c   Code   RO         4408    i.AT_Read_DataPacketBuffer  atcommand.o
    0x080009e0   0x080009e0   0x000000bc   Code   RO         4409    i.AT_ReceiveResponse  atcommand.o
    0x08000a9c   0x08000a9c   0x00000018   Code   RO         4410    i.AT_Reset          atcommand.o
    0x08000ab4   0x08000ab4   0x000000f4   Code   RO         4411    i.AT_Send           atcommand.o
    0x08000ba8   0x08000ba8   0x00000004   Code   RO         4412    i.AT_SendCommand    atcommand.o
    0x08000bac   0x08000bac   0x000000e0   Code   RO         3549    i.AT_USART_Init     at_usart.o
    0x08000c8c   0x08000c8c   0x00000020   Code   RO         3550    i.AT_USART_SendByte  at_usart.o
    0x08000cac   0x08000cac   0x00000018   Code   RO         3551    i.AT_USART_SendString  at_usart.o
    0x08000cc4   0x08000cc4   0x00000002   Code   RO         4640    i.BusFault_Handler  stm32f10x_it.o
    0x08000cc6   0x08000cc6   0x00000002   Code   RO         4641    i.DebugMon_Handler  stm32f10x_it.o
    0x08000cc8   0x08000cc8   0x00000084   Code   RO         3618    i.Debug_USART_Init  debug_usart.o
    0x08000d4c   0x08000d4c   0x00000020   Code   RO         3619    i.Debug_USART_Printf  debug_usart.o
    0x08000d6c   0x08000d6c   0x00000020   Code   RO         3620    i.Debug_USART_SendByte  debug_usart.o
    0x08000d8c   0x08000d8c   0x00000018   Code   RO         3621    i.Debug_USART_SendString  debug_usart.o
    0x08000da4   0x08000da4   0x00000018   Code   RO         3463    i.Delay_ms          delay.o
    0x08000dbc   0x08000dbc   0x00000038   Code   RO         3465    i.Delay_us          delay.o
    0x08000df4   0x08000df4   0x000000a6   Code   RO         1347    i.GPIO_Init         stm32f10x_gpio.o
    0x08000e9a   0x08000e9a   0x00000002   PAD
    0x08000e9c   0x08000e9c   0x0000000c   Code   RO         4414    i.Get_AT_Status     atcommand.o
    0x08000ea8   0x08000ea8   0x00000028   Code   RO         4642    i.HardFault_Handler_C  stm32f10x_it.o
    0x08000ed0   0x08000ed0   0x0000002c   Code   RO         3522    i.Key_Init          key.o
    0x08000efc   0x08000efc   0x00000078   Code   RO         4532    i.MQTT_ClientConfig  mqttclient.o
    0x08000f74   0x08000f74   0x0000001a   Code   RO         4533    i.MQTT_Connect      mqttclient.o
    0x08000f8e   0x08000f8e   0x00000002   PAD
    0x08000f90   0x08000f90   0x0000006c   Code   RO         4534    i.MQTT_ConnectConfig  mqttclient.o
    0x08000ffc   0x08000ffc   0x0000006c   Code   RO         4535    i.MQTT_ConnectSever  mqttclient.o
    0x08001068   0x08001068   0x00000084   Code   RO         4536    i.MQTT_UserConfig   mqttclient.o
    0x080010ec   0x080010ec   0x00000002   Code   RO         4643    i.MemManage_Handler  stm32f10x_it.o
    0x080010ee   0x080010ee   0x00000002   Code   RO         4644    i.NMI_Handler       stm32f10x_it.o
    0x080010f0   0x080010f0   0x00000064   Code   RO          137    i.NVIC_Init         misc.o
    0x08001154   0x08001154   0x00000014   Code   RO          138    i.NVIC_PriorityGroupConfig  misc.o
    0x08001168   0x08001168   0x00000004   Code   RO         4645    i.PendSV_Handler    stm32f10x_it.o
    0x0800116c   0x0800116c   0x0000001c   Code   RO         1775    i.RCC_APB1PeriphClockCmd  stm32f10x_rcc.o
    0x08001188   0x08001188   0x0000001c   Code   RO         1777    i.RCC_APB2PeriphClockCmd  stm32f10x_rcc.o
    0x080011a4   0x080011a4   0x000000ac   Code   RO         1785    i.RCC_GetClocksFreq  stm32f10x_rcc.o
    0x08001250   0x08001250   0x00000056   Code   RO         4489    i.Read_RingBuffer   ringbuffer.o
    0x080012a6   0x080012a6   0x00000022   Code   RO         4490    i.RingBuffer_Init   ringbuffer.o
    0x080012c8   0x080012c8   0x00000004   Code   RO         4646    i.SVC_Handler       stm32f10x_it.o
    0x080012cc   0x080012cc   0x00000040   Code   RO         4415    i.SaveDataToBuffer  atcommand.o
    0x0800130c   0x0800130c   0x00000004   Code   RO           24    i.SetSysClock       system_stm32f10x.o
    0x08001310   0x08001310   0x000000b0   Code   RO           25    i.SetSysClockTo72   system_stm32f10x.o
    0x080013c0   0x080013c0   0x0000000c   Code   RO         4416    i.Set_AT_Status     atcommand.o
    0x080013cc   0x080013cc   0x00000004   Code   RO         4647    i.SysTick_Handler   stm32f10x_it.o
    0x080013d0   0x080013d0   0x00000050   Code   RO           27    i.SystemInit        system_stm32f10x.o
    0x08001420   0x08001420   0x00000090   Code   RO         4596    i.Task_ATConnect    main.o
    0x080014b0   0x080014b0   0x00000054   Code   RO         4597    i.Task_ATDataRead   main.o
    0x08001504   0x08001504   0x0000001c   Code   RO         4598    i.Task_ATReceive    main.o
    0x08001520   0x08001520   0x000000bc   Code   RO         3552    i.USART3_IRQHandler  at_usart.o
    0x080015dc   0x080015dc   0x00000018   Code   RO         2960    i.USART_Cmd         stm32f10x_usart.o
    0x080015f4   0x080015f4   0x0000000e   Code   RO         2963    i.USART_GetFlagStatus  stm32f10x_usart.o
    0x08001602   0x08001602   0x00000040   Code   RO         2964    i.USART_GetITStatus  stm32f10x_usart.o
    0x08001642   0x08001642   0x00000036   Code   RO         2966    i.USART_ITConfig    stm32f10x_usart.o
    0x08001678   0x08001678   0x000000bc   Code   RO         2967    i.USART_Init        stm32f10x_usart.o
    0x08001734   0x08001734   0x000000b4   Code   RO         3553    i.USART_Read_Buffer  at_usart.o
    0x080017e8   0x080017e8   0x00000008   Code   RO         2974    i.USART_ReceiveData  stm32f10x_usart.o
    0x080017f0   0x080017f0   0x00000008   Code   RO         2977    i.USART_SendData    stm32f10x_usart.o
    0x080017f8   0x080017f8   0x00000002   Code   RO         4648    i.UsageFault_Handler  stm32f10x_it.o
    0x080017fa   0x080017fa   0x00000002   PAD
    0x080017fc   0x080017fc   0x00000028   Code   RO         4575    i.WiFi_Config       wificonnect.o
    0x08001824   0x08001824   0x000000fc   Code   RO         4576    i.WiFi_Connect      wificonnect.o
    0x08001920   0x08001920   0x00000052   Code   RO         4491    i.Write_RingBuffer  ringbuffer.o
    0x08001972   0x08001972   0x00000002   PAD
    0x08001974   0x08001974   0x00000020   Code   RO         4960    i.__0printf         mc_w.l(printfa.o)
    0x08001994   0x08001994   0x00000030   Code   RO         4961    i.__0snprintf       mc_w.l(printfa.o)
    0x080019c4   0x080019c4   0x0000002c   Code   RO         4965    i.__0vsnprintf      mc_w.l(printfa.o)
    0x080019f0   0x080019f0   0x0000000e   Code   RO         5086    i.__scatterload_copy  mc_w.l(handlers.o)
    0x080019fe   0x080019fe   0x00000002   Code   RO         5087    i.__scatterload_null  mc_w.l(handlers.o)
    0x08001a00   0x08001a00   0x0000000e   Code   RO         5088    i.__scatterload_zeroinit  mc_w.l(handlers.o)
    0x08001a0e   0x08001a0e   0x00000002   PAD
    0x08001a10   0x08001a10   0x00000184   Code   RO         4967    i._fp_digits        mc_w.l(printfa.o)
    0x08001b94   0x08001b94   0x000006dc   Code   RO         4968    i._printf_core      mc_w.l(printfa.o)
    0x08002270   0x08002270   0x00000024   Code   RO         4969    i._printf_post_padding  mc_w.l(printfa.o)
    0x08002294   0x08002294   0x0000002e   Code   RO         4970    i._printf_pre_padding  mc_w.l(printfa.o)
    0x080022c2   0x080022c2   0x00000016   Code   RO         4971    i._snputc           mc_w.l(printfa.o)
    0x080022d8   0x080022d8   0x0000000e   Code   RO         3622    i.fputc             debug_usart.o
    0x080022e6   0x080022e6   0x0000000e   Code   RO         4492    i.is_RingBuffer_Empty  ringbuffer.o
    0x080022f4   0x080022f4   0x00000010   Code   RO         4493    i.is_RingBuffer_Full  ringbuffer.o
    0x08002304   0x08002304   0x000000b8   Code   RO         4600    i.main              main.o
    0x080023bc   0x080023bc   0x0000008c   Code   RO         4014    i.prvAddCurrentTaskToDelayedList  tasks.o
    0x08002448   0x08002448   0x000000a8   Code   RO         4015    i.prvAddNewTaskToReadyList  tasks.o
    0x080024f0   0x080024f0   0x0000003c   Code   RO         4016    i.prvCheckTasksWaitingTermination  tasks.o
    0x0800252c   0x0800252c   0x0000006e   Code   RO         3839    i.prvCopyDataToQueue  queue.o
    0x0800259a   0x0800259a   0x00000014   Code   RO         4017    i.prvDeleteTCB      tasks.o
    0x080025ae   0x080025ae   0x00000014   Code   RO         3840    i.prvGetDisinheritPriorityAfterTimeout  queue.o
    0x080025c2   0x080025c2   0x00000002   PAD
    0x080025c4   0x080025c4   0x00000048   Code   RO         3655    i.prvHeapInit       heap_4.o
    0x0800260c   0x0800260c   0x00000028   Code   RO         4018    i.prvIdleTask       tasks.o
    0x08002634   0x08002634   0x00000018   Code   RO         3841    i.prvInitialiseMutex  queue.o
    0x0800264c   0x0800264c   0x00000018   Code   RO         3842    i.prvInitialiseNewQueue  queue.o
    0x08002664   0x08002664   0x00000070   Code   RO         4019    i.prvInitialiseNewTask  tasks.o
    0x080026d4   0x080026d4   0x00000058   Code   RO         4020    i.prvInitialiseTaskLists  tasks.o
    0x0800272c   0x0800272c   0x00000054   Code   RO         3656    i.prvInsertBlockIntoFreeList  heap_4.o
    0x08002780   0x08002780   0x0000001a   Code   RO         3843    i.prvIsQueueEmpty   queue.o
    0x0800279a   0x0800279a   0x0000001e   Code   RO         3844    i.prvIsQueueFull    queue.o
    0x080027b8   0x080027b8   0x00000020   Code   RO         4021    i.prvResetNextTaskUnblockTime  tasks.o
    0x080027d8   0x080027d8   0x00000010   Code   RO         3768    i.prvTaskExitError  port.o
    0x080027e8   0x080027e8   0x0000006a   Code   RO         3845    i.prvUnlockQueue    queue.o
    0x08002852   0x08002852   0x00000002   PAD
    0x08002854   0x08002854   0x000000a0   Code   RO         3658    i.pvPortMalloc      heap_4.o
    0x080028f4   0x080028f4   0x00000018   Code   RO         4023    i.pvTaskIncrementMutexHeldCount  tasks.o
    0x0800290c   0x0800290c   0x0000001c   Code   RO         3769    i.pxPortInitialiseStack  port.o
    0x08002928   0x08002928   0x00000026   Code   RO         3731    i.uxListRemove      list.o
    0x0800294e   0x0800294e   0x00000002   PAD
    0x08002950   0x08002950   0x0000000c   Code   RO         4026    i.uxTaskGetNumberOfTasks  tasks.o
    0x0800295c   0x0800295c   0x00000016   Code   RO         3732    i.vListInitialise   list.o
    0x08002972   0x08002972   0x00000006   Code   RO         3733    i.vListInitialiseItem  list.o
    0x08002978   0x08002978   0x00000030   Code   RO         3734    i.vListInsert       list.o
    0x080029a8   0x080029a8   0x0000001c   Code   RO         3771    i.vPortEnterCritical  port.o
    0x080029c4   0x080029c4   0x00000018   Code   RO         3772    i.vPortExitCritical  port.o
    0x080029dc   0x080029dc   0x00000044   Code   RO         3659    i.vPortFree         heap_4.o
    0x08002a20   0x08002a20   0x00000018   Code   RO         3773    i.vPortSetupTimerInterrupt  port.o
    0x08002a38   0x08002a38   0x00000034   Code   RO         4030    i.vTaskDelay        tasks.o
    0x08002a6c   0x08002a6c   0x00000010   Code   RO         4034    i.vTaskInternalSetTimeOutState  tasks.o
    0x08002a7c   0x08002a7c   0x0000000c   Code   RO         4035    i.vTaskMissedYield  tasks.o
    0x08002a88   0x08002a88   0x00000020   Code   RO         4036    i.vTaskPlaceOnEventList  tasks.o
    0x08002aa8   0x08002aa8   0x0000009c   Code   RO         4038    i.vTaskPriorityDisinheritAfterTimeout  tasks.o
    0x08002b44   0x08002b44   0x00000050   Code   RO         4043    i.vTaskStartScheduler  tasks.o
    0x08002b94   0x08002b94   0x00000010   Code   RO         4045    i.vTaskSuspendAll   tasks.o
    0x08002ba4   0x08002ba4   0x00000048   Code   RO         4046    i.vTaskSwitchContext  tasks.o
    0x08002bec   0x08002bec   0x00000030   Code   RO         3774    i.xPortStartScheduler  port.o
    0x08002c1c   0x08002c1c   0x0000002c   Code   RO         3775    i.xPortSysTickHandler  port.o
    0x08002c48   0x08002c48   0x00000018   Code   RO         3850    i.xQueueCreateMutex  queue.o
    0x08002c60   0x08002c60   0x00000040   Code   RO         3851    i.xQueueGenericCreate  queue.o
    0x08002ca0   0x08002ca0   0x00000094   Code   RO         3852    i.xQueueGenericReset  queue.o
    0x08002d34   0x08002d34   0x000000f8   Code   RO         3853    i.xQueueGenericSend  queue.o
    0x08002e2c   0x08002e2c   0x00000066   Code   RO         3855    i.xQueueGiveFromISR  queue.o
    0x08002e92   0x08002e92   0x00000002   PAD
    0x08002e94   0x08002e94   0x00000124   Code   RO         3863    i.xQueueSemaphoreTake  queue.o
    0x08002fb8   0x08002fb8   0x00000058   Code   RO         4048    i.xTaskCheckForTimeOut  tasks.o
    0x08003010   0x08003010   0x00000068   Code   RO         4049    i.xTaskCreate       tasks.o
    0x08003078   0x08003078   0x0000011c   Code   RO         4058    i.xTaskIncrementTick  tasks.o
    0x08003194   0x08003194   0x0000008c   Code   RO         4059    i.xTaskPriorityDisinherit  tasks.o
    0x08003220   0x08003220   0x000000b4   Code   RO         4060    i.xTaskPriorityInherit  tasks.o
    0x080032d4   0x080032d4   0x000000cc   Code   RO         4061    i.xTaskRemoveFromEventList  tasks.o
    0x080033a0   0x080033a0   0x00000118   Code   RO         4062    i.xTaskResumeAll    tasks.o
    0x080034b8   0x080034b8   0x00000099   Data   RO         4537    .conststring        mqttclient.o
    0x08003551   0x08003551   0x00000003   PAD
    0x08003554   0x08003554   0x00000020   Data   RO         5084    Region$$Table       anon$$obj.o


    Execution Region RW_IRAM1 (Exec base: 0x20000000, Load base: 0x08003574, Size: 0x00002fb0, Max: 0x00005000, ABSOLUTE)

    Exec Addr    Load Addr    Size         Type   Attr      Idx    E Section Name        Object

    0x20000000   0x08003574   0x00000014   Data   RW         1805    .data               stm32f10x_rcc.o
    0x20000014   0x08003588   0x00000004   Data   RW         3467    .data               delay.o
    0x20000018   0x0800358c   0x00000010   Data   RW         3555    .data               at_usart.o
    0x20000028   0x0800359c   0x0000001c   Data   RW         3665    .data               heap_4.o
    0x20000044   0x080035b8   0x00000004   Data   RW         3776    .data               port.o
    0x20000048   0x080035bc   0x00000040   Data   RW         4065    .data               tasks.o
    0x20000088   0x080035fc   0x0000000c   Data   RW         4418    .data               atcommand.o
    0x20000094   0x08003608   0x0000000c   Data   RW         4602    .data               main.o
    0x200000a0   0x08003614   0x00000004   Data   RW         5051    .data               mc_w.l(stdout.o)
    0x200000a4        -       0x00000014   Zero   RW         3554    .bss                at_usart.o
    0x200000b8        -       0x00002800   Zero   RW         3664    .bss                heap_4.o
    0x200028b8        -       0x000002e4   Zero   RW         4064    .bss                tasks.o
    0x20002b9c        -       0x00000014   Zero   RW         4417    .bss                atcommand.o
    0x20002bb0        -       0x00000400   Zero   RW            1    STACK               startup_stm32f10x_md.o


==============================================================================

Image component sizes


      Code (inc. data)   RO Data    RW Data    ZI Data      Debug   Object Name

       648        166          0         16         20       9290   at_usart.o
      1160        556          0         12         20       6705   atcommand.o
         0          0          0          0          0       4524   core_cm3.o
       234         14          0          0          0       2828   debug_usart.o
        80          4          0          4          0       5942   delay.o
       384         26          0         28      10240       7211   heap_4.o
        44          6          0          0          0       9707   key.o
       114          0          0          0          0       2625   list.o
       440        210          0         12          0       3758   main.o
       120         14          0          0          0     204911   misc.o
       494        260        153          0          0       4478   mqttclient.o
         0          0          0          0          0       1824   oled.o
       362         46          0          4          0       8656   port.o
      1218         16          0          0          0      26217   queue.o
       232          0          0          0          0       4498   ringbuffer.o
        36          8        236          0       1024        808   startup_stm32f10x_md.o
         0          0          0          0          0       1676   stm32f10x_adc.o
       166          0          0          0          0      10332   stm32f10x_gpio.o
        80         32          0          0          0       4832   stm32f10x_it.o
       228         30          0         20          0      13274   stm32f10x_rcc.o
       360          6          0          0          0      12389   stm32f10x_usart.o
       260         26          0          0          0      25005   system_stm32f10x.o
      2412        186          0         64        740      32491   tasks.o
       292        176          0          0          0       2001   wificonnect.o

    ----------------------------------------------------------------------
      9384       1782        424        160      12044     405982   Object Totals
         0          0         32          0          0          0   (incl. Generated)
        20          0          3          0          0          0   (incl. Padding)

    ----------------------------------------------------------------------

      Code (inc. data)   RO Data    RW Data    ZI Data      Debug   Library Member Name

         0          0          0          0          0          0   entry.o
         0          0          0          0          0          0   entry10a.o
         0          0          0          0          0          0   entry11a.o
         8          4          0          0          0          0   entry2.o
         4          0          0          0          0          0   entry5.o
         0          0          0          0          0          0   entry7b.o
         0          0          0          0          0          0   entry8b.o
         8          4          0          0          0          0   entry9a.o
        30          0          0          0          0          0   handlers.o
        36          8          0          0          0         68   init.o
         0          0          0          0          0          0   iusefp.o
        30          0          0          0          0         68   llshl.o
        36          0          0          0          0         68   llsshr.o
        32          0          0          0          0         68   llushr.o
        36          0          0          0          0         68   memcpya.o
        36          0          0          0          0        108   memseta.o
      2372         98          0          0          0        684   printfa.o
         0          0          0          4          0          0   stdout.o
        36          0          0          0          0         80   strstr.o
        44          0          0          0          0         80   uidiv.o
        98          0          0          0          0         92   uldiv.o
        48          0          0          0          0         68   cdrcmple.o
       334          0          0          0          0        148   dadd.o
       222          0          0          0          0        100   ddiv.o
       186          0          0          0          0        176   depilogue.o
        48          0          0          0          0         68   dfixul.o
       228          0          0          0          0         96   dmul.o

    ----------------------------------------------------------------------
      3876        114          0          4          0       2040   Library Totals
         4          0          0          0          0          0   (incl. Padding)

    ----------------------------------------------------------------------

      Code (inc. data)   RO Data    RW Data    ZI Data      Debug   Library Name

      2806        114          0          4          0       1384   mc_w.l
      1066          0          0          0          0        656   mf_w.l

    ----------------------------------------------------------------------
      3876        114          0          4          0       2040   Library Totals

    ----------------------------------------------------------------------

==============================================================================


      Code (inc. data)   RO Data    RW Data    ZI Data      Debug   

     13260       1896        424        164      12044     401102   Grand Totals
     13260       1896        424        164      12044     401102   ELF Image Totals
     13260       1896        424        164          0          0   ROM Totals

==============================================================================

    Total RO  Size (Code + RO Data)                13684 (  13.36kB)
    Total RW  Size (RW Data + ZI Data)             12208 (  11.92kB)
    Total ROM Size (Code + RO Data + RW Data)      13848 (  13.52kB)

==============================================================================

